<html>
<body>
<pre>
<h1>µVision Build Log</h1>
<h2>Tool Versions:</h2>
IDE-Version: ¦ÌVision V5.23.0.0
Copyright (C) 2017 ARM Ltd and ARM Germany GmbH. All rights reserved.
License Information: LILY IT OS DOA Infineon Technologies Flex license: MDK-ARM Plus: 75 user(s) (mdk_std) Support: Dec 2017
 
Tool Versions:
Toolchain:       MDK-ARM Plus: 75 user(s)  Version: 5.23
Toolchain Path:  C:\Keil_v5\ARM\ARMCC\Bin
C Compiler:      Armcc.exe V5.06 update 4 (build 422)
Assembler:       Armasm.exe V5.06 update 4 (build 422)
Linker/Locator:  ArmLink.exe V5.06 update 4 (build 422)
Library Manager: ArmAr.exe V5.06 update 4 (build 422)
Hex Converter:   FromElf.exe V5.06 update 4 (build 422)
CPU DLL:         SARMCM3.DLL V5.23
Dialog DLL:      DCM.DLL V1.15.0.0
Target DLL:      UL2CM3.DLL V1.159.7.0
Dialog DLL:      TCM.DLL V1.27.0.0
 
<h2>Project:</h2>
C:\xulily\tools\XMC\Boards\Infineon\XMC4700 Relax Kit\OPTIGA Trust\OPTIGA Trust.uvprojx
Project File Date:  09/11/2017

<h2>Output:</h2>
*** Using Compiler 'V5.06 update 4 (build 422)', folder: 'C:\Keil_v5\ARM\ARMCC\Bin'
Build target 'Target 1'
compiling test_case.c...
compiling main.c...
main.c(48): warning:  #111-D: statement is unreachable
  	return 0;
main.c: 1 warning, 0 errors
compiling SLS10ERE_auth.c...
compiling SLS10ERE_crypto.c...
compiling SLS10ERE_nvm.c...
compiling SLS10ERE_math.c...
compiling SLS10ERE_SWI_BIF.c...
compiling SWI_hal.c...
SLS10ERE1\SWI_hal.c(228): warning:  #69-D: integer conversion resulted in truncation
  	SWI_BIFDelay(
WI_BIF_SLAVE_POWER_DOWN_LOW);
SLS10ERE1\SWI_hal.c(273): warning:  #69-D: integer conversion resulted in truncation
  	SWI_BIFDelay(
WI_BIF_SLAVE_POWER_UP_DELAY);
SLS10ERE1\SWI_hal.c: 2 warnings, 0 errors
compiling board.c...
compiling xmc4_gpio.c...
compiling xmc4_scu.c...
compiling xmc_ccu4.c...
assembling startup_XMC4700.s...
compiling xmc_common.c...
compiling xmc_gpio.c...
compiling system_XMC4700.c...
linking...
Program Size: Code=15816 RO-data=1792 RW-data=116 ZI-data=4256  
".\Objects\Blinky.axf" - 0 Error(s), 3 Warning(s).

<h2>Software Packages used:</h2>

Package Vendor: ARM
                http://www.keil.com/pack/ARM.CMSIS.5.0.1.pack
                ARM::CMSIS:CORE:5.0.1
                CMSIS (Cortex Microcontroller Software Interface Standard)
   * Component: CORE Version: 5.0.1

Package Vendor: Infineon
                http://dave.infineon.com/Libraries/CMSIS_PACK/Infineon.XMC4000_DFP.2.7.1.pack
                Infineon::Device:Startup:2.0.0
                Infineon XMC4000 Series Device Support, Drivers and Examples
      Note: The new PACK download address is http://dave.infineon.com/Libraries/CMSIS_PACK/
   * Component: Startup Version: 2.0.0
   * Component: CCU4 Version: 2.1.8
   * Component: GPIO Version: 2.1.8
   * Component: SCU Version: 2.1.8

<h2>Collection of Component include folders:</h2>
  .\RTE\_Target_1
  C:\Keil_v5\ARM\PACK\ARM\CMSIS\5.0.1\CMSIS\Include
  C:\Keil_v5\ARM\PACK\Infineon\XMC4000_DFP\2.7.1\Device\XMC4700_series\Include
  C:\Keil_v5\ARM\PACK\Infineon\XMC4000_DFP\2.7.1\Device\XMClib\inc

<h2>Collection of Component Files used:</h2>

   * Component: ARM::CMSIS:CORE:5.0.1

   * Component: Infineon::Device:Startup:2.0.0
      Include file:  Device\XMC4700_series\Include\XMC4700.h
      Source file:   Device\XMC4700_series\Source\system_XMC4700.c
      Source file:   Device\XMC4700_series\Source\ARM\startup_XMC4700.s

   * Component: Infineon::Device:XMClib:CCU4:2.1.8
      Source file:   Device\XMClib\src\xmc_common.c
      Source file:   Device\XMClib\src\xmc_ccu4.c

   * Component: Infineon::Device:XMClib:GPIO:2.1.8
      Source file:   Device\XMClib\src\xmc_common.c
      Source file:   Device\XMClib\src\xmc_gpio.c
      Source file:   Device\XMClib\src\xmc4_gpio.c

   * Component: Infineon::Device:XMClib:SCU:2.1.8
      Source file:   Device\XMClib\src\xmc_common.c
      Source file:   Device\XMClib\src\xmc4_scu.c
Build Time Elapsed:  00:00:23
</pre>
</body>
</html>
