Component: ARM Compiler 5.06 update 4 (build 422) Tool: armlink [4d35d2]

==============================================================================

Section Cross References

    main.o(i.main) refers to test_case.o(i.Sls10ere_Test_Init) for Sls10ere_Test_Init
    main.o(i.main) refers to test_case.o(i.Sls10ere_Run_Test) for Sls10ere_Run_Test
    test_case.o(i.Sls10ere_ECC_Test) refers to swi_hal.o(i.SWI_BIFTrans_SDA) for SWI_BIFTrans_SDA
    test_case.o(i.Sls10ere_ECC_Test) refers to sls10ere_auth.o(i.Sls10ere_ECC) for Sls10ere_ECC
    test_case.o(i.Sls10ere_ECC_Test) refers to test_case.o(.bss) for stDetectedPuid
    test_case.o(i.Sls10ere_ECC_Test) refers to test_case.o(.data) for devCnt
    test_case.o(i.Sls10ere_NVM_Test) refers to sls10ere_nvm.o(i.Sls10ere_nvm_read_data) for Sls10ere_nvm_read_data
    test_case.o(i.Sls10ere_NVM_Test) refers to sls10ere_nvm.o(i.Sls10ere_nvm_write_data) for Sls10ere_nvm_write_data
    test_case.o(i.Sls10ere_NVM_Test) refers to test_case.o(.bss) for NVM_Read_Buffer
    test_case.o(i.Sls10ere_Run_Test) refers to test_case.o(i.Sls10ere_ECC_Test) for Sls10ere_ECC_Test
    test_case.o(i.Sls10ere_Run_Test) refers to board.o(i.test_output) for test_output
    test_case.o(i.Sls10ere_Run_Test) refers to board.o(i.test_fail) for test_fail
    test_case.o(i.Sls10ere_Run_Test) refers to test_case.o(i.Sls10ere_NVM_Test) for Sls10ere_NVM_Test
    test_case.o(i.Sls10ere_Run_Test) refers to board.o(i.test_pass) for test_pass
    test_case.o(i.Sls10ere_Run_Test) refers to test_case.o(.bss) for str
    test_case.o(i.Sls10ere_Test_Init) refers to board.o(i.board_init) for board_init
    test_case.o(i.Sls10ere_Test_Init) refers to board.o(i.timing_init) for timing_init
    test_case.o(i.Sls10ere_Test_Init) refers to swi_hal.o(i.SWI_BIFTrans_HardRST) for SWI_BIFTrans_HardRST
    test_case.o(i.Sls10ere_Test_Init) refers to swi_hal.o(i.SWI_BIFTrans_WakeUpFromPWDN) for SWI_BIFTrans_WakeUpFromPWDN
    test_case.o(i.Sls10ere_Test_Init) refers to board.o(i.udelay) for udelay
    test_case.o(i.Sls10ere_Test_Init) refers to sls10ere_swi_bif.o(i.Sls10ere_SWI_BIF_search_ids) for Sls10ere_SWI_BIF_search_ids
    test_case.o(i.Sls10ere_Test_Init) refers to board.o(i.test_fail) for test_fail
    test_case.o(i.Sls10ere_Test_Init) refers to test_case.o(.data) for devCnt
    test_case.o(i.Sls10ere_Test_Init) refers to test_case.o(.bss) for stDetectedPuid
    board.o(i.board_init) refers to swi_hal.o(i.SWI_BIFHALSetTauSWI_BIF) for SWI_BIFHALSetTauSWI_BIF
    board.o(i.board_init) refers to board.o(.data) for g_ubDevType
    board.o(i.get_pin) refers to board.o(i.XMC_GPIO_GetInput) for XMC_GPIO_GetInput
    board.o(i.get_pin) refers to board.o(.data) for g_ubDevType
    board.o(i.set_pin) refers to board.o(i.XMC_GPIO_SetOutputHigh) for XMC_GPIO_SetOutputHigh
    board.o(i.set_pin) refers to board.o(i.XMC_GPIO_SetOutputLow) for XMC_GPIO_SetOutputLow
    board.o(i.set_pin) refers to board.o(.data) for g_ubDevType
    board.o(i.set_pin_dir) refers to xmc_gpio.o(i.XMC_GPIO_SetMode) for XMC_GPIO_SetMode
    board.o(i.test_fail) refers to xmc_gpio.o(i.XMC_GPIO_SetMode) for XMC_GPIO_SetMode
    board.o(i.test_fail) refers to board.o(i.XMC_GPIO_SetOutputHigh) for XMC_GPIO_SetOutputHigh
    board.o(i.test_fail) refers to board.o(i.SWI_BIFDelay) for SWI_BIFDelay
    board.o(i.test_fail) refers to board.o(i.XMC_GPIO_SetOutputLow) for XMC_GPIO_SetOutputLow
    board.o(i.test_output) refers to board.o(i.SWI_BIFDelay) for SWI_BIFDelay
    board.o(i.test_pass) refers to xmc_gpio.o(i.XMC_GPIO_SetMode) for XMC_GPIO_SetMode
    board.o(i.test_pass) refers to board.o(i.XMC_GPIO_SetOutputHigh) for XMC_GPIO_SetOutputHigh
    board.o(i.test_pass) refers to board.o(i.SWI_BIFDelay) for SWI_BIFDelay
    board.o(i.timing_init) refers to board.o(.data) for g_ulBaudLow
    sls10ere_auth.o(i.Sls10ere_ECC) refers to sls10ere_crypto.o(i.Sls10ere_RegisterCrypto) for Sls10ere_RegisterCrypto
    sls10ere_auth.o(i.Sls10ere_ECC) refers to sls10ere_auth.o(i.Sls10ere_read_ODC) for Sls10ere_read_ODC
    sls10ere_auth.o(i.Sls10ere_ECC) refers to sls10ere_auth.o(i.Sls10ere_write_challenge_read_response) for Sls10ere_write_challenge_read_response
    sls10ere_auth.o(i.Sls10ere_read_ODC) refers to swi_hal.o(i.SWI_BIFTransReadMultUint8) for SWI_BIFTransReadMultUint8
    sls10ere_auth.o(i.Sls10ere_read_response) refers to swi_hal.o(i.SWI_BIFTransReadMultUint8) for SWI_BIFTransReadMultUint8
    sls10ere_auth.o(i.Sls10ere_write_challenge) refers to swi_hal.o(i.SWI_BIFTransWriteMultUint8) for SWI_BIFTransWriteMultUint8
    sls10ere_auth.o(i.Sls10ere_write_challenge_read_response) refers to sls10ere_auth.o(i.Sls10ere_write_challenge) for Sls10ere_write_challenge
    sls10ere_auth.o(i.Sls10ere_write_challenge_read_response) refers to swi_hal.o(i.SWI_BIFTransReadUint8) for SWI_BIFTransReadUint8
    sls10ere_auth.o(i.Sls10ere_write_challenge_read_response) refers to swi_hal.o(i.SWI_BIFTransWriteUint8) for SWI_BIFTransWriteUint8
[...]
    C:\\Keil_v5\\ARM\\PACK\\Infineon\\XMC4000_DFP\\2.7.1\\Device\\XMClib\\src\\xmc_common.c 0x00000000   Number         0  xmc_common.o ABSOLUTE
    C:\\Keil_v5\\ARM\\PACK\\Infineon\\XMC4000_DFP\\2.7.1\\Device\\XMClib\\src\\xmc_gpio.c 0x00000000   Number         0  xmc_gpio.o ABSOLUTE
    RTE\Device\XMC4700-E196x1536\system_XMC4700.c 0x00000000   Number         0  system_xmc4700.o ABSOLUTE
    RTE\\Device\\XMC4700-E196x1536\\startup_XMC4700.s 0x00000000   Number         0  startup_xmc4700.o ABSOLUTE
    RTE\\Device\\XMC4700-E196x1536\\system_XMC4700.c 0x00000000   Number         0  system_xmc4700.o ABSOLUTE
    SLS10ERE1\SLS10ERE_SWI_BIF.c             0x00000000   Number         0  sls10ere_swi_bif.o ABSOLUTE
    SLS10ERE1\SLS10ERE_auth.c                0x00000000   Number         0  sls10ere_auth.o ABSOLUTE
    SLS10ERE1\SLS10ERE_crypto.c              0x00000000   Number         0  sls10ere_crypto.o ABSOLUTE
    SLS10ERE1\SLS10ERE_math.c                0x00000000   Number         0  sls10ere_math.o ABSOLUTE
    SLS10ERE1\SLS10ERE_nvm.c                 0x00000000   Number         0  sls10ere_nvm.o ABSOLUTE
    SLS10ERE1\SWI_hal.c                      0x00000000   Number         0  swi_hal.o ABSOLUTE
    board.c                                  0x00000000   Number         0  board.o ABSOLUTE
    board.c                                  0x00000000   Number         0  board.o ABSOLUTE
    dc.s                                     0x00000000   Number         0  dc.o ABSOLUTE
    main.c                                   0x00000000   Number         0  main.o ABSOLUTE
    main.c                                   0x00000000   Number         0  main.o ABSOLUTE
    test_case.c                              0x00000000   Number         0  test_case.o ABSOLUTE
    RESET                                    0x08000000   Section      512  startup_xmc4700.o(RESET)
    !!!main                                  0x08000200   Section        8  __main.o(!!!main)
    !!!scatter                               0x08000208   Section       52  __scatter.o(!!!scatter)
    !!handler_copy                           0x0800023c   Section       26  __scatter_copy.o(!!handler_copy)
    !!handler_zi                             0x08000258   Section       28  __scatter_zi.o(!!handler_zi)
    .ARM.Collect$$libinit$$00000000          0x08000274   Section        2  libinit.o(.ARM.Collect$$libinit$$00000000)
    .ARM.Collect$$libinit$$00000001          0x08000276   Section        4  libinit2.o(.ARM.Collect$$libinit$$00000001)
    .ARM.Collect$$libinit$$00000004          0x0800027a   Section        0  libinit2.o(.ARM.Collect$$libinit$$00000004)
    .ARM.Collect$$libinit$$0000000A          0x0800027a   Section        0  libinit2.o(.ARM.Collect$$libinit$$0000000A)
    .ARM.Collect$$libinit$$0000000C          0x0800027a   Section        0  libinit2.o(.ARM.Collect$$libinit$$0000000C)
    .ARM.Collect$$libinit$$0000000D          0x0800027a   Section        4  libinit2.o(.ARM.Collect$$libinit$$0000000D)
    .ARM.Collect$$libinit$$0000000E          0x0800027e   Section        0  libinit2.o(.ARM.Collect$$libinit$$0000000E)
    .ARM.Collect$$libinit$$00000011          0x0800027e   Section        0  libinit2.o(.ARM.Collect$$libinit$$00000011)
    .ARM.Collect$$libinit$$00000013          0x0800027e   Section        0  libinit2.o(.ARM.Collect$$libinit$$00000013)
    .ARM.Collect$$libinit$$00000015          0x0800027e   Section        0  libinit2.o(.ARM.Collect$$libinit$$00000015)
    .ARM.Collect$$libinit$$00000017          0x0800027e   Section        0  libinit2.o(.ARM.Collect$$libinit$$00000017)
    .ARM.Collect$$libinit$$00000019          0x0800027e   Section        0  libinit2.o(.ARM.Collect$$libinit$$00000019)
    .ARM.Collect$$libinit$$0000001B          0x0800027e   Section        0  libinit2.o(.ARM.Collect$$libinit$$0000001B)
    .ARM.Collect$$libinit$$0000001D          0x0800027e   Section        0  libinit2.o(.ARM.Collect$$libinit$$0000001D)
    .ARM.Collect$$libinit$$0000001F          0x0800027e   Section        0  libinit2.o(.ARM.Collect$$libinit$$0000001F)
    .ARM.Collect$$libinit$$00000021          0x0800027e   Section        0  libinit2.o(.ARM.Collect$$libinit$$00000021)
    .ARM.Collect$$libinit$$00000023          0x0800027e   Section        0  libinit2.o(.ARM.Collect$$libinit$$00000023)
    .ARM.Collect$$libinit$$00000025          0x0800027e   Section        0  libinit2.o(.ARM.Collect$$libinit$$00000025)
    .ARM.Collect$$libinit$$0000002C          0x0800027e   Section        0  libinit2.o(.ARM.Collect$$libinit$$0000002C)
    .ARM.Collect$$libinit$$0000002E          0x0800027e   Section        0  libinit2.o(.ARM.Collect$$libinit$$0000002E)
    .ARM.Collect$$libinit$$00000030          0x0800027e   Section        0  libinit2.o(.ARM.Collect$$libinit$$00000030)
    .ARM.Collect$$libinit$$00000032          0x0800027e   Section        0  libinit2.o(.ARM.Collect$$libinit$$00000032)
    .ARM.Collect$$libinit$$00000033          0x0800027e   Section        2  libinit2.o(.ARM.Collect$$libinit$$00000033)
    .ARM.Collect$$libshutdown$$00000000      0x08000280   Section        2  libshutdown.o(.ARM.Collect$$libshutdown$$00000000)
    .ARM.Collect$$libshutdown$$00000002      0x08000282   Section        0  libshutdown2.o(.ARM.Collect$$libshutdown$$00000002)
    .ARM.Collect$$libshutdown$$00000004      0x08000282   Section        0  libshutdown2.o(.ARM.Collect$$libshutdown$$00000004)
    .ARM.Collect$$libshutdown$$00000007      0x08000282   Section        0  libshutdown2.o(.ARM.Collect$$libshutdown$$00000007)
    .ARM.Collect$$libshutdown$$0000000A      0x08000282   Section        0  libshutdown2.o(.ARM.Collect$$libshutdown$$0000000A)
    .ARM.Collect$$libshutdown$$0000000C      0x08000282   Section        0  libshutdown2.o(.ARM.Collect$$libshutdown$$0000000C)
    .ARM.Collect$$libshutdown$$0000000F      0x08000282   Section        0  libshutdown2.o(.ARM.Collect$$libshutdown$$0000000F)
    .ARM.Collect$$libshutdown$$00000010      0x08000282   Section        2  libshutdown2.o(.ARM.Collect$$libshutdown$$00000010)
    .ARM.Collect$$rtentry$$00000000          0x08000284   Section        0  __rtentry.o(.ARM.Collect$$rtentry$$00000000)
    .ARM.Collect$$rtentry$$00000002          0x08000284   Section        0  __rtentry2.o(.ARM.Collect$$rtentry$$00000002)
    .ARM.Collect$$rtentry$$00000004          0x08000284   Section        6  __rtentry4.o(.ARM.Collect$$rtentry$$00000004)
    .ARM.Collect$$rtentry$$00000009          0x0800028a   Section        0  __rtentry2.o(.ARM.Collect$$rtentry$$00000009)
    .ARM.Collect$$rtentry$$0000000A          0x0800028a   Section        4  __rtentry2.o(.ARM.Collect$$rtentry$$0000000A)
    .ARM.Collect$$rtentry$$0000000C          0x0800028e   Section        0  __rtentry2.o(.ARM.Collect$$rtentry$$0000000C)
    .ARM.Collect$$rtentry$$0000000D          0x0800028e   Section        8  __rtentry2.o(.ARM.Collect$$rtentry$$0000000D)
    .ARM.Collect$$rtexit$$00000000           0x08000296   Section        2  rtexit.o(.ARM.Collect$$rtexit$$00000000)
    .ARM.Collect$$rtexit$$00000002           0x08000298   Section        0  rtexit2.o(.ARM.Collect$$rtexit$$00000002)
    .ARM.Collect$$rtexit$$00000003           0x08000298   Section        4  rtexit2.o(.ARM.Collect$$rtexit$$00000003)
    .ARM.Collect$$rtexit$$00000004           0x0800029c   Section        6  rtexit2.o(.ARM.Collect$$rtexit$$00000004)
    .emb_text                                0x080002a4   Section       52  rand.o(.emb_text)
    .text                                    0x080002d8   Section       56  startup_xmc4700.o(.text)
    $v0                                      0x080002d8   Number         0  startup_xmc4700.o(.text)
    .text                                    0x08000310   Section        0  rand.o(.text)
    .text                                    0x0800034c   Section      138  rt_memcpy_v6.o(.text)
    .text                                    0x080003d6   Section       16  aeabi_memset.o(.text)
    .text                                    0x080003e6   Section        0  heapauxi.o(.text)
    .text                                    0x080003ec   Section      100  rt_memcpy_w.o(.text)
    .text                                    0x08000450   Section       68  rt_memclr.o(.text)
    .text                                    0x08000494   Section       78  rt_memclr_w.o(.text)
    .text                                    0x080004e2   Section       74  sys_stackheap_outer.o(.text)
    .text                                    0x0800052c   Section        0  exit.o(.text)
    .text                                    0x08000540   Section        8  libspace.o(.text)
    .text                                    0x08000548   Section        2  use_no_semi.o(.text)
    .text                                    0x0800054a   Section        0  indicate_semi.o(.text)
    .text                                    0x0800054c   Section        0  sys_exit.o(.text)
    i.ECDSA_verify                           0x08000558   Section        0  sls10ere_math.o(i.ECDSA_verify)
    i.OSCHP_GetFrequency                     0x080006d0   Section        0  system_xmc4700.o(i.OSCHP_GetFrequency)
    i.SWI_BIFDelay                           0x080006d8   Section        0  board.o(i.SWI_BIFDelay)
    i.SWI_BIFHALSetTauSWI_BIF                0x080006e4   Section        0  swi_hal.o(i.SWI_BIFHALSetTauSWI_BIF)
    i.SWI_BIFTransCheckBitInversion          0x08000710   Section        0  swi_hal.o(i.SWI_BIFTransCheckBitInversion)
    SWI_BIFTransCheckBitInversion            0x08000711   Thumb Code   140  swi_hal.o(i.SWI_BIFTransCheckBitInversion)
    i.SWI_BIFTransCheckParityBit             0x0800079c   Section        0  swi_hal.o(i.SWI_BIFTransCheckParityBit)
    SWI_BIFTransCheckParityBit               0x0800079d   Thumb Code   346  swi_hal.o(i.SWI_BIFTransCheckParityBit)
    i.SWI_BIFTransProcessReceivedWord        0x080008f6   Section        0  swi_hal.o(i.SWI_BIFTransProcessReceivedWord)
    SWI_BIFTransProcessReceivedWord          0x080008f7   Thumb Code    72  swi_hal.o(i.SWI_BIFTransProcessReceivedWord)
    i.SWI_BIFTransReadMultUint8              0x0800093e   Section        0  swi_hal.o(i.SWI_BIFTransReadMultUint8)
    i.SWI_BIFTransReadUint16                 0x080009d0   Section        0  swi_hal.o(i.SWI_BIFTransReadUint16)
    i.SWI_BIFTransReadUint8                  0x08000a38   Section        0  swi_hal.o(i.SWI_BIFTransReadUint8)
    i.SWI_BIFTransReceiveWord                0x08000a74   Section        0  swi_hal.o(i.SWI_BIFTransReceiveWord)
    SWI_BIFTransReceiveWord                  0x08000a75   Thumb Code   546  swi_hal.o(i.SWI_BIFTransReceiveWord)
    i.SWI_BIFTransSendWord                   0x08000c9c   Section        0  swi_hal.o(i.SWI_BIFTransSendWord)
    SWI_BIFTransSendWord                     0x08000c9d   Thumb Code   630  swi_hal.o(i.SWI_BIFTransSendWord)
    i.SWI_BIFTransSetParityBits              0x08000f20   Section        0  swi_hal.o(i.SWI_BIFTransSetParityBits)
    SWI_BIFTransSetParityBits                0x08000f21   Thumb Code   370  swi_hal.o(i.SWI_BIFTransSetParityBits)
    i.SWI_BIFTransTreatInvertFlag            0x08001092   Section        0  swi_hal.o(i.SWI_BIFTransTreatInvertFlag)
    SWI_BIFTransTreatInvertFlag              0x08001093   Thumb Code    64  swi_hal.o(i.SWI_BIFTransTreatInvertFlag)
    i.SWI_BIFTransWriteMultUint8             0x080010d2   Section        0  swi_hal.o(i.SWI_BIFTransWriteMultUint8)
    i.SWI_BIFTransWriteUint16                0x0800110a   Section        0  swi_hal.o(i.SWI_BIFTransWriteUint16)
    i.SWI_BIFTransWriteUint8                 0x08001136   Section        0  swi_hal.o(i.SWI_BIFTransWriteUint8)
    i.SWI_BIFTrans_Abort_EINT                0x0800115c   Section        0  swi_hal.o(i.SWI_BIFTrans_Abort_EINT)
    i.SWI_BIFTrans_DIE0                      0x08001188   Section        0  swi_hal.o(i.SWI_BIFTrans_DIE0)
    i.SWI_BIFTrans_DIE1                      0x08001198   Section        0  swi_hal.o(i.SWI_BIFTrans_DIE1)
    i.SWI_BIFTrans_DIP0                      0x080011a8   Section        0  swi_hal.o(i.SWI_BIFTrans_DIP0)
    i.SWI_BIFTrans_DIP1                      0x0800121c   Section        0  swi_hal.o(i.SWI_BIFTrans_DIP1)
    i.SWI_BIFTrans_DISS                      0x08001290   Section        0  swi_hal.o(i.SWI_BIFTrans_DISS)
    i.SWI_BIFTrans_EINT                      0x080012a0   Section        0  swi_hal.o(i.SWI_BIFTrans_EINT)
    i.SWI_BIFTrans_HardRST                   0x08001300   Section        0  swi_hal.o(i.SWI_BIFTrans_HardRST)
    i.SWI_BIFTrans_SDA                       0x0800131c   Section        0  swi_hal.o(i.SWI_BIFTrans_SDA)
    i.SWI_BIFTrans_WD                        0x0800132e   Section        0  swi_hal.o(i.SWI_BIFTrans_WD)
    i.SWI_BIFTrans_WakeUpFromPWDN            0x08001340   Section        0  swi_hal.o(i.SWI_BIFTrans_WakeUpFromPWDN)
    i.Sls10ere_ECC                           0x08001362   Section        0  sls10ere_auth.o(i.Sls10ere_ECC)
    i.Sls10ere_ECC_Test                      0x08001418   Section        0  test_case.o(i.Sls10ere_ECC_Test)
    i.Sls10ere_NVM_Test                      0x08001460   Section        0  test_case.o(i.Sls10ere_NVM_Test)
    i.Sls10ere_RegisterCrypto                0x080014bc   Section        0  sls10ere_crypto.o(i.Sls10ere_RegisterCrypto)
    i.Sls10ere_Run_Test                      0x080015b4   Section        0  test_case.o(i.Sls10ere_Run_Test)
    i.Sls10ere_SWI_BIF_search_ids            0x080015fc   Section        0  sls10ere_swi_bif.o(i.Sls10ere_SWI_BIF_search_ids)
    i.Sls10ere_Test_Init                     0x0800184c   Section        0  test_case.o(i.Sls10ere_Test_Init)
    i.Sls10ere_authenticate                  0x08001890   Section        0  sls10ere_crypto.o(i.Sls10ere_authenticate)
    Sls10ere_authenticate                    0x08001891   Thumb Code   172  sls10ere_crypto.o(i.Sls10ere_authenticate)
    i.Sls10ere_generate_challenge            0x08001964   Section        0  sls10ere_crypto.o(i.Sls10ere_generate_challenge)
    Sls10ere_generate_challenge              0x08001965   Thumb Code    38  sls10ere_crypto.o(i.Sls10ere_generate_challenge)
    i.Sls10ere_generate_checkvalue           0x08001998   Section        0  sls10ere_crypto.o(i.Sls10ere_generate_checkvalue)
    Sls10ere_generate_checkvalue             0x08001999   Thumb Code    34  sls10ere_crypto.o(i.Sls10ere_generate_checkvalue)
    i.Sls10ere_initialize_crypto             0x080019cc   Section        0  sls10ere_crypto.o(i.Sls10ere_initialize_crypto)
    Sls10ere_initialize_crypto               0x080019cd   Thumb Code    58  sls10ere_crypto.o(i.Sls10ere_initialize_crypto)
    i.Sls10ere_mac_verify                    0x08001a14   Section        0  sls10ere_crypto.o(i.Sls10ere_mac_verify)
    Sls10ere_mac_verify                      0x08001a15   Thumb Code   108  sls10ere_crypto.o(i.Sls10ere_mac_verify)
    i.Sls10ere_memcpy                        0x08001a94   Section        0  sls10ere_crypto.o(i.Sls10ere_memcpy)
    Sls10ere_memcpy                          0x08001a95   Thumb Code    20  sls10ere_crypto.o(i.Sls10ere_memcpy)
    i.Sls10ere_memset                        0x08001aa8   Section        0  sls10ere_crypto.o(i.Sls10ere_memset)
    Sls10ere_memset                          0x08001aa9   Thumb Code    20  sls10ere_crypto.o(i.Sls10ere_memset)
    i.Sls10ere_nvm_read_data                 0x08001abc   Section        0  sls10ere_nvm.o(i.Sls10ere_nvm_read_data)
    i.Sls10ere_nvm_wait_wr_done              0x08001b24   Section        0  sls10ere_nvm.o(i.Sls10ere_nvm_wait_wr_done)
    i.Sls10ere_nvm_write_data                0x08001b98   Section        0  sls10ere_nvm.o(i.Sls10ere_nvm_write_data)
    i.Sls10ere_rand                          0x08001e04   Section        0  sls10ere_crypto.o(i.Sls10ere_rand)
    Sls10ere_rand                            0x08001e05   Thumb Code    42  sls10ere_crypto.o(i.Sls10ere_rand)
    i.Sls10ere_read_ODC                      0x08001e2e   Section        0  sls10ere_auth.o(i.Sls10ere_read_ODC)
    i.Sls10ere_read_response                 0x08001e6e   Section        0  sls10ere_auth.o(i.Sls10ere_read_response)
    i.Sls10ere_unregister                    0x08001eda   Section        0  sls10ere_crypto.o(i.Sls10ere_unregister)
    Sls10ere_unregister                      0x08001edb   Thumb Code     2  sls10ere_crypto.o(i.Sls10ere_unregister)
    i.Sls10ere_write_challenge               0x08001edc   Section        0  sls10ere_auth.o(i.Sls10ere_write_challenge)
    i.Sls10ere_write_challenge_read_response 0x08001f34   Section        0  sls10ere_auth.o(i.Sls10ere_write_challenge_read_response)
    i.SystemCoreClockSetup                   0x08002054   Section        0  system_xmc4700.o(i.SystemCoreClockSetup)
    i.SystemCoreClockUpdate                  0x0800226c   Section        0  system_xmc4700.o(i.SystemCoreClockUpdate)
    i.SystemCoreSetup                        0x08002310   Section        0  system_xmc4700.o(i.SystemCoreSetup)
    i.SystemInit                             0x08002368   Section        0  system_xmc4700.o(i.SystemInit)
    i.XMC_GPIO_GetInput                      0x08002384   Section        0  board.o(i.XMC_GPIO_GetInput)
    XMC_GPIO_GetInput                        0x08002385   Thumb Code    12  board.o(i.XMC_GPIO_GetInput)
    i.XMC_GPIO_SetMode                       0x08002390   Section        0  xmc_gpio.o(i.XMC_GPIO_SetMode)
    i.XMC_GPIO_SetOutputHigh                 0x080023d0   Section        0  board.o(i.XMC_GPIO_SetOutputHigh)
    XMC_GPIO_SetOutputHigh                   0x080023d1   Thumb Code     8  board.o(i.XMC_GPIO_SetOutputHigh)
    i.XMC_GPIO_SetOutputLow                  0x080023d8   Section        0  board.o(i.XMC_GPIO_SetOutputLow)
    XMC_GPIO_SetOutputLow                    0x080023d9   Thumb Code    10  board.o(i.XMC_GPIO_SetOutputLow)
    i.b_UidSearch_GetDIE0Info                0x080023e2   Section        0  sls10ere_swi_bif.o(i.b_UidSearch_GetDIE0Info)
    i.b_UidSearch_GetDIE1Info                0x080023f2   Section        0  sls10ere_swi_bif.o(i.b_UidSearch_GetDIE1Info)
    i.b_UidSearch_GetDipDoneBit              0x08002402   Section        0  sls10ere_swi_bif.o(i.b_UidSearch_GetDipDoneBit)
    i.b_UidSearch_SetDIE0Info                0x08002412   Section        0  sls10ere_swi_bif.o(i.b_UidSearch_SetDIE0Info)
    i.b_UidSearch_SetDIE1Info                0x08002428   Section        0  sls10ere_swi_bif.o(i.b_UidSearch_SetDIE1Info)
    i.b_UidSearch_SetDipDoneBit              0x08002432   Section        0  sls10ere_swi_bif.o(i.b_UidSearch_SetDipDoneBit)
    i.b_pop                                  0x08002448   Section        0  sls10ere_swi_bif.o(i.b_pop)
    i.b_push                                 0x08002474   Section        0  sls10ere_swi_bif.o(i.b_push)
    i.board_init                             0x080024a0   Section        0  board.o(i.board_init)
    i.delay                                  0x080024b8   Section        0  system_xmc4700.o(i.delay)
    delay                                    0x080024b9   Thumb Code    24  system_xmc4700.o(i.delay)
    i.dwordvec_163_copy                      0x080024d0   Section        0  sls10ere_math.o(i.dwordvec_163_copy)
    i.dwordvec_193_copy                      0x080024ea   Section        0  sls10ere_math.o(i.dwordvec_193_copy)
    i.dwordvec_add                           0x08002508   Section        0  sls10ere_math.o(i.dwordvec_add)
    i.dwordvec_cmp                           0x08002574   Section        0  sls10ere_math.o(i.dwordvec_cmp)
    i.dwordvec_iszero                        0x080025c8   Section        0  sls10ere_math.o(i.dwordvec_iszero)
    i.dwordvec_l_shift_163                   0x08002604   Section        0  sls10ere_math.o(i.dwordvec_l_shift_163)
    i.dwordvec_l_shift_193                   0x08002648   Section        0  sls10ere_math.o(i.dwordvec_l_shift_193)
    i.dwordvec_sub                           0x08002698   Section        0  sls10ere_math.o(i.dwordvec_sub)
    i.dwordvec_swap                          0x08002714   Section        0  sls10ere_math.o(i.dwordvec_swap)
    i.ecc_add_point_x                        0x08002768   Section        0  sls10ere_math.o(i.ecc_add_point_x)
    i.ecc_init                               0x080028f8   Section        0  sls10ere_math.o(i.ecc_init)
    i.ecc_mul_projective                     0x08002944   Section        0  sls10ere_math.o(i.ecc_mul_projective)
    i.ecc_point_on_curve                     0x08002a98   Section        0  sls10ere_math.o(i.ecc_point_on_curve)
    i.generate_challenge                     0x08002b20   Section        0  sls10ere_math.o(i.generate_challenge)
    i.generate_checkvalue                    0x08002b54   Section        0  sls10ere_math.o(i.generate_checkvalue)
    i.get_pin                                0x08002b84   Section        0  board.o(i.get_pin)
    i.gf2_163_add                            0x08002bbc   Section        0  sls10ere_math.o(i.gf2_163_add)
    i.gf2_163_mul                            0x08002bf0   Section        0  sls10ere_math.o(i.gf2_163_mul)
    i.gf2_163_reduction                      0x08002c9e   Section        0  sls10ere_math.o(i.gf2_163_reduction)
    i.gf2_163_square                         0x08002d18   Section        0  sls10ere_math.o(i.gf2_163_square)
    i.gf2_163_sum                            0x08002e24   Section        0  sls10ere_math.o(i.gf2_163_sum)
    i.gf2_193_add                            0x08002e56   Section        0  sls10ere_math.o(i.gf2_193_add)
    i.gf2_193_mul                            0x08002e92   Section        0  sls10ere_math.o(i.gf2_193_mul)
    i.gf2_193_reduction                      0x08002f40   Section        0  sls10ere_math.o(i.gf2_193_reduction)
    i.gf2_193_square                         0x08002fa4   Section        0  sls10ere_math.o(i.gf2_193_square)
    i.gf2_193_sum                            0x080030dc   Section        0  sls10ere_math.o(i.gf2_193_sum)
    i.gf2n_divide                            0x08003118   Section        0  sls10ere_math.o(i.gf2n_divide)
    i.gf2n_init                              0x080031bc   Section        0  sls10ere_math.o(i.gf2n_init)
    i.gfp_divide                             0x08003280   Section        0  sls10ere_math.o(i.gfp_divide)
    i.mac_algorithm_80                       0x08003320   Section        0  sls10ere_math.o(i.mac_algorithm_80)
    i.main                                   0x0800359c   Section        0  main.o(i.main)
    i.mont_ecc_add                           0x080035b8   Section        0  sls10ere_math.o(i.mont_ecc_add)
    i.mont_ecc_double                        0x08003630   Section        0  sls10ere_math.o(i.mont_ecc_double)
    i.mont_ecc_mul                           0x08003694   Section        0  sls10ere_math.o(i.mont_ecc_mul)
    i.precompute                             0x08003820   Section        0  sls10ere_math.o(i.precompute)
    i.r_shift                                0x08003940   Section        0  sls10ere_math.o(i.r_shift)
    i.remove_2_power                         0x080039b8   Section        0  sls10ere_math.o(i.remove_2_power)
    i.remove_x_power                         0x080039f0   Section        0  sls10ere_math.o(i.remove_x_power)
    i.set_pin                                0x08003a2c   Section        0  board.o(i.set_pin)
    i.set_pin_dir                            0x08003a64   Section        0  board.o(i.set_pin_dir)
    i.sha256                                 0x08003aa0   Section        0  sls10ere_math.o(i.sha256)
    i.sha256_compress                        0x08003ac8   Section        0  sls10ere_math.o(i.sha256_compress)
    i.sha256_final                           0x08003d10   Section        0  sls10ere_math.o(i.sha256_final)
    i.sha256_init                            0x08003da0   Section        0  sls10ere_math.o(i.sha256_init)
    i.sha256_update                          0x08003de8   Section        0  sls10ere_math.o(i.sha256_update)
    i.test_fail                              0x08003e20   Section        0  board.o(i.test_fail)
    i.test_output                            0x08003e6c   Section        0  board.o(i.test_output)
    i.test_pass                              0x08003e80   Section        0  board.o(i.test_pass)
    i.timing_init                            0x08003ea4   Section        0  board.o(i.timing_init)
    i.ub_SizeOfStack                         0x08003f28   Section        0  sls10ere_swi_bif.o(i.ub_SizeOfStack)
    i.udelay                                 0x08003f34   Section        0  board.o(i.udelay)
    i.verify_mac                             0x08003f48   Section        0  sls10ere_math.o(i.verify_mac)
    x$fpl$fpinit                             0x08003fbc   Section       10  fpinit.o(x$fpl$fpinit)
    $v0                                      0x08003fbc   Number         0  fpinit.o(x$fpl$fpinit)
    .constdata                               0x08003fc8   Section      372  sls10ere_crypto.o(.constdata)
    .constdata                               0x0800413c   Section      876  sls10ere_math.o(.constdata)
    irred_polynomial_163                     0x0800413c   Data          24  sls10ere_math.o(.constdata)
    irred_polynomial_193                     0x08004154   Data          28  sls10ere_math.o(.constdata)
    K                                        0x08004170   Data         256  sls10ere_math.o(.constdata)
    square_tab                               0x08004270   Data         512  sls10ere_math.o(.constdata)
    one_element                              0x08004470   Data          28  sls10ere_math.o(.constdata)
    zero_element                             0x0800448c   Data          28  sls10ere_math.o(.constdata)
    .data                                    0x20000000   Section        1  test_case.o(.data)
    .data                                    0x20000004   Section       45  board.o(.data)
    .data                                    0x20000034   Section       12  sls10ere_crypto.o(.data)
    sls10ereECCCurve                         0x20000034   Data           4  sls10ere_crypto.o(.data)
    sls10ereODCCurve                         0x20000038   Data           4  sls10ere_crypto.o(.data)
    sls10ereSignaturePubKey                  0x2000003c   Data           4  sls10ere_crypto.o(.data)
    .data                                    0x20000040   Section       44  sls10ere_math.o(.data)
    actual_dwordvec_l_shift                  0x20000054   Data           4  sls10ere_math.o(.data)
    .data                                    0x2000006c   Section        1  sls10ere_swi_bif.o(.data)
    .data                                    0x2000006e   Section        6  swi_hal.o(.data)
    tauHigh                                  0x2000006e   Data           2  swi_hal.o(.data)
    tauLow                                   0x20000070   Data           2  swi_hal.o(.data)
    tauStop                                  0x20000072   Data           2  swi_hal.o(.data)
    .bss                                     0x20000074   Section      904  test_case.o(.bss)
    NVM_Write_Buffer                         0x200000bc   Data         416  test_case.o(.bss)
    NVM_Read_Buffer                          0x2000025c   Data         416  test_case.o(.bss)
    .bss                                     0x200003fc   Section      308  sls10ere_crypto.o(.bss)
    sls10ere_ecc_auth                        0x200003fc   Data          24  sls10ere_crypto.o(.bss)
    sls10ereUid                              0x20000414   Data          10  sls10ere_crypto.o(.bss)
    sls10ereChallenge                        0x20000420   Data          28  sls10ere_crypto.o(.bss)
    sls10ereCheckvalue                       0x2000043c   Data          28  sls10ere_crypto.o(.bss)
    sls10ereZResponse                        0x20000458   Data          28  sls10ere_crypto.o(.bss)
    sls10ereMacResponse                      0x20000474   Data          12  sls10ere_crypto.o(.bss)
    sls10ereMacSource                        0x20000480   Data          12  sls10ere_crypto.o(.bss)
    sls10ereOdc                              0x2000048c   Data          78  sls10ere_crypto.o(.bss)
    sls10erePublicKey                        0x200004dc   Data          28  sls10ere_crypto.o(.bss)
    sls10erePublicKey163                     0x200004f8   Data          28  sls10ere_crypto.o(.bss)
    lambda                                   0x20000514   Data          28  sls10ere_crypto.o(.bss)
    .bss                                     0x20000530   Section       56  sls10ere_math.o(.bss)
    .bss                                     0x20000568   Section       80  sls10ere_swi_bif.o(.bss)
    .bss                                     0x200005b8   Section      228  rand.o(.bss)
    .bss                                     0x2000069c   Section       96  libspace.o(.bss)
    HEAP                                     0x20000700   Section      512  startup_xmc4700.o(HEAP)
    Heap_Mem                                 0x20000700   Data         512  startup_xmc4700.o(HEAP)
    STACK                                    0x20000900   Section     2048  startup_xmc4700.o(STACK)
    Stack_Mem                                0x20000900   Data        2048  startup_xmc4700.o(STACK)
    __initial_sp                             0x20001100   Data           0  startup_xmc4700.o(STACK)
    .ARM.__AT_0x2002CFC0                     0x2002cfc0   Section        4  system_xmc4700.o(.ARM.__AT_0x2002CFC0)
    .ARM.__AT_0x2002CFC4                     0x2002cfc4   Section       16  system_xmc4700.o(.ARM.__AT_0x2002CFC4)

    Global Symbols

    Symbol Name                              Value     Ov Type        Size  Object(Section)

    BuildAttributes$$THM_ISAv4$E$P$D$K$B$S$7EM$VFPi3$EXTD16$VFPS$VFMA$PE$A:L22UL41UL21$X:L11$S22US41US21$IEEE1$IW$USESV6$~STKCKD$USESV7$~SHL$OSPACE$ROPI$EBA8$UX$STANDARDLIB$REQ8$PRES8$EABIv2 0x00000000   Number         0  anon$$obj.o ABSOLUTE
    __ARM_use_no_argv                        0x00000000   Number         0  main.o ABSOLUTE
    __ARM_exceptions_init                     - Undefined Weak Reference
    __alloca_initialize                       - Undefined Weak Reference
    __arm_preinit_                            - Undefined Weak Reference
    __cpp_initialize__aeabi_                  - Undefined Weak Reference
    __cxa_finalize                            - Undefined Weak Reference
    __rt_locale                               - Undefined Weak Reference
    __sigvec_lookup                           - Undefined Weak Reference
    _atexit_init                              - Undefined Weak Reference
    _call_atexit_fns                          - Undefined Weak Reference
    _clock_init                               - Undefined Weak Reference
    _fp_trap_init                             - Undefined Weak Reference
    _fp_trap_shutdown                         - Undefined Weak Reference
    _get_lc_collate                           - Undefined Weak Reference
    _get_lc_ctype                             - Undefined Weak Reference
    _get_lc_monetary                          - Undefined Weak Reference
    _get_lc_numeric                           - Undefined Weak Reference
    _get_lc_time                              - Undefined Weak Reference
    _getenv_init                              - Undefined Weak Reference
    _handle_redirection                       - Undefined Weak Reference
    _init_alloc                               - Undefined Weak Reference
    _init_user_alloc                          - Undefined Weak Reference
    _initio                                   - Undefined Weak Reference
    _signal_finish                            - Undefined Weak Reference
    _signal_init                              - Undefined Weak Reference
    _terminate_alloc                          - Undefined Weak Reference
    _terminate_user_alloc                     - Undefined Weak Reference
    _terminateio                              - Undefined Weak Reference
    __Vectors_Size                           0x00000200   Number         0  startup_xmc4700.o ABSOLUTE
    __Vectors                                0x08000000   Data           4  startup_xmc4700.o(RESET)
    __Vectors_End                            0x08000200   Data           0  startup_xmc4700.o(RESET)
    __main                                   0x08000201   Thumb Code     8  __main.o(!!!main)
    __scatterload                            0x08000209   Thumb Code     0  __scatter.o(!!!scatter)
    __scatterload_rt2                        0x08000209   Thumb Code    44  __scatter.o(!!!scatter)
    __scatterload_rt2_thumb_only             0x08000209   Thumb Code     0  __scatter.o(!!!scatter)
    __scatterload_null                       0x08000217   Thumb Code     0  __scatter.o(!!!scatter)
    __scatterload_copy                       0x0800023d   Thumb Code    26  __scatter_copy.o(!!handler_copy)
    __scatterload_zeroinit                   0x08000259   Thumb Code    28  __scatter_zi.o(!!handler_zi)
    __rt_lib_init                            0x08000275   Thumb Code     0  libinit.o(.ARM.Collect$$libinit$$00000000)
    __rt_lib_init_fp_1                       0x08000277   Thumb Code     0  libinit2.o(.ARM.Collect$$libinit$$00000001)
    __rt_lib_init_heap_1                     0x0800027b   Thumb Code     0  libinit2.o(.ARM.Collect$$libinit$$0000000A)
    __rt_lib_init_preinit_1                  0x0800027b   Thumb Code     0  libinit2.o(.ARM.Collect$$libinit$$00000004)
    __rt_lib_init_rand_2                     0x0800027b   Thumb Code     0  libinit2.o(.ARM.Collect$$libinit$$0000000D)
    __rt_lib_init_user_alloc_1               0x0800027b   Thumb Code     0  libinit2.o(.ARM.Collect$$libinit$$0000000C)
    __rt_lib_init_alloca_1                   0x0800027f   Thumb Code     0  libinit2.o(.ARM.Collect$$libinit$$0000002E)
    __rt_lib_init_argv_1                     0x0800027f   Thumb Code     0  libinit2.o(.ARM.Collect$$libinit$$0000002C)
    __rt_lib_init_atexit_1                   0x0800027f   Thumb Code     0  libinit2.o(.ARM.Collect$$libinit$$0000001B)
    __rt_lib_init_clock_1                    0x0800027f   Thumb Code     0  libinit2.o(.ARM.Collect$$libinit$$00000021)
    __rt_lib_init_cpp_1                      0x0800027f   Thumb Code     0  libinit2.o(.ARM.Collect$$libinit$$00000032)
    __rt_lib_init_exceptions_1               0x0800027f   Thumb Code     0  libinit2.o(.ARM.Collect$$libinit$$00000030)
    __rt_lib_init_fp_trap_1                  0x0800027f   Thumb Code     0  libinit2.o(.ARM.Collect$$libinit$$0000001F)
    __rt_lib_init_getenv_1                   0x0800027f   Thumb Code     0  libinit2.o(.ARM.Collect$$libinit$$00000023)
    __rt_lib_init_lc_collate_1               0x0800027f   Thumb Code     0  libinit2.o(.ARM.Collect$$libinit$$00000011)
    __rt_lib_init_lc_ctype_1                 0x0800027f   Thumb Code     0  libinit2.o(.ARM.Collect$$libinit$$00000013)
    __rt_lib_init_lc_monetary_1              0x0800027f   Thumb Code     0  libinit2.o(.ARM.Collect$$libinit$$00000015)
    __rt_lib_init_lc_numeric_1               0x0800027f   Thumb Code     0  libinit2.o(.ARM.Collect$$libinit$$00000017)
    __rt_lib_init_lc_time_1                  0x0800027f   Thumb Code     0  libinit2.o(.ARM.Collect$$libinit$$00000019)
    __rt_lib_init_rand_1                     0x0800027f   Thumb Code     0  libinit2.o(.ARM.Collect$$libinit$$0000000E)
    __rt_lib_init_return                     0x0800027f   Thumb Code     0  libinit2.o(.ARM.Collect$$libinit$$00000033)
    __rt_lib_init_signal_1                   0x0800027f   Thumb Code     0  libinit2.o(.ARM.Collect$$libinit$$0000001D)
    __rt_lib_init_stdio_1                    0x0800027f   Thumb Code     0  libinit2.o(.ARM.Collect$$libinit$$00000025)
    __rt_lib_shutdown                        0x08000281   Thumb Code     0  libshutdown.o(.ARM.Collect$$libshutdown$$00000000)
    __rt_lib_shutdown_cpp_1                  0x08000283   Thumb Code     0  libshutdown2.o(.ARM.Collect$$libshutdown$$00000002)
    __rt_lib_shutdown_fp_trap_1              0x08000283   Thumb Code     0  libshutdown2.o(.ARM.Collect$$libshutdown$$00000007)
    __rt_lib_shutdown_heap_1                 0x08000283   Thumb Code     0  libshutdown2.o(.ARM.Collect$$libshutdown$$0000000F)
    __rt_lib_shutdown_return                 0x08000283   Thumb Code     0  libshutdown2.o(.ARM.Collect$$libshutdown$$00000010)
    __rt_lib_shutdown_signal_1               0x08000283   Thumb Code     0  libshutdown2.o(.ARM.Collect$$libshutdown$$0000000A)
    __rt_lib_shutdown_stdio_1                0x08000283   Thumb Code     0  libshutdown2.o(.ARM.Collect$$libshutdown$$00000004)
    __rt_lib_shutdown_user_alloc_1           0x08000283   Thumb Code     0  libshutdown2.o(.ARM.Collect$$libshutdown$$0000000C)
    __rt_entry                               0x08000285   Thumb Code     0  __rtentry.o(.ARM.Collect$$rtentry$$00000000)
    __rt_entry_presh_1                       0x08000285   Thumb Code     0  __rtentry2.o(.ARM.Collect$$rtentry$$00000002)
    __rt_entry_sh                            0x08000285   Thumb Code     0  __rtentry4.o(.ARM.Collect$$rtentry$$00000004)
    __rt_entry_li                            0x0800028b   Thumb Code     0  __rtentry2.o(.ARM.Collect$$rtentry$$0000000A)
    __rt_entry_postsh_1                      0x0800028b   Thumb Code     0  __rtentry2.o(.ARM.Collect$$rtentry$$00000009)
    __rt_entry_main                          0x0800028f   Thumb Code     0  __rtentry2.o(.ARM.Collect$$rtentry$$0000000D)
    __rt_entry_postli_1                      0x0800028f   Thumb Code     0  __rtentry2.o(.ARM.Collect$$rtentry$$0000000C)
    __rt_exit                                0x08000297   Thumb Code     0  rtexit.o(.ARM.Collect$$rtexit$$00000000)
    __rt_exit_ls                             0x08000299   Thumb Code     0  rtexit2.o(.ARM.Collect$$rtexit$$00000003)
    __rt_exit_prels_1                        0x08000299   Thumb Code     0  rtexit2.o(.ARM.Collect$$rtexit$$00000002)
    __rt_exit_exit                           0x0800029d   Thumb Code     0  rtexit2.o(.ARM.Collect$$rtexit$$00000004)
    rand                                     0x080002a5   Thumb Code    48  rand.o(.emb_text)
    Reset_Handler                            0x080002d9   Thumb Code    12  startup_xmc4700.o(.text)
    BusFault_Handler                         0x080002e5   Thumb Code     0  startup_xmc4700.o(.text)
    CAN0_0_IRQHandler                        0x080002e5   Thumb Code     0  startup_xmc4700.o(.text)
    CAN0_1_IRQHandler                        0x080002e5   Thumb Code     0  startup_xmc4700.o(.text)
    CAN0_2_IRQHandler                        0x080002e5   Thumb Code     0  startup_xmc4700.o(.text)
    CAN0_3_IRQHandler                        0x080002e5   Thumb Code     0  startup_xmc4700.o(.text)
    CAN0_4_IRQHandler                        0x080002e5   Thumb Code     0  startup_xmc4700.o(.text)
    CAN0_5_IRQHandler                        0x080002e5   Thumb Code     0  startup_xmc4700.o(.text)
    CAN0_6_IRQHandler                        0x080002e5   Thumb Code     0  startup_xmc4700.o(.text)
    CAN0_7_IRQHandler                        0x080002e5   Thumb Code     0  startup_xmc4700.o(.text)
    CCU40_0_IRQHandler                       0x080002e5   Thumb Code     0  startup_xmc4700.o(.text)
    CCU40_1_IRQHandler                       0x080002e5   Thumb Code     0  startup_xmc4700.o(.text)
    CCU40_2_IRQHandler                       0x080002e5   Thumb Code     0  startup_xmc4700.o(.text)
    CCU40_3_IRQHandler                       0x080002e5   Thumb Code     0  startup_xmc4700.o(.text)
    CCU41_0_IRQHandler                       0x080002e5   Thumb Code     0  startup_xmc4700.o(.text)
    CCU41_1_IRQHandler                       0x080002e5   Thumb Code     0  startup_xmc4700.o(.text)
    CCU41_2_IRQHandler                       0x080002e5   Thumb Code     0  startup_xmc4700.o(.text)
    CCU41_3_IRQHandler                       0x080002e5   Thumb Code     0  startup_xmc4700.o(.text)
    CCU42_0_IRQHandler                       0x080002e5   Thumb Code     0  startup_xmc4700.o(.text)
    CCU42_1_IRQHandler                       0x080002e5   Thumb Code     0  startup_xmc4700.o(.text)
    CCU42_2_IRQHandler                       0x080002e5   Thumb Code     0  startup_xmc4700.o(.text)
    CCU42_3_IRQHandler                       0x080002e5   Thumb Code     0  startup_xmc4700.o(.text)
    CCU43_0_IRQHandler                       0x080002e5   Thumb Code     0  startup_xmc4700.o(.text)
    CCU43_1_IRQHandler                       0x080002e5   Thumb Code     0  startup_xmc4700.o(.text)
    CCU43_2_IRQHandler                       0x080002e5   Thumb Code     0  startup_xmc4700.o(.text)
    CCU43_3_IRQHandler                       0x080002e5   Thumb Code     0  startup_xmc4700.o(.text)
    CCU80_0_IRQHandler                       0x080002e5   Thumb Code     0  startup_xmc4700.o(.text)
    CCU80_1_IRQHandler                       0x080002e5   Thumb Code     0  startup_xmc4700.o(.text)
    CCU80_2_IRQHandler                       0x080002e5   Thumb Code     0  startup_xmc4700.o(.text)
    CCU80_3_IRQHandler                       0x080002e5   Thumb Code     0  startup_xmc4700.o(.text)
    CCU81_0_IRQHandler                       0x080002e5   Thumb Code     0  startup_xmc4700.o(.text)
    CCU81_1_IRQHandler                       0x080002e5   Thumb Code     0  startup_xmc4700.o(.text)
    CCU81_2_IRQHandler                       0x080002e5   Thumb Code     0  startup_xmc4700.o(.text)
    CCU81_3_IRQHandler                       0x080002e5   Thumb Code     0  startup_xmc4700.o(.text)
    DAC0_0_IRQHandler                        0x080002e5   Thumb Code     0  startup_xmc4700.o(.text)
    DAC0_1_IRQHandler                        0x080002e5   Thumb Code     0  startup_xmc4700.o(.text)
    DSD0_0_IRQHandler                        0x080002e5   Thumb Code     0  startup_xmc4700.o(.text)
    DSD0_1_IRQHandler                        0x080002e5   Thumb Code     0  startup_xmc4700.o(.text)
    DSD0_2_IRQHandler                        0x080002e5   Thumb Code     0  startup_xmc4700.o(.text)
    DSD0_3_IRQHandler                        0x080002e5   Thumb Code     0  startup_xmc4700.o(.text)
    DSD0_4_IRQHandler                        0x080002e5   Thumb Code     0  startup_xmc4700.o(.text)
    DSD0_5_IRQHandler                        0x080002e5   Thumb Code     0  startup_xmc4700.o(.text)
    DSD0_6_IRQHandler                        0x080002e5   Thumb Code     0  startup_xmc4700.o(.text)
    DSD0_7_IRQHandler                        0x080002e5   Thumb Code     0  startup_xmc4700.o(.text)
    DebugMon_Handler                         0x080002e5   Thumb Code     0  startup_xmc4700.o(.text)
    ERU0_0_IRQHandler                        0x080002e5   Thumb Code     0  startup_xmc4700.o(.text)
    ERU0_1_IRQHandler                        0x080002e5   Thumb Code     0  startup_xmc4700.o(.text)
    ERU0_2_IRQHandler                        0x080002e5   Thumb Code     0  startup_xmc4700.o(.text)
    ERU0_3_IRQHandler                        0x080002e5   Thumb Code     0  startup_xmc4700.o(.text)
    ERU1_0_IRQHandler                        0x080002e5   Thumb Code     0  startup_xmc4700.o(.text)
    ERU1_1_IRQHandler                        0x080002e5   Thumb Code     0  startup_xmc4700.o(.text)
    ERU1_2_IRQHandler                        0x080002e5   Thumb Code     0  startup_xmc4700.o(.text)
    ERU1_3_IRQHandler                        0x080002e5   Thumb Code     0  startup_xmc4700.o(.text)
    ETH0_0_IRQHandler                        0x080002e5   Thumb Code     0  startup_xmc4700.o(.text)
    FCE0_0_IRQHandler                        0x080002e5   Thumb Code     0  startup_xmc4700.o(.text)
    GPDMA0_0_IRQHandler                      0x080002e5   Thumb Code     0  startup_xmc4700.o(.text)
    GPDMA1_0_IRQHandler                      0x080002e5   Thumb Code     0  startup_xmc4700.o(.text)
    HardFault_Handler                        0x080002e5   Thumb Code     0  startup_xmc4700.o(.text)
    LEDTS0_0_IRQHandler                      0x080002e5   Thumb Code     0  startup_xmc4700.o(.text)
    MemManage_Handler                        0x080002e5   Thumb Code     0  startup_xmc4700.o(.text)
    NMI_Handler                              0x080002e5   Thumb Code     0  startup_xmc4700.o(.text)
    PMU0_0_IRQHandler                        0x080002e5   Thumb Code     0  startup_xmc4700.o(.text)
    POSIF0_0_IRQHandler                      0x080002e5   Thumb Code     0  startup_xmc4700.o(.text)
    POSIF0_1_IRQHandler                      0x080002e5   Thumb Code     0  startup_xmc4700.o(.text)
    POSIF1_0_IRQHandler                      0x080002e5   Thumb Code     0  startup_xmc4700.o(.text)
    POSIF1_1_IRQHandler                      0x080002e5   Thumb Code     0  startup_xmc4700.o(.text)
    PendSV_Handler                           0x080002e5   Thumb Code     0  startup_xmc4700.o(.text)
    SCU_0_IRQHandler                         0x080002e5   Thumb Code     0  startup_xmc4700.o(.text)
    SDMMC0_0_IRQHandler                      0x080002e5   Thumb Code     0  startup_xmc4700.o(.text)
    SVC_Handler                              0x080002e5   Thumb Code     0  startup_xmc4700.o(.text)
    SysTick_Handler                          0x080002e5   Thumb Code     0  startup_xmc4700.o(.text)
    USB0_0_IRQHandler                        0x080002e5   Thumb Code     0  startup_xmc4700.o(.text)
    USIC0_0_IRQHandler                       0x080002e5   Thumb Code     0  startup_xmc4700.o(.text)
    USIC0_1_IRQHandler                       0x080002e5   Thumb Code     0  startup_xmc4700.o(.text)
    USIC0_2_IRQHandler                       0x080002e5   Thumb Code     0  startup_xmc4700.o(.text)
    USIC0_3_IRQHandler                       0x080002e5   Thumb Code     0  startup_xmc4700.o(.text)
    USIC0_4_IRQHandler                       0x080002e5   Thumb Code     0  startup_xmc4700.o(.text)
    USIC0_5_IRQHandler                       0x080002e5   Thumb Code     0  startup_xmc4700.o(.text)
    USIC1_0_IRQHandler                       0x080002e5   Thumb Code     0  startup_xmc4700.o(.text)
    USIC1_1_IRQHandler                       0x080002e5   Thumb Code     0  startup_xmc4700.o(.text)
    USIC1_2_IRQHandler                       0x080002e5   Thumb Code     0  startup_xmc4700.o(.text)
    USIC1_3_IRQHandler                       0x080002e5   Thumb Code     0  startup_xmc4700.o(.text)
    USIC1_4_IRQHandler                       0x080002e5   Thumb Code     0  startup_xmc4700.o(.text)
    USIC1_5_IRQHandler                       0x080002e5   Thumb Code     0  startup_xmc4700.o(.text)
    USIC2_0_IRQHandler                       0x080002e5   Thumb Code     0  startup_xmc4700.o(.text)
    USIC2_1_IRQHandler                       0x080002e5   Thumb Code     0  startup_xmc4700.o(.text)
    USIC2_2_IRQHandler                       0x080002e5   Thumb Code     0  startup_xmc4700.o(.text)
    USIC2_3_IRQHandler                       0x080002e5   Thumb Code     0  startup_xmc4700.o(.text)
    USIC2_4_IRQHandler                       0x080002e5   Thumb Code     0  startup_xmc4700.o(.text)
    USIC2_5_IRQHandler                       0x080002e5   Thumb Code     0  startup_xmc4700.o(.text)
    UsageFault_Handler                       0x080002e5   Thumb Code     0  startup_xmc4700.o(.text)
    VADC0_C0_0_IRQHandler                    0x080002e5   Thumb Code     0  startup_xmc4700.o(.text)
    VADC0_C0_1_IRQHandler                    0x080002e5   Thumb Code     0  startup_xmc4700.o(.text)
    VADC0_C0_2_IRQHandler                    0x080002e5   Thumb Code     0  startup_xmc4700.o(.text)
    VADC0_C0_3_IRQHandler                    0x080002e5   Thumb Code     0  startup_xmc4700.o(.text)
    VADC0_G0_0_IRQHandler                    0x080002e5   Thumb Code     0  startup_xmc4700.o(.text)
    VADC0_G0_1_IRQHandler                    0x080002e5   Thumb Code     0  startup_xmc4700.o(.text)
    VADC0_G0_2_IRQHandler                    0x080002e5   Thumb Code     0  startup_xmc4700.o(.text)
    VADC0_G0_3_IRQHandler                    0x080002e5   Thumb Code     0  startup_xmc4700.o(.text)
    VADC0_G1_0_IRQHandler                    0x080002e5   Thumb Code     0  startup_xmc4700.o(.text)
    VADC0_G1_1_IRQHandler                    0x080002e5   Thumb Code     0  startup_xmc4700.o(.text)
    VADC0_G1_2_IRQHandler                    0x080002e5   Thumb Code     0  startup_xmc4700.o(.text)
    VADC0_G1_3_IRQHandler                    0x080002e5   Thumb Code     0  startup_xmc4700.o(.text)
    VADC0_G2_0_IRQHandler                    0x080002e5   Thumb Code     0  startup_xmc4700.o(.text)
    VADC0_G2_1_IRQHandler                    0x080002e5   Thumb Code     0  startup_xmc4700.o(.text)
    VADC0_G2_2_IRQHandler                    0x080002e5   Thumb Code     0  startup_xmc4700.o(.text)
    VADC0_G2_3_IRQHandler                    0x080002e5   Thumb Code     0  startup_xmc4700.o(.text)
    VADC0_G3_0_IRQHandler                    0x080002e5   Thumb Code     0  startup_xmc4700.o(.text)
    VADC0_G3_1_IRQHandler                    0x080002e5   Thumb Code     0  startup_xmc4700.o(.text)
    VADC0_G3_2_IRQHandler                    0x080002e5   Thumb Code     0  startup_xmc4700.o(.text)
    VADC0_G3_3_IRQHandler                    0x080002e5   Thumb Code     0  startup_xmc4700.o(.text)
    __user_initial_stackheap                 0x080002e9   Thumb Code     0  startup_xmc4700.o(.text)
    srand                                    0x08000311   Thumb Code    42  rand.o(.text)
    _rand_init                               0x0800033b   Thumb Code     4  rand.o(.text)
    __aeabi_memcpy                           0x0800034d   Thumb Code     0  rt_memcpy_v6.o(.text)
    __rt_memcpy                              0x0800034d   Thumb Code   138  rt_memcpy_v6.o(.text)
    _memcpy_lastbytes                        0x080003b3   Thumb Code     0  rt_memcpy_v6.o(.text)
    __aeabi_memset                           0x080003d7   Thumb Code    16  aeabi_memset.o(.text)
    __use_two_region_memory                  0x080003e7   Thumb Code     2  heapauxi.o(.text)
    __rt_heap_escrow$2region                 0x080003e9   Thumb Code     2  heapauxi.o(.text)
    __rt_heap_expand$2region                 0x080003eb   Thumb Code     2  heapauxi.o(.text)
    __aeabi_memcpy4                          0x080003ed   Thumb Code     0  rt_memcpy_w.o(.text)
    __aeabi_memcpy8                          0x080003ed   Thumb Code     0  rt_memcpy_w.o(.text)
    __rt_memcpy_w                            0x080003ed   Thumb Code   100  rt_memcpy_w.o(.text)
    _memcpy_lastbytes_aligned                0x08000435   Thumb Code     0  rt_memcpy_w.o(.text)
    __aeabi_memclr                           0x08000451   Thumb Code     0  rt_memclr.o(.text)
    __rt_memclr                              0x08000451   Thumb Code    68  rt_memclr.o(.text)
    _memset                                  0x08000455   Thumb Code     0  rt_memclr.o(.text)
    __aeabi_memclr4                          0x08000495   Thumb Code     0  rt_memclr_w.o(.text)
    __aeabi_memclr8                          0x08000495   Thumb Code     0  rt_memclr_w.o(.text)
    __rt_memclr_w                            0x08000495   Thumb Code    78  rt_memclr_w.o(.text)
    _memset_w                                0x08000499   Thumb Code     0  rt_memclr_w.o(.text)
    __user_setup_stackheap                   0x080004e3   Thumb Code    74  sys_stackheap_outer.o(.text)
    exit                                     0x0800052d   Thumb Code    18  exit.o(.text)
    __user_libspace                          0x08000541   Thumb Code     8  libspace.o(.text)
    __user_perproc_libspace                  0x08000541   Thumb Code     0  libspace.o(.text)
    __user_perthread_libspace                0x08000541   Thumb Code     0  libspace.o(.text)
    __I$use$semihosting                      0x08000549   Thumb Code     0  use_no_semi.o(.text)
    __use_no_semihosting_swi                 0x08000549   Thumb Code     2  use_no_semi.o(.text)
    __semihosting_library_function           0x0800054b   Thumb Code     0  indicate_semi.o(.text)
    _sys_exit                                0x0800054d   Thumb Code     8  sys_exit.o(.text)
    ECDSA_verify                             0x08000559   Thumb Code   360  sls10ere_math.o(i.ECDSA_verify)
    OSCHP_GetFrequency                       0x080006d1   Thumb Code     4  system_xmc4700.o(i.OSCHP_GetFrequency)
    SWI_BIFDelay                             0x080006d9   Thumb Code    12  board.o(i.SWI_BIFDelay)
    SWI_BIFHALSetTauSWI_BIF                  0x080006e5   Thumb Code    30  swi_hal.o(i.SWI_BIFHALSetTauSWI_BIF)
    SWI_BIFTransReadMultUint8                0x0800093f   Thumb Code   146  swi_hal.o(i.SWI_BIFTransReadMultUint8)
    SWI_BIFTransReadUint16                   0x080009d1   Thumb Code   104  swi_hal.o(i.SWI_BIFTransReadUint16)
    SWI_BIFTransReadUint8                    0x08000a39   Thumb Code    60  swi_hal.o(i.SWI_BIFTransReadUint8)
    SWI_BIFTransWriteMultUint8               0x080010d3   Thumb Code    56  swi_hal.o(i.SWI_BIFTransWriteMultUint8)
    SWI_BIFTransWriteUint16                  0x0800110b   Thumb Code    44  swi_hal.o(i.SWI_BIFTransWriteUint16)
    SWI_BIFTransWriteUint8                   0x08001137   Thumb Code    36  swi_hal.o(i.SWI_BIFTransWriteUint8)
    SWI_BIFTrans_Abort_EINT                  0x0800115d   Thumb Code    40  swi_hal.o(i.SWI_BIFTrans_Abort_EINT)
    SWI_BIFTrans_DIE0                        0x08001189   Thumb Code    16  swi_hal.o(i.SWI_BIFTrans_DIE0)
    SWI_BIFTrans_DIE1                        0x08001199   Thumb Code    16  swi_hal.o(i.SWI_BIFTrans_DIE1)
    SWI_BIFTrans_DIP0                        0x080011a9   Thumb Code   112  swi_hal.o(i.SWI_BIFTrans_DIP0)
    SWI_BIFTrans_DIP1                        0x0800121d   Thumb Code   112  swi_hal.o(i.SWI_BIFTrans_DIP1)
    SWI_BIFTrans_DISS                        0x08001291   Thumb Code    16  swi_hal.o(i.SWI_BIFTrans_DISS)
    SWI_BIFTrans_EINT                        0x080012a1   Thumb Code    92  swi_hal.o(i.SWI_BIFTrans_EINT)
    SWI_BIFTrans_HardRST                     0x08001301   Thumb Code    28  swi_hal.o(i.SWI_BIFTrans_HardRST)
    SWI_BIFTrans_SDA                         0x0800131d   Thumb Code    18  swi_hal.o(i.SWI_BIFTrans_SDA)
    SWI_BIFTrans_WD                          0x0800132f   Thumb Code    18  swi_hal.o(i.SWI_BIFTrans_WD)
    SWI_BIFTrans_WakeUpFromPWDN              0x08001341   Thumb Code    34  swi_hal.o(i.SWI_BIFTrans_WakeUpFromPWDN)
    Sls10ere_ECC                             0x08001363   Thumb Code   180  sls10ere_auth.o(i.Sls10ere_ECC)
    Sls10ere_ECC_Test                        0x08001419   Thumb Code    64  test_case.o(i.Sls10ere_ECC_Test)
    Sls10ere_NVM_Test                        0x08001461   Thumb Code    82  test_case.o(i.Sls10ere_NVM_Test)
    Sls10ere_RegisterCrypto                  0x080014bd   Thumb Code   166  sls10ere_crypto.o(i.Sls10ere_RegisterCrypto)
    Sls10ere_Run_Test                        0x080015b5   Thumb Code    66  test_case.o(i.Sls10ere_Run_Test)
    Sls10ere_SWI_BIF_search_ids              0x080015fd   Thumb Code   586  sls10ere_swi_bif.o(i.Sls10ere_SWI_BIF_search_ids)
    Sls10ere_Test_Init                       0x0800184d   Thumb Code    54  test_case.o(i.Sls10ere_Test_Init)
    Sls10ere_nvm_read_data                   0x08001abd   Thumb Code   104  sls10ere_nvm.o(i.Sls10ere_nvm_read_data)
    Sls10ere_nvm_wait_wr_done                0x08001b25   Thumb Code   112  sls10ere_nvm.o(i.Sls10ere_nvm_wait_wr_done)
    Sls10ere_nvm_write_data                  0x08001b99   Thumb Code   620  sls10ere_nvm.o(i.Sls10ere_nvm_write_data)
    Sls10ere_read_ODC                        0x08001e2f   Thumb Code    64  sls10ere_auth.o(i.Sls10ere_read_ODC)
    Sls10ere_read_response                   0x08001e6f   Thumb Code   108  sls10ere_auth.o(i.Sls10ere_read_response)
    Sls10ere_write_challenge                 0x08001edd   Thumb Code    86  sls10ere_auth.o(i.Sls10ere_write_challenge)
    Sls10ere_write_challenge_read_response   0x08001f35   Thumb Code   282  sls10ere_auth.o(i.Sls10ere_write_challenge_read_response)
    SystemCoreClockSetup                     0x08002055   Thumb Code   470  system_xmc4700.o(i.SystemCoreClockSetup)
    SystemCoreClockUpdate                    0x0800226d   Thumb Code   148  system_xmc4700.o(i.SystemCoreClockUpdate)
    SystemCoreSetup                          0x08002311   Thumb Code    74  system_xmc4700.o(i.SystemCoreSetup)
    SystemInit                               0x08002369   Thumb Code    22  system_xmc4700.o(i.SystemInit)
    XMC_GPIO_SetMode                         0x08002391   Thumb Code    64  xmc_gpio.o(i.XMC_GPIO_SetMode)
    b_UidSearch_GetDIE0Info                  0x080023e3   Thumb Code    16  sls10ere_swi_bif.o(i.b_UidSearch_GetDIE0Info)
    b_UidSearch_GetDIE1Info                  0x080023f3   Thumb Code    16  sls10ere_swi_bif.o(i.b_UidSearch_GetDIE1Info)
    b_UidSearch_GetDipDoneBit                0x08002403   Thumb Code    16  sls10ere_swi_bif.o(i.b_UidSearch_GetDipDoneBit)
    b_UidSearch_SetDIE0Info                  0x08002413   Thumb Code    22  sls10ere_swi_bif.o(i.b_UidSearch_SetDIE0Info)
    b_UidSearch_SetDIE1Info                  0x08002429   Thumb Code    10  sls10ere_swi_bif.o(i.b_UidSearch_SetDIE1Info)
    b_UidSearch_SetDipDoneBit                0x08002433   Thumb Code    22  sls10ere_swi_bif.o(i.b_UidSearch_SetDipDoneBit)
    b_pop                                    0x08002449   Thumb Code    34  sls10ere_swi_bif.o(i.b_pop)
    b_push                                   0x08002475   Thumb Code    34  sls10ere_swi_bif.o(i.b_push)
    board_init                               0x080024a1   Thumb Code    18  board.o(i.board_init)
    dwordvec_163_copy                        0x080024d1   Thumb Code    26  sls10ere_math.o(i.dwordvec_163_copy)
    dwordvec_193_copy                        0x080024eb   Thumb Code    30  sls10ere_math.o(i.dwordvec_193_copy)
    dwordvec_add                             0x08002509   Thumb Code   104  sls10ere_math.o(i.dwordvec_add)
    dwordvec_cmp                             0x08002575   Thumb Code    80  sls10ere_math.o(i.dwordvec_cmp)
    dwordvec_iszero                          0x080025c9   Thumb Code    56  sls10ere_math.o(i.dwordvec_iszero)
    dwordvec_l_shift_163                     0x08002605   Thumb Code    68  sls10ere_math.o(i.dwordvec_l_shift_163)
    dwordvec_l_shift_193                     0x08002649   Thumb Code    80  sls10ere_math.o(i.dwordvec_l_shift_193)
    dwordvec_sub                             0x08002699   Thumb Code   118  sls10ere_math.o(i.dwordvec_sub)
    dwordvec_swap                            0x08002715   Thumb Code    80  sls10ere_math.o(i.dwordvec_swap)
    ecc_add_point_x                          0x08002769   Thumb Code   376  sls10ere_math.o(i.ecc_add_point_x)
    ecc_init                                 0x080028f9   Thumb Code    56  sls10ere_math.o(i.ecc_init)
    ecc_mul_projective                       0x08002945   Thumb Code   312  sls10ere_math.o(i.ecc_mul_projective)
    ecc_point_on_curve                       0x08002a99   Thumb Code   112  sls10ere_math.o(i.ecc_point_on_curve)
    generate_challenge                       0x08002b21   Thumb Code    48  sls10ere_math.o(i.generate_challenge)
    generate_checkvalue                      0x08002b55   Thumb Code    48  sls10ere_math.o(i.generate_checkvalue)
    get_pin                                  0x08002b85   Thumb Code    46  board.o(i.get_pin)
    gf2_163_add                              0x08002bbd   Thumb Code    52  sls10ere_math.o(i.gf2_163_add)
    gf2_163_mul                              0x08002bf1   Thumb Code   174  sls10ere_math.o(i.gf2_163_mul)
    gf2_163_reduction                        0x08002c9f   Thumb Code   122  sls10ere_math.o(i.gf2_163_reduction)
    gf2_163_square                           0x08002d19   Thumb Code   262  sls10ere_math.o(i.gf2_163_square)
    gf2_163_sum                              0x08002e25   Thumb Code    50  sls10ere_math.o(i.gf2_163_sum)
    gf2_193_add                              0x08002e57   Thumb Code    60  sls10ere_math.o(i.gf2_193_add)
    gf2_193_mul                              0x08002e93   Thumb Code   174  sls10ere_math.o(i.gf2_193_mul)
    gf2_193_reduction                        0x08002f41   Thumb Code    98  sls10ere_math.o(i.gf2_193_reduction)
    gf2_193_square                           0x08002fa5   Thumb Code   308  sls10ere_math.o(i.gf2_193_square)
    gf2_193_sum                              0x080030dd   Thumb Code    58  sls10ere_math.o(i.gf2_193_sum)
    gf2n_divide                              0x08003119   Thumb Code   146  sls10ere_math.o(i.gf2n_divide)
    gf2n_init                                0x080031bd   Thumb Code   106  sls10ere_math.o(i.gf2n_init)
    gfp_divide                               0x08003281   Thumb Code   148  sls10ere_math.o(i.gfp_divide)
    mac_algorithm_80                         0x08003321   Thumb Code   636  sls10ere_math.o(i.mac_algorithm_80)
    main                                     0x0800359d   Thumb Code    28  main.o(i.main)
    mont_ecc_add                             0x080035b9   Thumb Code   106  sls10ere_math.o(i.mont_ecc_add)
    mont_ecc_double                          0x08003631   Thumb Code    82  sls10ere_math.o(i.mont_ecc_double)
    mont_ecc_mul                             0x08003695   Thumb Code   380  sls10ere_math.o(i.mont_ecc_mul)
    precompute                               0x08003821   Thumb Code   270  sls10ere_math.o(i.precompute)
    r_shift                                  0x08003941   Thumb Code   114  sls10ere_math.o(i.r_shift)
    remove_2_power                           0x080039b9   Thumb Code    52  sls10ere_math.o(i.remove_2_power)
    remove_x_power                           0x080039f1   Thumb Code    52  sls10ere_math.o(i.remove_x_power)
    set_pin                                  0x08003a2d   Thumb Code    46  board.o(i.set_pin)
    set_pin_dir                              0x08003a65   Thumb Code    54  board.o(i.set_pin_dir)
    sha256                                   0x08003aa1   Thumb Code    38  sls10ere_math.o(i.sha256)
    sha256_compress                          0x08003ac9   Thumb Code   578  sls10ere_math.o(i.sha256_compress)
    sha256_final                             0x08003d11   Thumb Code   142  sls10ere_math.o(i.sha256_final)
    sha256_init                              0x08003da1   Thumb Code    40  sls10ere_math.o(i.sha256_init)
    sha256_update                            0x08003de9   Thumb Code    56  sls10ere_math.o(i.sha256_update)
    test_fail                                0x08003e21   Thumb Code    70  board.o(i.test_fail)
    test_output                              0x08003e6d   Thumb Code    18  board.o(i.test_output)
    test_pass                                0x08003e81   Thumb Code    30  board.o(i.test_pass)
    timing_init                              0x08003ea5   Thumb Code    78  board.o(i.timing_init)
    ub_SizeOfStack                           0x08003f29   Thumb Code     6  sls10ere_swi_bif.o(i.ub_SizeOfStack)
    udelay                                   0x08003f35   Thumb Code    18  board.o(i.udelay)
    verify_mac                               0x08003f49   Thumb Code   106  sls10ere_math.o(i.verify_mac)
    _fp_init                                 0x08003fbd   Thumb Code    10  fpinit.o(x$fpl$fpinit)
    __fplib_config_fpu_vfp                   0x08003fc5   Thumb Code     0  fpinit.o(x$fpl$fpinit)
    __fplib_config_pureend_doubles           0x08003fc5   Thumb Code     0  fpinit.o(x$fpl$fpinit)
    coeff_sqrt_b_163_ES                      0x08003fc8   Data          24  sls10ere_crypto.o(.constdata)
    xP_163_ES                                0x08003fe0   Data          24  sls10ere_crypto.o(.constdata)
    curve_163                                0x08003ff8   Data          48  sls10ere_crypto.o(.constdata)
    xP_193                                   0x08004028   Data          28  sls10ere_crypto.o(.constdata)
    yP_193                                   0x08004044   Data          28  sls10ere_crypto.o(.constdata)
    coeff_a_193                              0x08004060   Data          28  sls10ere_crypto.o(.constdata)
    coeff_sqrt_b_193                         0x0800407c   Data          28  sls10ere_crypto.o(.constdata)
    order_193                                0x08004098   Data          28  sls10ere_crypto.o(.constdata)
    curve_193                                0x080040b4   Data          24  sls10ere_crypto.o(.constdata)
    eccpntSignaturePubKey                    0x080040cc   Data         112  sls10ere_crypto.o(.constdata)
    Region$$Table$$Base                      0x080044a8   Number         0  anon$$obj.o(Region$$Table)
    Region$$Table$$Limit                     0x080044c8   Number         0  anon$$obj.o(Region$$Table)
    devCnt                                   0x20000000   Data           1  test_case.o(.data)
    g_ulBaudLow                              0x20000004   Data           4  board.o(.data)
    g_ulBaudHigh                             0x20000008   Data           4  board.o(.data)
    g_ulBaudStop                             0x2000000c   Data           4  board.o(.data)
    g_ulResponseTimeOut                      0x20000010   Data           4  board.o(.data)
    g_ulBaudPowerUpPulse                     0x20000014   Data           4  board.o(.data)
    g_ulBaudPowerDownTime                    0x20000018   Data           4  board.o(.data)
    g_ulBaudPowerUpTime                      0x2000001c   Data           4  board.o(.data)
    g_ulBaudResetTime                        0x20000020   Data           4  board.o(.data)
    g_ulIntTimeoutDefault                    0x20000024   Data           4  board.o(.data)
    g_ulImmediateIntTimeOut                  0x20000028   Data           4  board.o(.data)
    g_culNvmTimeout                          0x2000002c   Data           4  board.o(.data)
    g_ubDevType                              0x20000030   Data           1  board.o(.data)
    actual_base_point_order                  0x20000040   Data           4  sls10ere_math.o(.data)
    actual_coeff_a                           0x20000044   Data           4  sls10ere_math.o(.data)
    actual_coeff_sqrt_b                      0x20000048   Data           4  sls10ere_math.o(.data)
    actual_irred_polynomial                  0x2000004c   Data           4  sls10ere_math.o(.data)
    actual_degree                            0x20000050   Data           4  sls10ere_math.o(.data)
    actual_gf2n_sum                          0x20000058   Data           4  sls10ere_math.o(.data)
    actual_gf2n_square                       0x2000005c   Data           4  sls10ere_math.o(.data)
    actual_dwordvec_copy                     0x20000060   Data           4  sls10ere_math.o(.data)
    actual_gf2n_add                          0x20000064   Data           4  sls10ere_math.o(.data)
    actual_gf2n_mul                          0x20000068   Data           4  sls10ere_math.o(.data)
    ub_StackPointer                          0x2000006c   Data           1  sls10ere_swi_bif.o(.data)
    stDetectedPuid                           0x20000074   Data          40  test_case.o(.bss)
    str                                      0x2000009c   Data          32  test_case.o(.bss)
    actual_base_point                        0x20000530   Data          56  sls10ere_math.o(.bss)
    ub_Stack                                 0x20000568   Data          80  sls10ere_swi_bif.o(.bss)
    _random_number_data                      0x200005b8   Data         228  rand.o(.bss)
    __libspace_start                         0x2000069c   Data          96  libspace.o(.bss)
    __temporary_stack_top$libspace           0x200006fc   Data           0  libspace.o(.bss)
    SystemCoreClock                          0x2002cfc0   Data           4  system_xmc4700.o(.ARM.__AT_0x2002CFC0)
    g_chipid                                 0x2002cfc4   Data          16  system_xmc4700.o(.ARM.__AT_0x2002CFC4)



==============================================================================

Memory Map of the image

  Image Entry point : 0x08000201

  Load Region LR_IROM1 (Base: 0x08000000, Size: 0x0000453c, Max: 0x00180000, ABSOLUTE)

    Execution Region ER_IROM1 (Base: 0x08000000, Size: 0x000044c8, Max: 0x00180000, ABSOLUTE)

    Base Addr    Size         Type   Attr      Idx    E Section Name        Object

    0x08000000   0x00000200   Data   RO         2204    RESET               startup_xmc4700.o
    0x08000200   0x00000008   Code   RO         2286  * !!!main             c_w.l(__main.o)
    0x08000208   0x00000034   Code   RO         2449    !!!scatter          c_w.l(__scatter.o)
    0x0800023c   0x0000001a   Code   RO         2451    !!handler_copy      c_w.l(__scatter_copy.o)
    0x08000256   0x00000002   PAD
    0x08000258   0x0000001c   Code   RO         2453    !!handler_zi        c_w.l(__scatter_zi.o)
    0x08000274   0x00000002   Code   RO         2372    .ARM.Collect$$libinit$$00000000  c_w.l(libinit.o)
    0x08000276   0x00000004   Code   RO         2293    .ARM.Collect$$libinit$$00000001  c_w.l(libinit2.o)
    0x0800027a   0x00000000   Code   RO         2296    .ARM.Collect$$libinit$$00000004  c_w.l(libinit2.o)
    0x0800027a   0x00000000   Code   RO         2299    .ARM.Collect$$libinit$$0000000A  c_w.l(libinit2.o)
    0x0800027a   0x00000000   Code   RO         2301    .ARM.Collect$$libinit$$0000000C  c_w.l(libinit2.o)
    0x0800027a   0x00000004   Code   RO         2302    .ARM.Collect$$libinit$$0000000D  c_w.l(libinit2.o)
    0x0800027e   0x00000000   Code   RO         2303    .ARM.Collect$$libinit$$0000000E  c_w.l(libinit2.o)
    0x0800027e   0x00000000   Code   RO         2306    .ARM.Collect$$libinit$$00000011  c_w.l(libinit2.o)
    0x0800027e   0x00000000   Code   RO         2308    .ARM.Collect$$libinit$$00000013  c_w.l(libinit2.o)
    0x0800027e   0x00000000   Code   RO         2310    .ARM.Collect$$libinit$$00000015  c_w.l(libinit2.o)
    0x0800027e   0x00000000   Code   RO         2312    .ARM.Collect$$libinit$$00000017  c_w.l(libinit2.o)
    0x0800027e   0x00000000   Code   RO         2314    .ARM.Collect$$libinit$$00000019  c_w.l(libinit2.o)
    0x0800027e   0x00000000   Code   RO         2316    .ARM.Collect$$libinit$$0000001B  c_w.l(libinit2.o)
    0x0800027e   0x00000000   Code   RO         2318    .ARM.Collect$$libinit$$0000001D  c_w.l(libinit2.o)
    0x0800027e   0x00000000   Code   RO         2320    .ARM.Collect$$libinit$$0000001F  c_w.l(libinit2.o)
    0x0800027e   0x00000000   Code   RO         2322    .ARM.Collect$$libinit$$00000021  c_w.l(libinit2.o)
    0x0800027e   0x00000000   Code   RO         2324    .ARM.Collect$$libinit$$00000023  c_w.l(libinit2.o)
    0x0800027e   0x00000000   Code   RO         2326    .ARM.Collect$$libinit$$00000025  c_w.l(libinit2.o)
    0x0800027e   0x00000000   Code   RO         2330    .ARM.Collect$$libinit$$0000002C  c_w.l(libinit2.o)
    0x0800027e   0x00000000   Code   RO         2332    .ARM.Collect$$libinit$$0000002E  c_w.l(libinit2.o)
    0x0800027e   0x00000000   Code   RO         2334    .ARM.Collect$$libinit$$00000030  c_w.l(libinit2.o)
    0x0800027e   0x00000000   Code   RO         2336    .ARM.Collect$$libinit$$00000032  c_w.l(libinit2.o)
    0x0800027e   0x00000002   Code   RO         2337    .ARM.Collect$$libinit$$00000033  c_w.l(libinit2.o)
    0x08000280   0x00000002   Code   RO         2410    .ARM.Collect$$libshutdown$$00000000  c_w.l(libshutdown.o)
    0x08000282   0x00000000   Code   RO         2416    .ARM.Collect$$libshutdown$$00000002  c_w.l(libshutdown2.o)
    0x08000282   0x00000000   Code   RO         2418    .ARM.Collect$$libshutdown$$00000004  c_w.l(libshutdown2.o)
    0x08000282   0x00000000   Code   RO         2421    .ARM.Collect$$libshutdown$$00000007  c_w.l(libshutdown2.o)
    0x08000282   0x00000000   Code   RO         2424    .ARM.Collect$$libshutdown$$0000000A  c_w.l(libshutdown2.o)
    0x08000282   0x00000000   Code   RO         2426    .ARM.Collect$$libshutdown$$0000000C  c_w.l(libshutdown2.o)
    0x08000282   0x00000000   Code   RO         2429    .ARM.Collect$$libshutdown$$0000000F  c_w.l(libshutdown2.o)
    0x08000282   0x00000002   Code   RO         2430    .ARM.Collect$$libshutdown$$00000010  c_w.l(libshutdown2.o)
    0x08000284   0x00000000   Code   RO         2288    .ARM.Collect$$rtentry$$00000000  c_w.l(__rtentry.o)
    0x08000284   0x00000000   Code   RO         2339    .ARM.Collect$$rtentry$$00000002  c_w.l(__rtentry2.o)
    0x08000284   0x00000006   Code   RO         2351    .ARM.Collect$$rtentry$$00000004  c_w.l(__rtentry4.o)
    0x0800028a   0x00000000   Code   RO         2341    .ARM.Collect$$rtentry$$00000009  c_w.l(__rtentry2.o)
    0x0800028a   0x00000004   Code   RO         2342    .ARM.Collect$$rtentry$$0000000A  c_w.l(__rtentry2.o)
    0x0800028e   0x00000000   Code   RO         2344    .ARM.Collect$$rtentry$$0000000C  c_w.l(__rtentry2.o)
    0x0800028e   0x00000008   Code   RO         2345    .ARM.Collect$$rtentry$$0000000D  c_w.l(__rtentry2.o)
    0x08000296   0x00000002   Code   RO         2378    .ARM.Collect$$rtexit$$00000000  c_w.l(rtexit.o)
    0x08000298   0x00000000   Code   RO         2390    .ARM.Collect$$rtexit$$00000002  c_w.l(rtexit2.o)
    0x08000298   0x00000004   Code   RO         2391    .ARM.Collect$$rtexit$$00000003  c_w.l(rtexit2.o)
    0x0800029c   0x00000006   Code   RO         2392    .ARM.Collect$$rtexit$$00000004  c_w.l(rtexit2.o)
    0x080002a2   0x00000002   PAD
    0x080002a4   0x00000034   Code   RO         2275    .emb_text           c_w.l(rand.o)
    0x080002d8   0x00000038   Code   RO         2205    .text               startup_xmc4700.o
    0x08000310   0x0000003c   Code   RO         2276    .text               c_w.l(rand.o)
    0x0800034c   0x0000008a   Code   RO         2280    .text               c_w.l(rt_memcpy_v6.o)
    0x080003d6   0x00000010   Code   RO         2282    .text               c_w.l(aeabi_memset.o)
    0x080003e6   0x00000006   Code   RO         2284    .text               c_w.l(heapauxi.o)
    0x080003ec   0x00000064   Code   RO         2289    .text               c_w.l(rt_memcpy_w.o)
    0x08000450   0x00000044   Code   RO         2291    .text               c_w.l(rt_memclr.o)
    0x08000494   0x0000004e   Code   RO         2353    .text               c_w.l(rt_memclr_w.o)
    0x080004e2   0x0000004a   Code   RO         2359    .text               c_w.l(sys_stackheap_outer.o)
    0x0800052c   0x00000012   Code   RO         2361    .text               c_w.l(exit.o)
    0x0800053e   0x00000002   PAD
    0x08000540   0x00000008   Code   RO         2375    .text               c_w.l(libspace.o)
    0x08000548   0x00000002   Code   RO         2386    .text               c_w.l(use_no_semi.o)
    0x0800054a   0x00000000   Code   RO         2388    .text               c_w.l(indicate_semi.o)
    0x0800054a   0x00000002   PAD
    0x0800054c   0x0000000c   Code   RO         2402    .text               c_w.l(sys_exit.o)
    0x08000558   0x00000178   Code   RO          385    i.ECDSA_verify      sls10ere_math.o
    0x080006d0   0x00000008   Code   RO         2212    i.OSCHP_GetFrequency  system_xmc4700.o
    0x080006d8   0x0000000c   Code   RO          140    i.SWI_BIFDelay      board.o
    0x080006e4   0x0000002c   Code   RO          801    i.SWI_BIFHALSetTauSWI_BIF  swi_hal.o
    0x08000710   0x0000008c   Code   RO          804    i.SWI_BIFTransCheckBitInversion  swi_hal.o
    0x0800079c   0x0000015a   Code   RO          805    i.SWI_BIFTransCheckParityBit  swi_hal.o
    0x080008f6   0x00000048   Code   RO          806    i.SWI_BIFTransProcessReceivedWord  swi_hal.o
    0x0800093e   0x00000092   Code   RO          807    i.SWI_BIFTransReadMultUint8  swi_hal.o
    0x080009d0   0x00000068   Code   RO          808    i.SWI_BIFTransReadUint16  swi_hal.o
    0x08000a38   0x0000003c   Code   RO          809    i.SWI_BIFTransReadUint8  swi_hal.o
    0x08000a74   0x00000228   Code   RO          810    i.SWI_BIFTransReceiveWord  swi_hal.o
    0x08000c9c   0x00000284   Code   RO          812    i.SWI_BIFTransSendWord  swi_hal.o
    0x08000f20   0x00000172   Code   RO          813    i.SWI_BIFTransSetParityBits  swi_hal.o
    0x08001092   0x00000040   Code   RO          814    i.SWI_BIFTransTreatInvertFlag  swi_hal.o
    0x080010d2   0x00000038   Code   RO          815    i.SWI_BIFTransWriteMultUint8  swi_hal.o
    0x0800110a   0x0000002c   Code   RO          816    i.SWI_BIFTransWriteUint16  swi_hal.o
    0x08001136   0x00000024   Code   RO          817    i.SWI_BIFTransWriteUint8  swi_hal.o
    0x0800115a   0x00000002   PAD
    0x0800115c   0x0000002c   Code   RO          819    i.SWI_BIFTrans_Abort_EINT  swi_hal.o
    0x08001188   0x00000010   Code   RO          823    i.SWI_BIFTrans_DIE0  swi_hal.o
    0x08001198   0x00000010   Code   RO          824    i.SWI_BIFTrans_DIE1  swi_hal.o
    0x080011a8   0x00000074   Code   RO          826    i.SWI_BIFTrans_DIP0  swi_hal.o
    0x0800121c   0x00000074   Code   RO          827    i.SWI_BIFTrans_DIP1  swi_hal.o
    0x08001290   0x00000010   Code   RO          828    i.SWI_BIFTrans_DISS  swi_hal.o
    0x080012a0   0x00000060   Code   RO          831    i.SWI_BIFTrans_EINT  swi_hal.o
    0x08001300   0x0000001c   Code   RO          833    i.SWI_BIFTrans_HardRST  swi_hal.o
    0x0800131c   0x00000012   Code   RO          840    i.SWI_BIFTrans_SDA  swi_hal.o
    0x0800132e   0x00000012   Code   RO          844    i.SWI_BIFTrans_WD   swi_hal.o
    0x08001340   0x00000022   Code   RO          846    i.SWI_BIFTrans_WakeUpFromPWDN  swi_hal.o
    0x08001362   0x000000b4   Code   RO          242    i.Sls10ere_ECC      sls10ere_auth.o
    0x08001416   0x00000002   PAD
    0x08001418   0x00000048   Code   RO           78    i.Sls10ere_ECC_Test  test_case.o
    0x08001460   0x0000005c   Code   RO           79    i.Sls10ere_NVM_Test  test_case.o
    0x080014bc   0x000000f8   Code   RO          311    i.Sls10ere_RegisterCrypto  sls10ere_crypto.o
    0x080015b4   0x00000048   Code   RO           80    i.Sls10ere_Run_Test  test_case.o
    0x080015fc   0x00000250   Code   RO          715    i.Sls10ere_SWI_BIF_search_ids  sls10ere_swi_bif.o
    0x0800184c   0x00000044   Code   RO           81    i.Sls10ere_Test_Init  test_case.o
    0x08001890   0x000000d4   Code   RO          312    i.Sls10ere_authenticate  sls10ere_crypto.o
    0x08001964   0x00000034   Code   RO          313    i.Sls10ere_generate_challenge  sls10ere_crypto.o
    0x08001998   0x00000034   Code   RO          314    i.Sls10ere_generate_checkvalue  sls10ere_crypto.o
    0x080019cc   0x00000048   Code   RO          315    i.Sls10ere_initialize_crypto  sls10ere_crypto.o
    0x08001a14   0x00000080   Code   RO          316    i.Sls10ere_mac_verify  sls10ere_crypto.o
    0x08001a94   0x00000014   Code   RO          317    i.Sls10ere_memcpy   sls10ere_crypto.o
    0x08001aa8   0x00000014   Code   RO          318    i.Sls10ere_memset   sls10ere_crypto.o
    0x08001abc   0x00000068   Code   RO          658    i.Sls10ere_nvm_read_data  sls10ere_nvm.o
    0x08001b24   0x00000074   Code   RO          661    i.Sls10ere_nvm_wait_wr_done  sls10ere_nvm.o
    0x08001b98   0x0000026c   Code   RO          662    i.Sls10ere_nvm_write_data  sls10ere_nvm.o
    0x08001e04   0x0000002a   Code   RO          319    i.Sls10ere_rand     sls10ere_crypto.o
    0x08001e2e   0x00000040   Code   RO          243    i.Sls10ere_read_ODC  sls10ere_auth.o
    0x08001e6e   0x0000006c   Code   RO          244    i.Sls10ere_read_response  sls10ere_auth.o
    0x08001eda   0x00000002   Code   RO          320    i.Sls10ere_unregister  sls10ere_crypto.o
    0x08001edc   0x00000056   Code   RO          245    i.Sls10ere_write_challenge  sls10ere_auth.o
    0x08001f32   0x00000002   PAD
    0x08001f34   0x00000120   Code   RO          246    i.Sls10ere_write_challenge_read_response  sls10ere_auth.o
    0x08002054   0x00000218   Code   RO         2213    i.SystemCoreClockSetup  system_xmc4700.o
    0x0800226c   0x000000a4   Code   RO         2214    i.SystemCoreClockUpdate  system_xmc4700.o
    0x08002310   0x00000058   Code   RO         2215    i.SystemCoreSetup   system_xmc4700.o
    0x08002368   0x0000001c   Code   RO         2216    i.SystemInit        system_xmc4700.o
    0x08002384   0x0000000c   Code   RO          141    i.XMC_GPIO_GetInput  board.o
    0x08002390   0x00000040   Code   RO         2176    i.XMC_GPIO_SetMode  xmc_gpio.o
    0x080023d0   0x00000008   Code   RO          142    i.XMC_GPIO_SetOutputHigh  board.o
    0x080023d8   0x0000000a   Code   RO          143    i.XMC_GPIO_SetOutputLow  board.o
    0x080023e2   0x00000010   Code   RO          716    i.b_UidSearch_GetDIE0Info  sls10ere_swi_bif.o
    0x080023f2   0x00000010   Code   RO          717    i.b_UidSearch_GetDIE1Info  sls10ere_swi_bif.o
    0x08002402   0x00000010   Code   RO          718    i.b_UidSearch_GetDipDoneBit  sls10ere_swi_bif.o
    0x08002412   0x00000016   Code   RO          719    i.b_UidSearch_SetDIE0Info  sls10ere_swi_bif.o
    0x08002428   0x0000000a   Code   RO          720    i.b_UidSearch_SetDIE1Info  sls10ere_swi_bif.o
    0x08002432   0x00000016   Code   RO          721    i.b_UidSearch_SetDipDoneBit  sls10ere_swi_bif.o
    0x08002448   0x0000002c   Code   RO          722    i.b_pop             sls10ere_swi_bif.o
    0x08002474   0x0000002c   Code   RO          723    i.b_push            sls10ere_swi_bif.o
    0x080024a0   0x00000018   Code   RO          144    i.board_init        board.o
    0x080024b8   0x00000018   Code   RO         2217    i.delay             system_xmc4700.o
    0x080024d0   0x0000001a   Code   RO          386    i.dwordvec_163_copy  sls10ere_math.o
    0x080024ea   0x0000001e   Code   RO          387    i.dwordvec_193_copy  sls10ere_math.o
    0x08002508   0x0000006c   Code   RO          388    i.dwordvec_add      sls10ere_math.o
    0x08002574   0x00000054   Code   RO          389    i.dwordvec_cmp      sls10ere_math.o
    0x080025c8   0x0000003c   Code   RO          390    i.dwordvec_iszero   sls10ere_math.o
    0x08002604   0x00000044   Code   RO          391    i.dwordvec_l_shift_163  sls10ere_math.o
    0x08002648   0x00000050   Code   RO          392    i.dwordvec_l_shift_193  sls10ere_math.o
    0x08002698   0x0000007c   Code   RO          393    i.dwordvec_sub      sls10ere_math.o
    0x08002714   0x00000054   Code   RO          394    i.dwordvec_swap     sls10ere_math.o
    0x08002768   0x00000190   Code   RO          395    i.ecc_add_point_x   sls10ere_math.o
    0x080028f8   0x0000004c   Code   RO          396    i.ecc_init          sls10ere_math.o
    0x08002944   0x00000154   Code   RO          397    i.ecc_mul_projective  sls10ere_math.o
    0x08002a98   0x00000088   Code   RO          398    i.ecc_point_on_curve  sls10ere_math.o
    0x08002b20   0x00000034   Code   RO          399    i.generate_challenge  sls10ere_math.o
    0x08002b54   0x00000030   Code   RO          400    i.generate_checkvalue  sls10ere_math.o
    0x08002b84   0x00000038   Code   RO          145    i.get_pin           board.o
    0x08002bbc   0x00000034   Code   RO          401    i.gf2_163_add       sls10ere_math.o
    0x08002bf0   0x000000ae   Code   RO          402    i.gf2_163_mul       sls10ere_math.o
    0x08002c9e   0x0000007a   Code   RO          403    i.gf2_163_reduction  sls10ere_math.o
    0x08002d18   0x0000010c   Code   RO          404    i.gf2_163_square    sls10ere_math.o
    0x08002e24   0x00000032   Code   RO          405    i.gf2_163_sum       sls10ere_math.o
    0x08002e56   0x0000003c   Code   RO          406    i.gf2_193_add       sls10ere_math.o
    0x08002e92   0x000000ae   Code   RO          407    i.gf2_193_mul       sls10ere_math.o
    0x08002f40   0x00000062   Code   RO          408    i.gf2_193_reduction  sls10ere_math.o
    0x08002fa2   0x00000002   PAD
    0x08002fa4   0x00000138   Code   RO          409    i.gf2_193_square    sls10ere_math.o
    0x080030dc   0x0000003a   Code   RO          410    i.gf2_193_sum       sls10ere_math.o
    0x08003116   0x00000002   PAD
    0x08003118   0x000000a4   Code   RO          411    i.gf2n_divide       sls10ere_math.o
    0x080031bc   0x000000c4   Code   RO          412    i.gf2n_init         sls10ere_math.o
    0x08003280   0x000000a0   Code   RO          413    i.gfp_divide        sls10ere_math.o
    0x08003320   0x0000027c   Code   RO          414    i.mac_algorithm_80  sls10ere_math.o
    0x0800359c   0x0000001c   Code   RO            4    i.main              main.o
    0x080035b8   0x00000078   Code   RO          415    i.mont_ecc_add      sls10ere_math.o
    0x08003630   0x00000064   Code   RO          416    i.mont_ecc_double   sls10ere_math.o
    0x08003694   0x0000018c   Code   RO          417    i.mont_ecc_mul      sls10ere_math.o
    0x08003820   0x00000120   Code   RO          418    i.precompute        sls10ere_math.o
    0x08003940   0x00000078   Code   RO          419    i.r_shift           sls10ere_math.o
    0x080039b8   0x00000038   Code   RO          420    i.remove_2_power    sls10ere_math.o
    0x080039f0   0x0000003c   Code   RO          421    i.remove_x_power    sls10ere_math.o
    0x08003a2c   0x00000038   Code   RO          146    i.set_pin           board.o
    0x08003a64   0x0000003c   Code   RO          147    i.set_pin_dir       board.o
    0x08003aa0   0x00000026   Code   RO          422    i.sha256            sls10ere_math.o
    0x08003ac6   0x00000002   PAD
    0x08003ac8   0x00000248   Code   RO          423    i.sha256_compress   sls10ere_math.o
    0x08003d10   0x0000008e   Code   RO          424    i.sha256_final      sls10ere_math.o
    0x08003d9e   0x00000002   PAD
    0x08003da0   0x00000048   Code   RO          425    i.sha256_init       sls10ere_math.o
    0x08003de8   0x00000038   Code   RO          426    i.sha256_update     sls10ere_math.o
    0x08003e20   0x0000004c   Code   RO          148    i.test_fail         board.o
    0x08003e6c   0x00000012   Code   RO          149    i.test_output       board.o
    0x08003e7e   0x00000002   PAD
    0x08003e80   0x00000024   Code   RO          150    i.test_pass         board.o
    0x08003ea4   0x00000084   Code   RO          151    i.timing_init       board.o
    0x08003f28   0x0000000c   Code   RO          724    i.ub_SizeOfStack    sls10ere_swi_bif.o
    0x08003f34   0x00000012   Code   RO          152    i.udelay            board.o
    0x08003f46   0x00000002   PAD
    0x08003f48   0x00000074   Code   RO          427    i.verify_mac        sls10ere_math.o
    0x08003fbc   0x0000000a   Code   RO         2357    x$fpl$fpinit        fz_wm.l(fpinit.o)
    0x08003fc6   0x00000002   PAD
    0x08003fc8   0x00000174   Data   RO          322    .constdata          sls10ere_crypto.o
    0x0800413c   0x0000036c   Data   RO          429    .constdata          sls10ere_math.o
    0x080044a8   0x00000020   Data   RO         2447    Region$$Table       anon$$obj.o


    Execution Region RW_IRAM1 (Base: 0x20000000, Size: 0x00001100, Max: 0x0002cfc0, ABSOLUTE)

    Base Addr    Size         Type   Attr      Idx    E Section Name        Object

    0x20000000   0x00000001   Data   RW           83    .data               test_case.o
    0x20000001   0x00000003   PAD
    0x20000004   0x0000002d   Data   RW          153    .data               board.o
    0x20000031   0x00000003   PAD
    0x20000034   0x0000000c   Data   RW          323    .data               sls10ere_crypto.o
    0x20000040   0x0000002c   Data   RW          430    .data               sls10ere_math.o
    0x2000006c   0x00000001   Data   RW          726    .data               sls10ere_swi_bif.o
    0x2000006d   0x00000001   PAD
    0x2000006e   0x00000006   Data   RW          849    .data               swi_hal.o
    0x20000074   0x00000388   Zero   RW           82    .bss                test_case.o
    0x200003fc   0x00000134   Zero   RW          321    .bss                sls10ere_crypto.o
    0x20000530   0x00000038   Zero   RW          428    .bss                sls10ere_math.o
    0x20000568   0x00000050   Zero   RW          725    .bss                sls10ere_swi_bif.o
    0x200005b8   0x000000e4   Zero   RW         2277    .bss                c_w.l(rand.o)
    0x2000069c   0x00000060   Zero   RW         2376    .bss                c_w.l(libspace.o)
    0x200006fc   0x00000004   PAD
    0x20000700   0x00000200   Zero   RW         2203    HEAP                startup_xmc4700.o
    0x20000900   0x00000800   Zero   RW         2202    STACK               startup_xmc4700.o



  Load Region LR$$.ARM.__AT_0x2002CFC0 (Base: 0x2002cfc0, Size: 0x00000000, Max: 0x00000004, ABSOLUTE)

    Execution Region ER$$.ARM.__AT_0x2002CFC0 (Base: 0x2002cfc0, Size: 0x00000004, Max: 0x00000004, ABSOLUTE, UNINIT)

    Base Addr    Size         Type   Attr      Idx    E Section Name        Object

    0x2002cfc0   0x00000004   Zero   RW         2218    .ARM.__AT_0x2002CFC0  system_xmc4700.o



  Load Region LR$$.ARM.__AT_0x2002CFC4 (Base: 0x2002cfc4, Size: 0x00000000, Max: 0x00000010, ABSOLUTE)

    Execution Region ER$$.ARM.__AT_0x2002CFC4 (Base: 0x2002cfc4, Size: 0x00000010, Max: 0x00000010, ABSOLUTE, UNINIT)

    Base Addr    Size         Type   Attr      Idx    E Section Name        Object

    0x2002cfc4   0x00000010   Zero   RW         2219    .ARM.__AT_0x2002CFC4  system_xmc4700.o


==============================================================================

Image component sizes


      Code (inc. data)   RO Data    RW Data    ZI Data      Debug   Object Name

       518         98          0         45          0      13814   board.o
        28          0          0          0          0      10971   main.o
       726          6          0          0          0      10352   sls10ere_auth.o
       848        188        372         12        308      12565   sls10ere_crypto.o
      6764        400        876         44         56      34301   sls10ere_math.o
       840          4          0          0          0       3463   sls10ere_nvm.o
       794         32          0          1         80       9935   sls10ere_swi_bif.o
        56         32        512          0       2560        524   startup_xmc4700.o
      3196         50          0          6          0      22415   swi_hal.o
       848        106          0          0         20       7610   system_xmc4700.o
       304         38          0          1        904       7913   test_case.o
        64          0          0          0          0       1095   xmc_gpio.o

    ----------------------------------------------------------------------
     15004        954       1792        116       3928     134958   Object Totals
         0          0         32          0          0          0   (incl. Generated)
        18          0          0          7          0          0   (incl. Padding)

    ----------------------------------------------------------------------

      Code (inc. data)   RO Data    RW Data    ZI Data      Debug   Library Member Name

         8          0          0          0          0         68   __main.o
         0          0          0          0          0          0   __rtentry.o
        12          0          0          0          0          0   __rtentry2.o
         6          0          0          0          0          0   __rtentry4.o
        52          8          0          0          0          0   __scatter.o
        26          0          0          0          0          0   __scatter_copy.o
        28          0          0          0          0          0   __scatter_zi.o
        16          0          0          0          0         68   aeabi_memset.o
        18          0          0          0          0         80   exit.o
         6          0          0          0          0        152   heapauxi.o
         0          0          0          0          0          0   indicate_semi.o
         2          0          0          0          0          0   libinit.o
        10          0          0          0          0          0   libinit2.o
         2          0          0          0          0          0   libshutdown.o
         2          0          0          0          0          0   libshutdown2.o
         8          4          0          0         96         68   libspace.o
       112         18          0          0        228        160   rand.o
        68          0          0          0          0         68   rt_memclr.o
        78          0          0          0          0         80   rt_memclr_w.o
       138          0          0          0          0         68   rt_memcpy_v6.o
       100          0          0          0          0         80   rt_memcpy_w.o
         2          0          0          0          0          0   rtexit.o
        10          0          0          0          0          0   rtexit2.o
        12          4          0          0          0         68   sys_exit.o
        74          0          0          0          0         80   sys_stackheap_outer.o
         2          0          0          0          0         68   use_no_semi.o
        10          0          0          0          0        116   fpinit.o

    ----------------------------------------------------------------------
       812         34          0          0        328       1224   Library Totals
        10          0          0          0          4          0   (incl. Padding)

    ----------------------------------------------------------------------

      Code (inc. data)   RO Data    RW Data    ZI Data      Debug   Library Name

       792         34          0          0        324       1108   c_w.l
        10          0          0          0          0        116   fz_wm.l

    ----------------------------------------------------------------------
       812         34          0          0        328       1224   Library Totals

    ----------------------------------------------------------------------

==============================================================================


      Code (inc. data)   RO Data    RW Data    ZI Data      Debug   

     15816        988       1792        116       4256     124162   Grand Totals
     15816        988       1792        116       4256     124162   ELF Image Totals
     15816        988       1792        116          0          0   ROM Totals

==============================================================================

    Total RO  Size (Code + RO Data)                17608 (  17.20kB)
    Total RW  Size (RW Data + ZI Data)              4372 (   4.27kB)
    Total ROM Size (Code + RO Data + RW Data)      17724 (  17.31kB)

==============================================================================

