Component: ARM Compiler 5.06 update 3 (build 300) Tool: armlink [4d35c9]

==============================================================================

Section Cross References

    main.o(i.__sti___8_main_cpp_driver) refers to new.o(i._Znwj) for operator new(unsigned)
    main.o(i.__sti___8_main_cpp_driver) refers to dji_api.o(i._ZN3DJI10onboardSDK7CoreAPIC1EPNS0_10HardDriverEbPFvPS1_PNS0_6HeaderEPvES7_) for DJI::onboardSDK::CoreAPI::CoreAPI(DJI::onboardSDK::HardDriver*, bool, void(*)(DJI::onboardSDK::CoreAPI*, DJI::onboardSDK::Header*, void*), void*)
    main.o(i.__sti___8_main_cpp_driver) refers to dji_flight.o(i._ZN3DJI10onboardSDK6FlightC1EPNS0_7CoreAPIE) for DJI::onboardSDK::Flight::Flight(DJI::onboardSDK::CoreAPI*)
    main.o(i.__sti___8_main_cpp_driver) refers to dji_virtualrc.o(i._ZN3DJI10onboardSDK9VirtualRCC1EPNS0_7CoreAPIE) for DJI::onboardSDK::VirtualRC::VirtualRC(DJI::onboardSDK::CoreAPI*)
    main.o(i.__sti___8_main_cpp_driver) refers to dji_harddriver.o(.constdata__ZTVN3DJI10onboardSDK10HardDriverE) for vtable for DJI::onboardSDK::HardDriver
    main.o(i.__sti___8_main_cpp_driver) refers to driver.o(.constdata__ZTV8XMC_4700) for vtable for XMC_4700
    main.o(i.__sti___8_main_cpp_driver) refers to main.o(.data) for driver
    main.o(i.__sti___8_main_cpp_driver) refers to main.o(.bss) for defaultAPI
    main.o(i.main) refers to receive.o(i._Z16InitSoftwareFIFOv) for InitSoftwareFIFO()
    main.o(i.main) refers to bsp.o(i._Z7BSPinitv) for BSPinit()
    main.o(i.main) refers to timer.o(i._Z9delay_nmst) for delay_nms(unsigned short)
    main.o(i.main) refers to printfa.o(i.__0printf) for __2printf
    main.o(i.main) refers to dji_api.o(i._ZN3DJI10onboardSDK7CoreAPI16setBroadcastFreqEPhPFvPS1_PNS0_6HeaderEPvES6_) for DJI::onboardSDK::CoreAPI::setBroadcastFreq(unsigned char*, void(*)(DJI::onboardSDK::CoreAPI*, DJI::onboardSDK::Header*, void*), void*)
    main.o(i.main) refers to dji_app.o(i._ZN3DJI10onboardSDK7CoreAPI20setBroadcastCallbackEPFvPS1_PNS0_6HeaderEPvES5_) for DJI::onboardSDK::CoreAPI::setBroadcastCallback(void(*)(DJI::onboardSDK::CoreAPI*, DJI::onboardSDK::Header*, void*), void*)
    main.o(i.main) refers to dji_api.o(i._ZN3DJI10onboardSDK7CoreAPI15getDroneVersionEPFvPS1_PNS0_6HeaderEPvES5_) for DJI::onboardSDK::CoreAPI::getDroneVersion(void(*)(DJI::onboardSDK::CoreAPI*, DJI::onboardSDK::Header*, void*), void*)
    main.o(i.main) refers to activate.o(i._Z13User_Activatev) for User_Activate()
    main.o(i.main) refers to mobilecommand.o(i._Z20mobileCommandHandlerPN3DJI10onboardSDK7CoreAPIEPNS0_6FlightE) for mobileCommandHandler(DJI::onboardSDK::CoreAPI*, DJI::onboardSDK::Flight*)
    main.o(i.main) refers to receive.o(i._ZN15TerminalCommand22terminalCommandHandlerEPN3DJI10onboardSDK7CoreAPIEPNS1_6FlightE) for TerminalCommand::terminalCommandHandler(DJI::onboardSDK::CoreAPI*, DJI::onboardSDK::Flight*)
    main.o(i.main) refers to dji_link.o(i._ZN3DJI10onboardSDK7CoreAPI8sendPollEv) for DJI::onboardSDK::CoreAPI::sendPoll()
    main.o(i.main) refers to main.o(.conststring) for .conststring
    main.o(i.main) refers to localnavigation.o(.data) for myFreq
    main.o(i.main) refers to main.o(.data) for coreApi
    main.o(i.main) refers to localnavigation.o(.bss) for droneState
    main.o(i.main) refers to localnavigation.o(i._Z14myRecvCallbackPN3DJI10onboardSDK7CoreAPIEPNS0_6HeaderEPv) for myRecvCallback(DJI::onboardSDK::CoreAPI*, DJI::onboardSDK::Header*, void*)
    main.o(i.main) refers to receive.o(.bss) for myTerminal
    main.o(.ARM.exidx) refers to main.o(i.main) for i.main
    main.o(.ARM.exidx) refers to main.o(i.__sti___8_main_cpp_driver) for i.__sti___8_main_cpp_driver
    main.o(.data) refers to main.o(.bss) for defaultAPI
    main.o(.init_array) refers to main.o(i.__sti___8_main_cpp_driver) for __sti___8_main_cpp_driver
    main.o(.init_array) refers to cpp_init.o(.text) for __cpp_initialize__aeabi_
    driver.o(i._ZN8XMC_470012getTimeStampEv) refers to timer.o(.data) for tick
    driver.o(i._ZN8XMC_47004sendEPKhj) refers to xmc_uart.o(i.XMC_UART_CH_Transmit) for XMC_UART_CH_Transmit
    driver.o(i._ZN8XMC_47004sendEPKhj) refers to bspusart.o(.data) for n3_uart
    driver.o(.ARM.exidx) refers to driver.o(i._ZN8XMC_47004sendEPKhj) for i._ZN8XMC_47004sendEPKhj
    driver.o(.ARM.exidx) refers to driver.o(i._ZN8XMC_470012getTimeStampEv) for i._ZN8XMC_470012getTimeStampEv
    activate.o(i._Z13User_Activatev) refers to dji_api.o(i._ZN3DJI10onboardSDK7CoreAPI8activateEPNS0_12ActivateDataEPFvPS1_PNS0_6HeaderEPvES7_) for DJI::onboardSDK::CoreAPI::activate(DJI::onboardSDK::ActivateData*, void(*)(DJI::onboardSDK::CoreAPI*, DJI::onboardSDK::Header*, void*), void*)
    activate.o(i._Z13User_Activatev) refers to activate.o(.data) for key_buf
    activate.o(i._Z13User_Activatev) refers to main.o(.data) for coreApi
    activate.o(.ARM.exidx) refers to activate.o(i._Z13User_Activatev) for i._Z13User_Activatev
[...]
    CAN0_6_IRQHandler                        0x08000225   Thumb Code     0  startup_xmc4700.o(.text)
    CAN0_7_IRQHandler                        0x08000225   Thumb Code     0  startup_xmc4700.o(.text)
    CCU40_2_IRQHandler                       0x08000225   Thumb Code     0  startup_xmc4700.o(.text)
    CCU40_3_IRQHandler                       0x08000225   Thumb Code     0  startup_xmc4700.o(.text)
    CCU41_0_IRQHandler                       0x08000225   Thumb Code     0  startup_xmc4700.o(.text)
    CCU41_1_IRQHandler                       0x08000225   Thumb Code     0  startup_xmc4700.o(.text)
    CCU41_2_IRQHandler                       0x08000225   Thumb Code     0  startup_xmc4700.o(.text)
    CCU41_3_IRQHandler                       0x08000225   Thumb Code     0  startup_xmc4700.o(.text)
    CCU42_0_IRQHandler                       0x08000225   Thumb Code     0  startup_xmc4700.o(.text)
    CCU42_1_IRQHandler                       0x08000225   Thumb Code     0  startup_xmc4700.o(.text)
    CCU42_2_IRQHandler                       0x08000225   Thumb Code     0  startup_xmc4700.o(.text)
    CCU42_3_IRQHandler                       0x08000225   Thumb Code     0  startup_xmc4700.o(.text)
    CCU43_0_IRQHandler                       0x08000225   Thumb Code     0  startup_xmc4700.o(.text)
    CCU43_1_IRQHandler                       0x08000225   Thumb Code     0  startup_xmc4700.o(.text)
    CCU43_2_IRQHandler                       0x08000225   Thumb Code     0  startup_xmc4700.o(.text)
    CCU43_3_IRQHandler                       0x08000225   Thumb Code     0  startup_xmc4700.o(.text)
    CCU80_0_IRQHandler                       0x08000225   Thumb Code     0  startup_xmc4700.o(.text)
    CCU80_1_IRQHandler                       0x08000225   Thumb Code     0  startup_xmc4700.o(.text)
    CCU80_2_IRQHandler                       0x08000225   Thumb Code     0  startup_xmc4700.o(.text)
    CCU80_3_IRQHandler                       0x08000225   Thumb Code     0  startup_xmc4700.o(.text)
    CCU81_0_IRQHandler                       0x08000225   Thumb Code     0  startup_xmc4700.o(.text)
    CCU81_1_IRQHandler                       0x08000225   Thumb Code     0  startup_xmc4700.o(.text)
    CCU81_2_IRQHandler                       0x08000225   Thumb Code     0  startup_xmc4700.o(.text)
    CCU81_3_IRQHandler                       0x08000225   Thumb Code     0  startup_xmc4700.o(.text)
    DAC0_0_IRQHandler                        0x08000225   Thumb Code     0  startup_xmc4700.o(.text)
    DAC0_1_IRQHandler                        0x08000225   Thumb Code     0  startup_xmc4700.o(.text)
    DSD0_0_IRQHandler                        0x08000225   Thumb Code     0  startup_xmc4700.o(.text)
    DSD0_1_IRQHandler                        0x08000225   Thumb Code     0  startup_xmc4700.o(.text)
    DSD0_2_IRQHandler                        0x08000225   Thumb Code     0  startup_xmc4700.o(.text)
    DSD0_3_IRQHandler                        0x08000225   Thumb Code     0  startup_xmc4700.o(.text)
    DSD0_4_IRQHandler                        0x08000225   Thumb Code     0  startup_xmc4700.o(.text)
    DSD0_5_IRQHandler                        0x08000225   Thumb Code     0  startup_xmc4700.o(.text)
    DSD0_6_IRQHandler                        0x08000225   Thumb Code     0  startup_xmc4700.o(.text)
    DSD0_7_IRQHandler                        0x08000225   Thumb Code     0  startup_xmc4700.o(.text)
    DebugMon_Handler                         0x08000225   Thumb Code     0  startup_xmc4700.o(.text)
    ERU0_0_IRQHandler                        0x08000225   Thumb Code     0  startup_xmc4700.o(.text)
    ERU0_1_IRQHandler                        0x08000225   Thumb Code     0  startup_xmc4700.o(.text)
    ERU0_2_IRQHandler                        0x08000225   Thumb Code     0  startup_xmc4700.o(.text)
    ERU0_3_IRQHandler                        0x08000225   Thumb Code     0  startup_xmc4700.o(.text)
    ERU1_0_IRQHandler                        0x08000225   Thumb Code     0  startup_xmc4700.o(.text)
    ERU1_1_IRQHandler                        0x08000225   Thumb Code     0  startup_xmc4700.o(.text)
    ERU1_2_IRQHandler                        0x08000225   Thumb Code     0  startup_xmc4700.o(.text)
    ERU1_3_IRQHandler                        0x08000225   Thumb Code     0  startup_xmc4700.o(.text)
    ETH0_0_IRQHandler                        0x08000225   Thumb Code     0  startup_xmc4700.o(.text)
    FCE0_0_IRQHandler                        0x08000225   Thumb Code     0  startup_xmc4700.o(.text)
    GPDMA0_0_IRQHandler                      0x08000225   Thumb Code     0  startup_xmc4700.o(.text)
    GPDMA1_0_IRQHandler                      0x08000225   Thumb Code     0  startup_xmc4700.o(.text)
    HardFault_Handler                        0x08000225   Thumb Code     0  startup_xmc4700.o(.text)
    LEDTS0_0_IRQHandler                      0x08000225   Thumb Code     0  startup_xmc4700.o(.text)
    MemManage_Handler                        0x08000225   Thumb Code     0  startup_xmc4700.o(.text)
    NMI_Handler                              0x08000225   Thumb Code     0  startup_xmc4700.o(.text)
    PMU0_0_IRQHandler                        0x08000225   Thumb Code     0  startup_xmc4700.o(.text)
    POSIF0_0_IRQHandler                      0x08000225   Thumb Code     0  startup_xmc4700.o(.text)
    POSIF0_1_IRQHandler                      0x08000225   Thumb Code     0  startup_xmc4700.o(.text)
    POSIF1_0_IRQHandler                      0x08000225   Thumb Code     0  startup_xmc4700.o(.text)
    POSIF1_1_IRQHandler                      0x08000225   Thumb Code     0  startup_xmc4700.o(.text)
    PendSV_Handler                           0x08000225   Thumb Code     0  startup_xmc4700.o(.text)
    SCU_0_IRQHandler                         0x08000225   Thumb Code     0  startup_xmc4700.o(.text)
    SDMMC0_0_IRQHandler                      0x08000225   Thumb Code     0  startup_xmc4700.o(.text)
    SVC_Handler                              0x08000225   Thumb Code     0  startup_xmc4700.o(.text)
    USB0_0_IRQHandler                        0x08000225   Thumb Code     0  startup_xmc4700.o(.text)
    USIC0_0_IRQHandler                       0x08000225   Thumb Code     0  startup_xmc4700.o(.text)
    USIC0_1_IRQHandler                       0x08000225   Thumb Code     0  startup_xmc4700.o(.text)
    USIC0_2_IRQHandler                       0x08000225   Thumb Code     0  startup_xmc4700.o(.text)
    USIC0_3_IRQHandler                       0x08000225   Thumb Code     0  startup_xmc4700.o(.text)
    USIC0_4_IRQHandler                       0x08000225   Thumb Code     0  startup_xmc4700.o(.text)
    USIC1_0_IRQHandler                       0x08000225   Thumb Code     0  startup_xmc4700.o(.text)
    USIC1_1_IRQHandler                       0x08000225   Thumb Code     0  startup_xmc4700.o(.text)
    USIC1_2_IRQHandler                       0x08000225   Thumb Code     0  startup_xmc4700.o(.text)
    USIC1_3_IRQHandler                       0x08000225   Thumb Code     0  startup_xmc4700.o(.text)
    USIC1_4_IRQHandler                       0x08000225   Thumb Code     0  startup_xmc4700.o(.text)
    USIC2_0_IRQHandler                       0x08000225   Thumb Code     0  startup_xmc4700.o(.text)
    USIC2_1_IRQHandler                       0x08000225   Thumb Code     0  startup_xmc4700.o(.text)
    USIC2_2_IRQHandler                       0x08000225   Thumb Code     0  startup_xmc4700.o(.text)
    USIC2_3_IRQHandler                       0x08000225   Thumb Code     0  startup_xmc4700.o(.text)
    USIC2_4_IRQHandler                       0x08000225   Thumb Code     0  startup_xmc4700.o(.text)
    USIC2_5_IRQHandler                       0x08000225   Thumb Code     0  startup_xmc4700.o(.text)
    UsageFault_Handler                       0x08000225   Thumb Code     0  startup_xmc4700.o(.text)
    VADC0_C0_0_IRQHandler                    0x08000225   Thumb Code     0  startup_xmc4700.o(.text)
    VADC0_C0_1_IRQHandler                    0x08000225   Thumb Code     0  startup_xmc4700.o(.text)
    VADC0_C0_2_IRQHandler                    0x08000225   Thumb Code     0  startup_xmc4700.o(.text)
    VADC0_C0_3_IRQHandler                    0x08000225   Thumb Code     0  startup_xmc4700.o(.text)
    VADC0_G0_0_IRQHandler                    0x08000225   Thumb Code     0  startup_xmc4700.o(.text)
    VADC0_G0_1_IRQHandler                    0x08000225   Thumb Code     0  startup_xmc4700.o(.text)
    VADC0_G0_2_IRQHandler                    0x08000225   Thumb Code     0  startup_xmc4700.o(.text)
    VADC0_G0_3_IRQHandler                    0x08000225   Thumb Code     0  startup_xmc4700.o(.text)
    VADC0_G1_0_IRQHandler                    0x08000225   Thumb Code     0  startup_xmc4700.o(.text)
    VADC0_G1_1_IRQHandler                    0x08000225   Thumb Code     0  startup_xmc4700.o(.text)
    VADC0_G1_2_IRQHandler                    0x08000225   Thumb Code     0  startup_xmc4700.o(.text)
    VADC0_G1_3_IRQHandler                    0x08000225   Thumb Code     0  startup_xmc4700.o(.text)
    VADC0_G2_0_IRQHandler                    0x08000225   Thumb Code     0  startup_xmc4700.o(.text)
    VADC0_G2_1_IRQHandler                    0x08000225   Thumb Code     0  startup_xmc4700.o(.text)
    VADC0_G2_2_IRQHandler                    0x08000225   Thumb Code     0  startup_xmc4700.o(.text)
    VADC0_G2_3_IRQHandler                    0x08000225   Thumb Code     0  startup_xmc4700.o(.text)
    VADC0_G3_0_IRQHandler                    0x08000225   Thumb Code     0  startup_xmc4700.o(.text)
    VADC0_G3_1_IRQHandler                    0x08000225   Thumb Code     0  startup_xmc4700.o(.text)
    VADC0_G3_2_IRQHandler                    0x08000225   Thumb Code     0  startup_xmc4700.o(.text)
    VADC0_G3_3_IRQHandler                    0x08000225   Thumb Code     0  startup_xmc4700.o(.text)
    arm_cos_f32                              0x08000235   Thumb Code   108  arm_cos_f32.o(.text)
    arm_sin_f32                              0x080002ad   Thumb Code   118  arm_sin_f32.o(.text)
    ___aeabi_memcpy8$move                    0x08000331   Thumb Code     0  memmovea.o(.text)
    __aeabi_memcpy                           0x08000331   Thumb Code    64  memmovea.o(.text)
    __aeabi_memcpy4                          0x08000331   Thumb Code     0  memmovea.o(.text)
    __aeabi_memmove                          0x08000331   Thumb Code     0  memmovea.o(.text)
    __aeabi_memmove4                         0x08000331   Thumb Code     0  memmovea.o(.text)
    __aeabi_memmove8                         0x08000331   Thumb Code     0  memmovea.o(.text)
    __aeabi_memset                           0x08000371   Thumb Code    14  memseta.o(.text)
    __aeabi_memset4                          0x08000371   Thumb Code     0  memseta.o(.text)
    __aeabi_memset8                          0x08000371   Thumb Code     0  memseta.o(.text)
    __aeabi_memclr                           0x0800037f   Thumb Code     4  memseta.o(.text)
    __aeabi_memclr4                          0x0800037f   Thumb Code     0  memseta.o(.text)
    __aeabi_memclr8                          0x0800037f   Thumb Code     0  memseta.o(.text)
    _memset$wrapper                          0x08000383   Thumb Code    18  memseta.o(.text)
    strcmp                                   0x08000395   Thumb Code    28  strcmp.o(.text)
    __0sscanf                                0x080003b1   Thumb Code    48  __0sscanf.o(.text)
    _scanf_int                               0x080003e9   Thumb Code   332  _scanf_int.o(.text)
    __cpp_initialize__aeabi_                 0x08000535   Thumb Code    22  cpp_init.o(.text)
    __aeabi_dadd                             0x08000555   Thumb Code   322  dadd.o(.text)
    __aeabi_dsub                             0x08000697   Thumb Code     6  dadd.o(.text)
    __aeabi_drsub                            0x0800069d   Thumb Code     6  dadd.o(.text)
    __aeabi_dmul                             0x080006a3   Thumb Code   228  dmul.o(.text)
    __aeabi_ui2d                             0x08000787   Thumb Code    26  dfltui.o(.text)
    __aeabi_f2d                              0x080007a1   Thumb Code    38  f2d.o(.text)
    __aeabi_cdrcmple                         0x080007c9   Thumb Code    48  cdrcmple.o(.text)
    __aeabi_d2f                              0x080007f9   Thumb Code    56  d2f.o(.text)
    __default_new_handler()                  0x08000831   Thumb Code     4  arm_newhandler_noexceptions.o(.text)
    __aeabi_uidiv                            0x08000835   Thumb Code     0  uidiv.o(.text)
    __aeabi_uidivmod                         0x08000835   Thumb Code    44  uidiv.o(.text)
    __aeabi_uldivmod                         0x08000861   Thumb Code    98  uldiv.o(.text)
    __aeabi_llsl                             0x080008c3   Thumb Code    30  llshl.o(.text)
    _ll_shift_l                              0x080008c3   Thumb Code     0  llshl.o(.text)
    __aeabi_lasr                             0x080008e1   Thumb Code    36  llsshr.o(.text)
    _ll_sshift_r                             0x080008e1   Thumb Code     0  llsshr.o(.text)
    _chval                                   0x08000905   Thumb Code    28  _chval.o(.text)
    __vfscanf_char                           0x0800092d   Thumb Code    20  scanf_char.o(.text)
    _sgetc                                   0x08000949   Thumb Code    30  _sgetc.o(.text)
    _sbackspace                              0x08000967   Thumb Code    34  _sgetc.o(.text)
    __I$use$fp                               0x08000989   Thumb Code     0  iusefp.o(.text)
    __rt_new_handler_addr                    0x08000989   Thumb Code     4  cpp_memory.o(.text)
    __rt_eh_globals_addr                     0x0800098d   Thumb Code    12  cpp_memory.o(.text)
    __rt_SIGPVFN                             0x0800099d   Thumb Code     2  cpp_signal.o(.text)
    _float_round                             0x0800099f   Thumb Code    18  fepilogue.o(.text)
    _float_epilogue                          0x080009b1   Thumb Code    92  fepilogue.o(.text)
    _double_round                            0x08000a0d   Thumb Code    30  depilogue.o(.text)
    _double_epilogue                         0x08000a2b   Thumb Code   156  depilogue.o(.text)
    __aeabi_ddiv                             0x08000ac7   Thumb Code   222  ddiv.o(.text)
    __aeabi_d2ulz                            0x08000ba5   Thumb Code    48  dfixul.o(.text)
    std::terminate()                         0x08000bd5   Thumb Code    26  arm_exceptions_terminate.o(.text)
    __cxa_get_globals                        0x08000bf7   Thumb Code    62  arm_exceptions_globs.o(.text)
    __scatterload                            0x08000c41   Thumb Code    28  init.o(.text)
    __scatterload_rt2                        0x08000c41   Thumb Code     0  init.o(.text)
    __aeabi_llsr                             0x08000c65   Thumb Code    32  llushr.o(.text)
    _ll_ushift_r                             0x08000c65   Thumb Code     0  llushr.o(.text)
    isspace                                  0x08000c85   Thumb Code    10  isspace_c.o(.text)
    __vfscanf                                0x08000c91   Thumb Code   808  _scanf.o(.text)
    __ARM_exceptions_buffer_init             0x08000fbd   Thumb Code    18  arm_exceptions_mem.o(.text)
    __ARM_exceptions_buffer_allocate         0x08000fcf   Thumb Code    22  arm_exceptions_mem.o(.text)
    __ARM_exceptions_buffer_free             0x08000fe5   Thumb Code    20  arm_exceptions_mem.o(.text)
    __ctype_lookup                           0x08000ff9   Thumb Code    34  ctype_c.o(.text)
    __decompress                             0x08001021   Thumb Code     0  __dczerorl2.o(.text)
    __decompress1                            0x08001021   Thumb Code    86  __dczerorl2.o(.text)
    CCU40_0_IRQHandler                       0x08001079   Thumb Code    40  timer.o(i.CCU40_0_IRQHandler)
    CCU40_1_IRQHandler                       0x080010a9   Thumb Code    42  timer.o(i.CCU40_1_IRQHandler)
    OSCHP_GetFrequency                       0x080010e5   Thumb Code     4  system_xmc4700.o(i.OSCHP_GetFrequency)
    SysTick_Handler                          0x080010ed   Thumb Code    34  timer.o(i.SysTick_Handler)
    SystemCoreClockSetup                     0x08001119   Thumb Code   470  system_xmc4700.o(i.SystemCoreClockSetup)
    SystemCoreClockUpdate                    0x08001331   Thumb Code   148  system_xmc4700.o(i.SystemCoreClockUpdate)
    SystemCoreSetup                          0x080013d5   Thumb Code    74  system_xmc4700.o(i.SystemCoreSetup)
    SystemInit                               0x0800142d   Thumb Code    22  system_xmc4700.o(i.SystemInit)
    USIC0_5_IRQHandler                       0x08001449   Thumb Code    98  receive.o(i.USIC0_5_IRQHandler)
    USIC1_5_IRQHandler                       0x080014b9   Thumb Code    24  bspusart.o(i.USIC1_5_IRQHandler)
    XMC_CCU4_EnableModule                    0x080014d9   Thumb Code   144  xmc_ccu4.o(i.XMC_CCU4_EnableModule)
    XMC_CCU4_Init                            0x08001575   Thumb Code    38  xmc_ccu4.o(i.XMC_CCU4_Init)
    XMC_CCU4_SLICE_CompareInit               0x0800159b   Thumb Code    48  xmc_ccu4.o(i.XMC_CCU4_SLICE_CompareInit)
    XMC_CCU4_SLICE_SetInterruptNode          0x080015cb   Thumb Code    86  xmc_ccu4.o(i.XMC_CCU4_SLICE_SetInterruptNode)
    XMC_CCU4_SetModuleClock                  0x08001621   Thumb Code    16  xmc_ccu4.o(i.XMC_CCU4_SetModuleClock)
    XMC_GPIO_Init                            0x08001631   Thumb Code   166  xmc4_gpio.o(i.XMC_GPIO_Init)
    XMC_SCU_CLOCK_EnableClock                0x080016e1   Thumb Code     6  xmc4_scu.o(i.XMC_SCU_CLOCK_EnableClock)
    XMC_SCU_CLOCK_GetPeripheralClockFrequency 0x080016ed   Thumb Code    18  xmc4_scu.o(i.XMC_SCU_CLOCK_GetPeripheralClockFrequency)
    XMC_SCU_CLOCK_UngatePeripheralClock      0x08001709   Thumb Code    20  xmc4_scu.o(i.XMC_SCU_CLOCK_UngatePeripheralClock)
    XMC_SCU_RESET_DeassertPeripheralReset    0x08001721   Thumb Code    20  xmc4_scu.o(i.XMC_SCU_RESET_DeassertPeripheralReset)
    XMC_UART_CH_GetReceivedData              0x08001739   Thumb Code    26  xmc_uart.o(i.XMC_UART_CH_GetReceivedData)
    XMC_UART_CH_Init                         0x08001753   Thumb Code   116  xmc_uart.o(i.XMC_UART_CH_Init)
    XMC_UART_CH_Transmit                     0x080017c7   Thumb Code    44  xmc_uart.o(i.XMC_UART_CH_Transmit)
    XMC_USIC_CH_Enable                       0x080017f5   Thumb Code    94  xmc_usic.o(i.XMC_USIC_CH_Enable)
    XMC_USIC_CH_SetBaudrate                  0x0800186d   Thumb Code   146  xmc_usic.o(i.XMC_USIC_CH_SetBaudrate)
    XMC_USIC_CH_SetInterruptNodePointer      0x08001905   Thumb Code    20  xmc_usic.o(i.XMC_USIC_CH_SetInterruptNodePointer)
    XMC_USIC_Enable                          0x08001919   Thumb Code    68  xmc_usic.o(i.XMC_USIC_Enable)
    UartConfig()                             0x0800196d   Thumb Code    16  bspusart.o(i._Z10UartConfigv)
    encodeData(DJI::onboardSDK::SDKFilter*, DJI::onboardSDK::Header*, void(*)(tagAES256Context*, unsigned char*)) 0x0800197d   Thumb Code   134  dji_codec.o(i._Z10encodeDataPN3DJI10onboardSDK9SDKFilterEPNS0_6HeaderEPFvP16tagAES256ContextPhE)
    freeMemory(DJI::onboardSDK::MMU_Tab*)    0x08001a09   Thumb Code    28  dji_memory.o(i._Z10freeMemoryPN3DJI10onboardSDK7MMU_TabE)
    getCmdCode(DJI::onboardSDK::Header*)     0x08001a25   Thumb Code    12  dji_app.o(i._Z10getCmdCodePN3DJI10onboardSDK6HeaderE)
    aes256_done(tagAES256Context*)           0x08001a31   Thumb Code    30  dji_codec.o(i._Z11aes256_doneP16tagAES256Context)
    aes256_init(tagAES256Context*, unsigned char*) 0x08001a4f   Thumb Code    58  dji_codec.o(i._Z11aes256_initP16tagAES256ContextPh)
    tryHotpoint(double, float, float)        0x08001a89   Thumb Code   200  hotpoint.o(i._Z11tryHotpointdff)
    Timer1Config()                           0x08001b5d   Thumb Code   102  timer.o(i._Z12Timer1Configv)
    Timer2Config()                           0x08001bd1   Thumb Code   102  timer.o(i._Z12Timer2Configv)
    VRCResetData()                           0x08001c45   Thumb Code    52  virtualrc.o(i._Z12VRCResetDatav)
    aes_subBytes(unsigned char*)             0x08001c81   Thumb Code    24  dji_codec.o(i._Z12aes_subBytesPh)
    calculateCRC(void*)                      0x08001c9d   Thumb Code   110  dji_codec.o(i._Z12calculateCRCPv)
    crc16_update(unsigned short, unsigned char) 0x08001d0d   Thumb Code    22  dji_codec.o(i._Z12crc16_updateth)
    crc32_update(unsigned, unsigned char)    0x08001d29   Thumb Code    22  dji_codec.o(i._Z12crc32_updatejh)
    stopHotpoint()                           0x08001d45   Thumb Code    14  hotpoint.o(i._Z12stopHotpointv)
    SystickConfig()                          0x08001d59   Thumb Code    66  timer.o(i._Z13SystickConfigv)
    User_Activate()                          0x08001da1   Thumb Code    34  activate.o(i._Z13User_Activatev)
    aes_shiftRows(unsigned char*)            0x08001dd5   Thumb Code    50  dji_codec.o(i._Z13aes_shiftRowsPh)
    N3_UART_Config()                         0x08001e09   Thumb Code    70  bspusart.o(i._Z14N3_UART_Configv)
    PC_UART_Config()                         0x08001e91   Thumb Code    70  bspusart.o(i._Z14PC_UART_Configv)
    aes_mixColumns(unsigned char*)           0x08001eed   Thumb Code   124  dji_codec.o(i._Z14aes_mixColumnsPh)
    myRecvCallback(DJI::onboardSDK::CoreAPI*, DJI::onboardSDK::Header*, void*) 0x08001f69   Thumb Code   192  localnavigation.o(i._Z14myRecvCallbackPN3DJI10onboardSDK7CoreAPIEPNS0_6HeaderEPv)
    serial_read_ch()                         0x0800205d   Thumb Code    16  receive.o(i._Z14serial_read_chv)
    VRC_TakeControl()                        0x08002071   Thumb Code    24  virtualrc.o(i._Z15VRC_TakeControlv)
    aes_addRoundKey(unsigned char*, unsigned char*) 0x08002095   Thumb Code    28  dji_codec.o(i._Z15aes_addRoundKeyPhS_)
    calculateLength(unsigned short, unsigned short) 0x080020b1   Thumb Code    46  dji_link.o(i._Z15calculateLengthtt)
    InitSoftwareFIFO()                       0x080021a1   Thumb Code    28  receive.o(i._Z16InitSoftwareFIFOv)
    UARTxNVIC_Config()                       0x0800221d   Thumb Code   128  bspusart.o(i._Z16UARTxNVIC_Configv)
    aes_expandDecKey(unsigned char*, unsigned char*) 0x080022a5   Thumb Code   246  dji_codec.o(i._Z16aes_expandDecKeyPhS_)
    aes_expandEncKey(unsigned char*, unsigned char*) 0x080023a1   Thumb Code   244  dji_codec.o(i._Z16aes_expandEncKeyPhS_)
    aes_subBytes_inv(unsigned char*)         0x08002499   Thumb Code    24  dji_codec.o(i._Z16aes_subBytes_invPh)
    serial_available()                       0x080024b5   Thumb Code    10  receive.o(i._Z16serial_availablev)
    transformTwoByte(const char*, unsigned char*) 0x080024c5   Thumb Code    60  dji_codec.o(i._Z16transformTwoBytePKcPh)
    aes_shiftRows_inv(unsigned char*)        0x08002511   Thumb Code    50  dji_codec.o(i._Z17aes_shiftRows_invPh)
    aes256_decrypt_ecb(tagAES256Context*, unsigned char*) 0x08002543   Thumb Code   108  dji_codec.o(i._Z18aes256_decrypt_ecbP16tagAES256ContextPh)
    aes256_encrypt_ecb(tagAES256Context*, unsigned char*) 0x080025af   Thumb Code   116  dji_codec.o(i._Z18aes256_encrypt_ecbP16tagAES256ContextPh)
    aes_mixColumns_inv(unsigned char*)       0x08002623   Thumb Code   182  dji_codec.o(i._Z18aes_mixColumns_invPh)
    aes_addRoundKey_cpy(unsigned char*, unsigned char*, unsigned char*) 0x08002751   Thumb Code    38  dji_codec.o(i._Z19aes_addRoundKey_cpyPhS_S_)
    stopLocalNavExample()                    0x080027d1   Thumb Code    18  localnavigation.o(i._Z19stopLocalNavExamplev)
    mobileCommandHandler(DJI::onboardSDK::CoreAPI*, DJI::onboardSDK::Flight*) 0x080027f9   Thumb Code   596  mobilecommand.o(i._Z20mobileCommandHandlerPN3DJI10onboardSDK7CoreAPIEPNS0_6FlightE)
    startLocalNavExample()                   0x08002a51   Thumb Code    84  localnavigation.o(i._Z20startLocalNavExamplev)
    updateCurveFollowing()                   0x08002ac9   Thumb Code   278  localnavigation.o(i._Z20updateCurveFollowingv)
    sdk_stream_crc16_calc(const unsigned char*, unsigned) 0x08002bf9   Thumb Code    34  dji_codec.o(i._Z21sdk_stream_crc16_calcPKhj)
    sdk_stream_crc32_calc(const unsigned char*, unsigned) 0x08002c1b   Thumb Code    34  dji_codec.o(i._Z21sdk_stream_crc32_calcPKhj)
    sdk_stream_prepare_lambda(DJI::onboardSDK::SDKFilter*) 0x08002e25   Thumb Code    34  dji_codec.o(i._Z25sdk_stream_prepare_lambdaPN3DJI10onboardSDK9SDKFilterE)
    sdk_stream_shift_data_lambda(DJI::onboardSDK::SDKFilter*) 0x08002ead   Thumb Code    30  dji_codec.o(i._Z28sdk_stream_shift_data_lambdaPN3DJI10onboardSDK9SDKFilterE)
    sdk_stream_update_reuse_part_lambda(DJI::onboardSDK::SDKFilter*) 0x08002ed7   Thumb Code    60  dji_codec.o(i._Z35sdk_stream_update_reuse_part_lambdaPN3DJI10onboardSDK9SDKFilterE)
    BSPinit()                                0x08002f13   Thumb Code    20  bsp.o(i._Z7BSPinitv)
    passData(unsigned short, unsigned short&, void*, unsigned char*, unsigned, unsigned&) 0x08002f27   Thumb Code    58  dji_app.o(i._Z8passDatatRtPvPhjRj)
    rj_xtime(unsigned char)                  0x08002f61   Thumb Code    22  dji_codec.o(i._Z8rj_xtimeh)
    delay_nms(unsigned short)                0x08002f77   Thumb Code    30  timer.o(i._Z9delay_nmst)
    getCmdSet(DJI::onboardSDK::Header*)      0x08002f95   Thumb Code    10  dji_app.o(i._Z9getCmdSetPN3DJI10onboardSDK6HeaderE)
    TerminalCommand::terminalCommandHandler(DJI::onboardSDK::CoreAPI*, DJI::onboardSDK::Flight*) 0x08003001   Thumb Code  1422  receive.o(i._ZN15TerminalCommand22terminalCommandHandlerEPN3DJI10onboardSDK7CoreAPIEPNS1_6FlightE)
    DJI::onboardSDK::HardDriver::displayLog(const char*) 0x080035d1   Thumb Code    28  dji_harddriver.o(i._ZN3DJI10onboardSDK10HardDriver10displayLogEPKc)
    DJI::onboardSDK::HardDriver::freeNonBlockCBAck() 0x080035f5   Thumb Code     2  driver.o(i._ZN3DJI10onboardSDK10HardDriver17freeNonBlockCBAckEv)
    DJI::onboardSDK::HardDriver::lockNonBlockCBAck() 0x080035f7   Thumb Code     2  driver.o(i._ZN3DJI10onboardSDK10HardDriver17lockNonBlockCBAckEv)
    DJI::onboardSDK::HardDriver::freeProtocolHeader() 0x080035f9   Thumb Code     2  driver.o(i._ZN3DJI10onboardSDK10HardDriver18freeProtocolHeaderEv)
    DJI::onboardSDK::HardDriver::lockProtocolHeader() 0x080035fb   Thumb Code     2  driver.o(i._ZN3DJI10onboardSDK10HardDriver18lockProtocolHeaderEv)
    DJI::onboardSDK::HardDriver::notifyNonBlockCBAckRecv() 0x080035fd   Thumb Code     2  driver.o(i._ZN3DJI10onboardSDK10HardDriver23notifyNonBlockCBAckRecvEv)
    DJI::onboardSDK::missionCallback(DJI::onboardSDK::CoreAPI*, DJI::onboardSDK::Header*, void*) 0x08003601   Thumb Code   216  dji_mission.o(i._ZN3DJI10onboardSDK15missionCallbackEPNS0_7CoreAPIEPNS0_6HeaderEPv)
    DJI::onboardSDK::Flight::armCallback(DJI::onboardSDK::CoreAPI*, DJI::onboardSDK::Header*, void*) 0x0800376d   Thumb Code   450  dji_flight.o(i._ZN3DJI10onboardSDK6Flight11armCallbackEPNS0_7CoreAPIEPNS0_6HeaderEPv)
    DJI::onboardSDK::Flight::taskCallback(DJI::onboardSDK::CoreAPI*, DJI::onboardSDK::Header*, void*) 0x08003a5d   Thumb Code   206  dji_flight.o(i._ZN3DJI10onboardSDK6Flight12taskCallbackEPNS0_7CoreAPIEPNS0_6HeaderEPv)
    DJI::onboardSDK::Flight::setMovementControl(unsigned char, float, float, float, float) 0x08003bd1   Thumb Code   678  dji_flight.o(i._ZN3DJI10onboardSDK6Flight18setMovementControlEhffff)
    DJI::onboardSDK::Flight::task(DJI::onboardSDK::Flight::TASK, void(*)(DJI::onboardSDK::CoreAPI*, DJI::onboardSDK::Header*, void*), void*) 0x08003ec1   Thumb Code    80  dji_flight.o(i._ZN3DJI10onboardSDK6Flight4taskENS1_4TASKEPFvPNS0_7CoreAPIEPNS0_6HeaderEPvES7_)
    DJI::onboardSDK::Flight::setArm(bool, void(*)(DJI::onboardSDK::CoreAPI*, DJI::onboardSDK::Header*, void*), void*) 0x08003f19   Thumb Code    74  dji_flight.o(i._ZN3DJI10onboardSDK6Flight6setArmEbPFvPNS0_7CoreAPIEPNS0_6HeaderEPvES6_)
    DJI::onboardSDK::Flight::setFlight(DJI::onboardSDK::FlightData*) 0x08003f6d   Thumb Code    58  dji_flight.o(i._ZN3DJI10onboardSDK6Flight9setFlightEPNS0_10FlightDataE)
    DJI::onboardSDK::Flight::Flight(DJI::onboardSDK::CoreAPI*) 0x08003fad   Thumb Code     4  dji_flight.o(i._ZN3DJI10onboardSDK6FlightC1EPNS0_7CoreAPIE)
    DJI::onboardSDK::Flight::Flight__sub_object(DJI::onboardSDK::CoreAPI*) 0x08003fad   Thumb Code     0  dji_flight.o(i._ZN3DJI10onboardSDK6FlightC1EPNS0_7CoreAPIE)
    DJI::onboardSDK::CoreAPI::appHandler(DJI::onboardSDK::Header*) 0x08003fb1   Thumb Code   710  dji_link.o(i._ZN3DJI10onboardSDK7CoreAPI10appHandlerEPNS0_6HeaderE)
    DJI::onboardSDK::CoreAPI::setControl(bool, void(*)(DJI::onboardSDK::CoreAPI*, DJI::onboardSDK::Header*, void*), void*) 0x080042c9   Thumb Code    76  dji_api.o(i._ZN3DJI10onboardSDK7CoreAPI10setControlEbPFvPS1_PNS0_6HeaderEPvES5_)
    DJI::onboardSDK::CoreAPI::verifyData(DJI::onboardSDK::SDKFilter*) 0x0800431d   Thumb Code    40  dji_codec.o(i._ZN3DJI10onboardSDK7CoreAPI10verifyDataEPNS0_9SDKFilterE)
    DJI::onboardSDK::CoreAPI::verifyHead(DJI::onboardSDK::SDKFilter*) 0x08004345   Thumb Code    84  dji_codec.o(i._ZN3DJI10onboardSDK7CoreAPI10verifyHeadEPNS0_9SDKFilterE)
    DJI::onboardSDK::CoreAPI::allocMemory(unsigned short) 0x08004399   Thumb Code   872  dji_memory.o(i._ZN3DJI10onboardSDK7CoreAPI11allocMemoryEt)
    DJI::onboardSDK::CoreAPI::allocateACK(DJI::onboardSDK::Header*) 0x08004705   Thumb Code    40  dji_link.o(i._ZN3DJI10onboardSDK7CoreAPI11allocateACKEPNS0_6HeaderE)
    DJI::onboardSDK::CoreAPI::byteHandler(unsigned char) 0x0800472d   Thumb Code    88  dji_codec.o(i._ZN3DJI10onboardSDK7CoreAPI11byteHandlerEh)
    DJI::onboardSDK::CoreAPI::checkStream(DJI::onboardSDK::SDKFilter*) 0x08004785   Thumb Code    56  dji_codec.o(i._ZN3DJI10onboardSDK7CoreAPI11checkStreamEPNS0_9SDKFilterE)
    DJI::onboardSDK::CoreAPI::freeSession(DJI::onboardSDK::CMDSession*) 0x080047bd   Thumb Code    30  dji_memory.o(i._ZN3DJI10onboardSDK7CoreAPI11freeSessionEPNS0_10CMDSessionE)
    DJI::onboardSDK::CoreAPI::recvReqData(DJI::onboardSDK::Header*) 0x080047dd   Thumb Code   970  dji_app.o(i._ZN3DJI10onboardSDK7CoreAPI11recvReqDataEPNS0_6HeaderE)
    DJI::onboardSDK::CoreAPI::ackInterface(DJI::onboardSDK::Ack*) 0x08004d29   Thumb Code   354  dji_link.o(i._ZN3DJI10onboardSDK7CoreAPI12ackInterfaceEPNS0_3AckE)
    DJI::onboardSDK::CoreAPI::allocSession(unsigned short, unsigned short) 0x08004f05   Thumb Code   256  dji_memory.o(i._ZN3DJI10onboardSDK7CoreAPI12allocSessionEtt)
    DJI::onboardSDK::CoreAPI::notifyCaller(DJI::onboardSDK::Header*) 0x08005059   Thumb Code    58  dji_link.o(i._ZN3DJI10onboardSDK7CoreAPI12notifyCallerEPNS0_6HeaderE)
    DJI::onboardSDK::CoreAPI::sendToMobile(unsigned char*, unsigned char, void(*)(DJI::onboardSDK::CoreAPI*, DJI::onboardSDK::Header*, void*), void*) 0x08005095   Thumb Code   140  dji_api.o(i._ZN3DJI10onboardSDK7CoreAPI12sendToMobileEPhhPFvPS1_PNS0_6HeaderEPvES6_)
    DJI::onboardSDK::CoreAPI::setupSession() 0x0800517d   Thumb Code   148  dji_memory.o(i._ZN3DJI10onboardSDK7CoreAPI12setupSessionEv)
    DJI::onboardSDK::CoreAPI::sendInterface(DJI::onboardSDK::Command*) 0x08005211   Thumb Code  2426  dji_link.o(i._ZN3DJI10onboardSDK7CoreAPI13sendInterfaceEPNS0_7CommandE)
    DJI::onboardSDK::CoreAPI::streamHandler(DJI::onboardSDK::SDKFilter*, unsigned char) 0x08005bb5   Thumb Code    28  dji_codec.o(i._ZN3DJI10onboardSDK7CoreAPI13streamHandlerEPNS0_9SDKFilterEh)
    DJI::onboardSDK::CoreAPI::decodeACKStatus(unsigned short) 0x08005bd1   Thumb Code   452  dji_codec.o(i._ZN3DJI10onboardSDK7CoreAPI15decodeACKStatusEt)
    DJI::onboardSDK::CoreAPI::getDroneVersion(void(*)(DJI::onboardSDK::CoreAPI*, DJI::onboardSDK::Header*, void*), void*) 0x08005ed9   Thumb Code    84  dji_api.o(i._ZN3DJI10onboardSDK7CoreAPI15getDroneVersionEPFvPS1_PNS0_6HeaderEPvES5_)
    DJI::onboardSDK::CoreAPI::activateCallback(DJI::onboardSDK::CoreAPI*, DJI::onboardSDK::Header*, void*) 0x08005f31   Thumb Code   860  dji_api.o(i._ZN3DJI10onboardSDK7CoreAPI16activateCallbackEPS1_PNS0_6HeaderEPv)
    DJI::onboardSDK::CoreAPI::setBroadcastFreq(unsigned char*, void(*)(DJI::onboardSDK::CoreAPI*, DJI::onboardSDK::Header*, void*), void*) 0x08006449   Thumb Code   132  dji_api.o(i._ZN3DJI10onboardSDK7CoreAPI16setBroadcastFreqEPhPFvPS1_PNS0_6HeaderEPvES6_)
    DJI::onboardSDK::CoreAPI::setACKFrameStatus(unsigned) 0x080064d9   Thumb Code     6  dji_link.o(i._ZN3DJI10onboardSDK7CoreAPI17setACKFrameStatusEj)
    DJI::onboardSDK::CoreAPI::setControlCallback(DJI::onboardSDK::CoreAPI*, DJI::onboardSDK::Header*, void*) 0x080064e1   Thumb Code   846  dji_api.o(i._ZN3DJI10onboardSDK7CoreAPI18setControlCallbackEPS1_PNS0_6HeaderEPv)
    DJI::onboardSDK::CoreAPI::decodeMissionStatus(unsigned char) 0x08006a31   Thumb Code   118  dji_mission.o(i._ZN3DJI10onboardSDK7CoreAPI19decodeMissionStatusEh)
    DJI::onboardSDK::CoreAPI::sendToMobileCallback(DJI::onboardSDK::CoreAPI*, DJI::onboardSDK::Header*, void*) 0x08006af5   Thumb Code   212  dji_api.o(i._ZN3DJI10onboardSDK7CoreAPI20sendToMobileCallbackEPS1_PNS0_6HeaderEPv)
    DJI::onboardSDK::CoreAPI::setBroadcastCallback(void(*)(DJI::onboardSDK::CoreAPI*, DJI::onboardSDK::Header*, void*), void*) 0x08006c61   Thumb Code    12  dji_app.o(i._ZN3DJI10onboardSDK7CoreAPI20setBroadcastCallbackEPFvPS1_PNS0_6HeaderEPvES5_)
    DJI::onboardSDK::CoreAPI::setFrequencyCallback(DJI::onboardSDK::CoreAPI*, DJI::onboardSDK::Header*, void*) 0x08006c6d   Thumb Code   280  dji_api.o(i._ZN3DJI10onboardSDK7CoreAPI20setFrequencyCallbackEPS1_PNS0_6HeaderEPv)
    DJI::onboardSDK::CoreAPI::parseDroneVersionInfo(unsigned char*) 0x08006e41   Thumb Code  2750  dji_api.o(i._ZN3DJI10onboardSDK7CoreAPI21parseDroneVersionInfoEPh)
    DJI::onboardSDK::CoreAPI::setBroadcastActivation(unsigned) 0x08007931   Thumb Code     6  dji_codec.o(i._ZN3DJI10onboardSDK7CoreAPI22setBroadcastActivationEj)
    DJI::onboardSDK::CoreAPI::getDroneVersionCallback(DJI::onboardSDK::CoreAPI*, DJI::onboardSDK::Header*, void*) 0x08007937   Thumb Code    42  dji_api.o(i._ZN3DJI10onboardSDK7CoreAPI23getDroneVersionCallbackEPS1_PNS0_6HeaderEPv)
    DJI::onboardSDK::CoreAPI::notifyNonBlockingCaller(DJI::onboardSDK::Header*) 0x08007961   Thumb Code    90  dji_link.o(i._ZN3DJI10onboardSDK7CoreAPI23notifyNonBlockingCallerEPNS0_6HeaderE)
    DJI::onboardSDK::CoreAPI::parseFromMobileCallback(DJI::onboardSDK::CoreAPI*, DJI::onboardSDK::Header*, void*) 0x080079c1   Thumb Code   614  dji_api.o(i._ZN3DJI10onboardSDK7CoreAPI23parseFromMobileCallbackEPS1_PNS0_6HeaderEPv)
    DJI::onboardSDK::CoreAPI::setBroadcastFrameStatus(bool) 0x08007c27   Thumb Code     6  dji_app.o(i._ZN3DJI10onboardSDK7CoreAPI23setBroadcastFrameStatusEb)
    DJI::onboardSDK::CoreAPI::init(DJI::onboardSDK::HardDriver*, DJI::onboardSDK::CallBackHandler, bool) 0x08007c2d   Thumb Code   244  dji_api.o(i._ZN3DJI10onboardSDK7CoreAPI4initEPNS0_10HardDriverENS0_15CallBackHandlerEb)
    DJI::onboardSDK::CoreAPI::send(unsigned char, bool, DJI::onboardSDK::CMD_SET, unsigned char, void*, unsigned, int, int, void(*)(DJI::onboardSDK::CoreAPI*, DJI::onboardSDK::Header*, void*), void*) 0x08007d25   Thumb Code   128  dji_api.o(i._ZN3DJI10onboardSDK7CoreAPI4sendEhbNS0_7CMD_SETEhPvjiiPFvPS1_PNS0_6HeaderES3_ES3_)
    DJI::onboardSDK::CoreAPI::setup()        0x08007da5   Thumb Code    18  dji_link.o(i._ZN3DJI10onboardSDK7CoreAPI5setupEv)
    DJI::onboardSDK::CoreAPI::setKey(const char*) 0x08007db7   Thumb Code    24  dji_link.o(i._ZN3DJI10onboardSDK7CoreAPI6setKeyEPKc)
    DJI::onboardSDK::CoreAPI::callApp(DJI::onboardSDK::SDKFilter*) 0x08007dd1   Thumb Code    34  dji_codec.o(i._ZN3DJI10onboardSDK7CoreAPI7callAppEPNS0_9SDKFilterE)
    DJI::onboardSDK::CoreAPI::encrypt(unsigned char*, const unsigned char*, unsigned short, unsigned char, unsigned char, unsigned char, unsigned short) 0x08007df9   Thumb Code   338  dji_codec.o(i._ZN3DJI10onboardSDK7CoreAPI7encryptEPhPKhthhht)
    DJI::onboardSDK::CoreAPI::freeACK(DJI::onboardSDK::ACKSession*) 0x08007f85   Thumb Code    14  dji_memory.o(i._ZN3DJI10onboardSDK7CoreAPI7freeACKEPNS0_10ACKSessionE)
    DJI::onboardSDK::CoreAPI::activate(DJI::onboardSDK::ActivateData*, void(*)(DJI::onboardSDK::CoreAPI*, DJI::onboardSDK::Header*, void*), void*) 0x08007f95   Thumb Code   188  dji_api.o(i._ZN3DJI10onboardSDK7CoreAPI8activateEPNS0_12ActivateDataEPFvPS1_PNS0_6HeaderEPvES7_)
    DJI::onboardSDK::CoreAPI::allocACK(unsigned short, unsigned short) 0x080080b9   Thumb Code   236  dji_memory.o(i._ZN3DJI10onboardSDK7CoreAPI8allocACKEtt)
    DJI::onboardSDK::CoreAPI::sendData(unsigned char*) 0x0800822d   Thumb Code   178  dji_link.o(i._ZN3DJI10onboardSDK7CoreAPI8sendDataEPh)
    DJI::onboardSDK::CoreAPI::sendPoll()     0x08008355   Thumb Code   302  dji_link.o(i._ZN3DJI10onboardSDK7CoreAPI8sendPollEv)
    DJI::onboardSDK::CoreAPI::setupMMU()     0x08008483   Thumb Code   154  dji_memory.o(i._ZN3DJI10onboardSDK7CoreAPI8setupMMUEv)
    DJI::onboardSDK::CoreAPI::broadcast(DJI::onboardSDK::Header*) 0x0800851d   Thumb Code   728  dji_app.o(i._ZN3DJI10onboardSDK7CoreAPI9broadcastEPNS0_6HeaderE)
    DJI::onboardSDK::CoreAPI::storeData(DJI::onboardSDK::SDKFilter*, unsigned char) 0x0800880d   Thumb Code   108  dji_codec.o(i._ZN3DJI10onboardSDK7CoreAPI9storeDataEPNS0_9SDKFilterEh)
    DJI::onboardSDK::CoreAPI::CoreAPI(DJI::onboardSDK::HardDriver*, bool, void(*)(DJI::onboardSDK::CoreAPI*, DJI::onboardSDK::Header*, void*), void*) 0x080088c9   Thumb Code    42  dji_api.o(i._ZN3DJI10onboardSDK7CoreAPIC1EPNS0_10HardDriverEbPFvPS1_PNS0_6HeaderEPvES7_)
    DJI::onboardSDK::CoreAPI::CoreAPI__sub_object(DJI::onboardSDK::HardDriver*, bool, void(*)(DJI::onboardSDK::CoreAPI*, DJI::onboardSDK::Header*, void*), void*) 0x080088c9   Thumb Code     0  dji_api.o(i._ZN3DJI10onboardSDK7CoreAPIC1EPNS0_10HardDriverEbPFvPS1_PNS0_6HeaderEPvES7_)
    DJI::onboardSDK::HotPoint::setYawRate(float) 0x080088f3   Thumb Code    10  dji_hotpoint.o(i._ZN3DJI10onboardSDK8HotPoint10setYawRateEf)
    DJI::onboardSDK::HotPoint::setHotPoint(DJI::onboardSDK::GPSPositionData) 0x080088fd   Thumb Code    46  dji_hotpoint.o(i._ZN3DJI10onboardSDK8HotPoint11setHotPointENS0_15GPSPositionDataE)
    DJI::onboardSDK::HotPoint::startCallback(DJI::onboardSDK::CoreAPI*, DJI::onboardSDK::Header*, void*) 0x0800892d   Thumb Code   318  dji_hotpoint.o(i._ZN3DJI10onboardSDK8HotPoint13startCallbackEPNS0_7CoreAPIEPNS0_6HeaderEPv)
    DJI::onboardSDK::HotPoint::stop(void(*)(DJI::onboardSDK::CoreAPI*, DJI::onboardSDK::Header*, void*), void*) 0x08008b41   Thumb Code    76  dji_hotpoint.o(i._ZN3DJI10onboardSDK8HotPoint4stopEPFvPNS0_7CoreAPIEPNS0_6HeaderEPvES6_)
    DJI::onboardSDK::HotPoint::start(void(*)(DJI::onboardSDK::CoreAPI*, DJI::onboardSDK::Header*, void*), void*) 0x08008b95   Thumb Code    72  dji_hotpoint.o(i._ZN3DJI10onboardSDK8HotPoint5startEPFvPNS0_7CoreAPIEPNS0_6HeaderEPvES6_)
    DJI::onboardSDK::HotPoint::initData()    0x08008be5   Thumb Code   190  dji_hotpoint.o(i._ZN3DJI10onboardSDK8HotPoint8initDataEv)
    DJI::onboardSDK::HotPoint::setRadius(double) 0x08008cad   Thumb Code    18  dji_hotpoint.o(i._ZN3DJI10onboardSDK8HotPoint9setRadiusEd)
    DJI::onboardSDK::HotPoint::HotPoint(DJI::onboardSDK::CoreAPI*) 0x08008cbf   Thumb Code    18  dji_hotpoint.o(i._ZN3DJI10onboardSDK8HotPointC1EPNS0_7CoreAPIE)
    DJI::onboardSDK::HotPoint::HotPoint__sub_object(DJI::onboardSDK::CoreAPI*) 0x08008cbf   Thumb Code     0  dji_hotpoint.o(i._ZN3DJI10onboardSDK8HotPointC1EPNS0_7CoreAPIE)
    DJI::onboardSDK::VirtualRC::setControl(bool, DJI::onboardSDK::VirtualRC::CutOff) 0x08008cd1   Thumb Code    82  dji_virtualrc.o(i._ZN3DJI10onboardSDK9VirtualRC10setControlEbNS1_6CutOffE)
    DJI::onboardSDK::VirtualRC::sendData(DJI::onboardSDK::VirtualRCData) 0x08008d29   Thumb Code    72  dji_virtualrc.o(i._ZN3DJI10onboardSDK9VirtualRC8sendDataENS0_13VirtualRCDataE)
    DJI::onboardSDK::VirtualRC::resetData()  0x08008d75   Thumb Code    40  dji_virtualrc.o(i._ZN3DJI10onboardSDK9VirtualRC9resetDataEv)
    DJI::onboardSDK::VirtualRC::VirtualRC(DJI::onboardSDK::CoreAPI*) 0x08008d9d   Thumb Code    18  dji_virtualrc.o(i._ZN3DJI10onboardSDK9VirtualRCC1EPNS0_7CoreAPIE)
    DJI::onboardSDK::VirtualRC::VirtualRC__sub_object(DJI::onboardSDK::CoreAPI*) 0x08008d9d   Thumb Code     0  dji_virtualrc.o(i._ZN3DJI10onboardSDK9VirtualRCC1EPNS0_7CoreAPIE)
    XMC_4700::freeMemory()                   0x08008daf   Thumb Code     2  driver.o(i._ZN8XMC_470010freeMemoryEv)
    XMC_4700::lockMemory()                   0x08008db1   Thumb Code     2  driver.o(i._ZN8XMC_470010lockMemoryEv)
    XMC_4700::getTimeStamp()                 0x08008db5   Thumb Code    10  driver.o(i._ZN8XMC_470012getTimeStampEv)
    XMC_4700::send(const unsigned char*, unsigned) 0x08008dc5   Thumb Code    46  driver.o(i._ZN8XMC_47004sendEPKhj)
    XMC_4700::notify()                       0x08008df9   Thumb Code     2  driver.o(i._ZN8XMC_47006notifyEv)
    XMC_4700::freeACK()                      0x08008dfb   Thumb Code     2  driver.o(i._ZN8XMC_47007freeACKEv)
    XMC_4700::freeMSG()                      0x08008dfd   Thumb Code     2  driver.o(i._ZN8XMC_47007freeMSGEv)
    XMC_4700::lockACK()                      0x08008dff   Thumb Code     2  driver.o(i._ZN8XMC_47007lockACKEv)
    XMC_4700::lockMSG()                      0x08008e01   Thumb Code     2  driver.o(i._ZN8XMC_47007lockMSGEv)
    DJI::onboardSDK::CoreAPI::getFwVersion() const 0x08008e03   Thumb Code     8  dji_api.o(i._ZNK3DJI10onboardSDK7CoreAPI12getFwVersionEv)
    DJI::onboardSDK::CoreAPI::getHwVersion() const 0x08008e0b   Thumb Code     8  dji_api.o(i._ZNK3DJI10onboardSDK7CoreAPI12getHwVersionEv)
    DJI::onboardSDK::CoreAPI::getSimpleACK() const 0x08008e13   Thumb Code     8  dji_api.o(i._ZNK3DJI10onboardSDK7CoreAPI12getSimpleACKEv)
    DJI::onboardSDK::CoreAPI::getFlightStatus() const 0x08008e1b   Thumb Code    32  dji_api.o(i._ZNK3DJI10onboardSDK7CoreAPI15getFlightStatusEv)
    DJI::onboardSDK::CoreAPI::getBroadcastData() const 0x08008e3b   Thumb Code    62  dji_app.o(i._ZNK3DJI10onboardSDK7CoreAPI16getBroadcastDataEv)
    DJI::onboardSDK::CoreAPI::getDriver() const 0x08008e79   Thumb Code    10  dji_api.o(i._ZNK3DJI10onboardSDK7CoreAPI9getDriverEv)
    operator new(unsigned)                   0x08008e85   Thumb Code    34  new.o(i._Znwj)
    __0printf                                0x08008ead   Thumb Code    22  printfa.o(i.__0printf)
    __1printf                                0x08008ead   Thumb Code     0  printfa.o(i.__0printf)
    __2printf                                0x08008ead   Thumb Code     0  printfa.o(i.__0printf)
    __c89printf                              0x08008ead   Thumb Code     0  printfa.o(i.__0printf)
    printf                                   0x08008ead   Thumb Code     0  printfa.o(i.__0printf)
    __0sprintf                               0x08008ecd   Thumb Code    34  printfa.o(i.__0sprintf)
    __1sprintf                               0x08008ecd   Thumb Code     0  printfa.o(i.__0sprintf)
    __2sprintf                               0x08008ecd   Thumb Code     0  printfa.o(i.__0sprintf)
    __c89sprintf                             0x08008ecd   Thumb Code     0  printfa.o(i.__0sprintf)
    sprintf                                  0x08008ecd   Thumb Code     0  printfa.o(i.__0sprintf)
    __cxa_pure_virtual                       0x08008ef5   Thumb Code     6  pure_virt.o(i.__cxa_pure_virtual)
    __scatterload_copy                       0x08008efb   Thumb Code    14  handlers.o(i.__scatterload_copy)
    __scatterload_null                       0x08008f09   Thumb Code     2  handlers.o(i.__scatterload_null)
    __scatterload_zeroinit                   0x08008f0b   Thumb Code    14  handlers.o(i.__scatterload_zeroinit)
    fifo_init                                0x08009875   Thumb Code    34  fifo.o(i.fifo_init)
    fifo_read_ch                             0x08009897   Thumb Code    44  fifo.o(i.fifo_read_ch)
    fifo_used                                0x080098c3   Thumb Code    34  fifo.o(i.fifo_used)
    fifo_write_ch                            0x080098e5   Thumb Code    44  fifo.o(i.fifo_write_ch)
    fputc                                    0x08009911   Thumb Code    20  cppforxmc4700.o(i.fputc)
    main                                     0x08009929   Thumb Code   216  main.o(i.main)
    malloc                                   0x08009a6d   Thumb Code    92  malloc.o(i.malloc)
    sinTable_f32                             0x08009f6c   Data        2052  arm_common_tables.o(.constdata)
    __ctype_categories                       0x0800a770   Data          64  ctype_c.o(.constdata)
    vtable for XMC_4700                      0x0800a7b0   Data          96  driver.o(.constdata__ZTV8XMC_4700)
    vtable for DJI::onboardSDK::HardDriver   0x0800a810   Data          96  dji_harddriver.o(.constdata__ZTVN3DJI10onboardSDK10HardDriverE)
    Region$$Table$$Base                      0x0800b140   Number         0  anon$$obj.o(Region$$Table)
    Region$$Table$$Limit                     0x0800b160   Number         0  anon$$obj.o(Region$$Table)
    SHT$$INIT_ARRAY$$Base                    0x0800b160   Number         0  main.o(.init_array)
    SHT$$INIT_ARRAY$$Limit                   0x0800b16c   Number         0  cpp_init.o(.init_array)
    driver                                   0x20000000   Data           4  main.o(.data)
    coreApi                                  0x20000004   Data           4  main.o(.data)
    flight                                   0x20000008   Data           8  main.o(.data)
    myVRCdata                                0x20000010   Data          64  main.o(.data)
    myFreq                                   0x20000091   Data          16  localnavigation.o(.data)
    c_temp                                   0x200000a4   Data           1  receive.o(.data)
    i1                                       0x200000a8   Data           4  receive.o(.data)
    i2                                       0x200000ac   Data           4  receive.o(.data)
    i3                                       0x200000b0   Data           4  receive.o(.data)
    VRCdataTurnF                             0x200000b4   Data          64  virtualrc.o(.data)
    pc_uart                                  0x200000f4   Data           4  bspusart.o(.data)
    pc_uart_config                           0x200000f8   Data          12  bspusart.o(.data)
    n3_uart                                  0x20000104   Data           4  bspusart.o(.data)
    n3_uart_config                           0x20000108   Data          12  bspusart.o(.data)
    tick                                     0x20000114   Data           4  timer.o(.data)
    DJI::onboardSDK::encrypt                 0x20000118   Data           1  dji_api.o(.data)
    crc_tab16                                0x20000124   Data         512  dji_codec.o(.data)
    crc_tab32                                0x20000324   Data        1024  dji_codec.o(.data)
    callBack                                 0x20000724   Data           4  dji_link.o(.data)
    data                                     0x20000728   Data           4  dji_link.o(.data)
    protHeader                               0x2000072c   Data           4  dji_link.o(.data)
    DJI::onboardSDK::missionACKMAP           0x20000730   Data         480  dji_mission.o(.data)
    __stdout                                 0x20000910   Data           4  stdout.o(.data)
    __microlib_freelist                      0x20000920   Data           4  mvars.o(.data)
    __microlib_freelist_initialised          0x20000924   Data           4  mvars.o(.data)
    defaultAPI                               0x20000928   Data        5400  main.o(.bss)
    flightData                               0x20001e40   Data          17  main.o(.bss)
    virtualrc                                0x20001e54   Data          68  main.o(.bss)
    hotpoint                                 0x20001e98   Data          56  hotpoint.o(.bss)
    myGPSData                                0x20001ed0   Data          24  hotpoint.o(.bss)
    myHotPointData                           0x20001ee8   Data          51  hotpoint.o(.bss)
    droneState                               0x20001f1c   Data          64  localnavigation.o(.bss)
    uart_rx_fifo                             0x20001f60   Data          12  receive.o(.bss)
    uart_tx_fifo                             0x20001f6c   Data          12  receive.o(.bss)
    uart_rx_buf                              0x20001f78   Data         512  receive.o(.bss)
    uart_tx_buf                              0x20002178   Data         512  receive.o(.bss)
    msg                                      0x20002378   Data         272  receive.o(.bss)
    status                                   0x20002488   Data          12  receive.o(.bss)
    heartbeat                                0x20002494   Data          12  receive.o(.bss)
    att_pos_mocap                            0x200024a0   Data          40  receive.o(.bss)
    set_attitude_target                      0x200024c8   Data          40  receive.o(.bss)
    myTerminal                               0x200024f0   Data          44  receive.o(.bss)
    pc_rx_pin_config                         0x20002990   Data          12  bspusart.o(.bss)
    pc_tx_pin_config                         0x2000299c   Data          12  bspusart.o(.bss)
    n3_rx_pin_config                         0x200029a8   Data          12  bspusart.o(.bss)
    n3_tx_pin_config                         0x200029b4   Data          12  bspusart.o(.bss)
    DJI::onboardSDK::buffer                  0x200029c0   Data        1024  dji_harddriver.o(.bss)
    __heap_base                              0x20002dc0   Data           0  startup_xmc4700.o(HEAP)
    __heap_limit                             0x20004dc0   Data           0  startup_xmc4700.o(HEAP)
    __initial_sp                             0x200065c0   Data           0  startup_xmc4700.o(STACK)
    SystemCoreClock                          0x2003ffc0   Data           4  system_xmc4700.o(.ARM.__AT_0x2003FFC0)
    g_chipid                                 0x2003ffc4   Data          16  system_xmc4700.o(.ARM.__AT_0x2003FFC4)



==============================================================================

Memory Map of the image

  Image Entry point : 0x08000201

  Load Region LR_IROM1 (Base: 0x08000000, Size: 0x0000ba94, Max: 0x00200000, ABSOLUTE, COMPRESSED[0x0000b93c])

    Execution Region ER_IROM1 (Base: 0x08000000, Size: 0x0000b16c, Max: 0x00200000, ABSOLUTE)

    Base Addr    Size         Type   Attr      Idx    E Section Name        Object

    0x08000000   0x00000200   Data   RO         5426    RESET               startup_xmc4700.o
    0x08000200   0x00000000   Code   RO         5827  * .ARM.Collect$$$$00000000  mc_w.l(entry.o)
    0x08000200   0x00000004   Code   RO         6223    .ARM.Collect$$$$00000001  mc_w.l(entry2.o)
    0x08000204   0x00000004   Code   RO         6226    .ARM.Collect$$$$00000004  mc_w.l(entry5.o)
    0x08000208   0x00000000   Code   RO         6228    .ARM.Collect$$$$00000008  mc_w.l(entry7b.o)
    0x08000208   0x00000004   Code   RO         6229    .ARM.Collect$$$$00000009  mc_w.l(entry8a.o)
    0x0800020c   0x00000000   Code   RO         6230    .ARM.Collect$$$$0000000A  mc_w.l(entry8b.o)
    0x0800020c   0x00000008   Code   RO         6231    .ARM.Collect$$$$0000000B  mc_w.l(entry9a.o)
    0x08000214   0x00000000   Code   RO         6233    .ARM.Collect$$$$0000000D  mc_w.l(entry10a.o)
    0x08000214   0x00000000   Code   RO         6235    .ARM.Collect$$$$0000000F  mc_w.l(entry11a.o)
    0x08000214   0x00000004   Code   RO         6224    .ARM.Collect$$$$00002712  mc_w.l(entry2.o)
    0x08000218   0x0000001c   Code   RO         5427    .text               startup_xmc4700.o
    0x08000234   0x00000078   Code   RO         5498    .text               arm_cortexM4lf_math.lib(arm_cos_f32.o)
    0x080002ac   0x00000084   Code   RO         5554    .text               arm_cortexM4lf_math.lib(arm_sin_f32.o)
    0x08000330   0x00000040   Code   RO         5832    .text               mc_w.l(memmovea.o)
    0x08000370   0x00000024   Code   RO         5834    .text               mc_w.l(memseta.o)
    0x08000394   0x0000001c   Code   RO         5836    .text               mc_w.l(strcmp.o)
    0x080003b0   0x00000038   Code   RO         6103    .text               mc_w.l(__0sscanf.o)
    0x080003e8   0x0000014c   Code   RO         6105    .text               mc_w.l(_scanf_int.o)
    0x08000534   0x00000020   Code   RO         6110    .text               mc_w.l(cpp_init.o)
    0x08000554   0x0000014e   Code   RO         6112    .text               mf_w.l(dadd.o)
    0x080006a2   0x000000e4   Code   RO         6114    .text               mf_w.l(dmul.o)
    0x08000786   0x0000001a   Code   RO         6116    .text               mf_w.l(dfltui.o)
    0x080007a0   0x00000026   Code   RO         6118    .text               mf_w.l(f2d.o)
    0x080007c6   0x00000002   PAD
    0x080007c8   0x00000030   Code   RO         6122    .text               mf_w.l(cdrcmple.o)
    0x080007f8   0x00000038   Code   RO         6124    .text               mf_w.l(d2f.o)
    0x08000830   0x00000004   Code   RO         6129    .text               cpprt_w.l(arm_newhandler_noexceptions.o)
    0x08000834   0x0000002c   Code   RO         6238    .text               mc_w.l(uidiv.o)
    0x08000860   0x00000062   Code   RO         6240    .text               mc_w.l(uldiv.o)
    0x080008c2   0x0000001e   Code   RO         6242    .text               mc_w.l(llshl.o)
    0x080008e0   0x00000024   Code   RO         6244    .text               mc_w.l(llsshr.o)
    0x08000904   0x0000001c   Code   RO         6281    .text               mc_w.l(_chval.o)
    0x08000920   0x00000028   Code   RO         6283    .text               mc_w.l(scanf_char.o)
    0x08000948   0x00000040   Code   RO         6285    .text               mc_w.l(_sgetc.o)
    0x08000988   0x00000000   Code   RO         6287    .text               mc_w.l(iusefp.o)
    0x08000988   0x00000014   Code   RO         6288    .text               mc_w.l(cpp_memory.o)
    0x0800099c   0x00000002   Code   RO         6291    .text               mc_w.l(cpp_signal.o)
    0x0800099e   0x0000006e   Code   RO         6293    .text               mf_w.l(fepilogue.o)
    0x08000a0c   0x000000ba   Code   RO         6295    .text               mf_w.l(depilogue.o)
    0x08000ac6   0x000000de   Code   RO         6297    .text               mf_w.l(ddiv.o)
    0x08000ba4   0x00000030   Code   RO         6301    .text               mf_w.l(dfixul.o)
    0x08000bd4   0x0000001a   Code   RO         6323    .text               cpprt_w.l(arm_exceptions_terminate.o)
    0x08000bee   0x00000002   PAD
    0x08000bf0   0x00000050   Code   RO         6326    .text               cpprt_w.l(arm_exceptions_globs.o)
    0x08000c40   0x00000024   Code   RO         6332    .text               mc_w.l(init.o)
    0x08000c64   0x00000020   Code   RO         6334    .text               mc_w.l(llushr.o)
    0x08000c84   0x0000000a   Code   RO         6336    .text               mc_w.l(isspace_c.o)
    0x08000c8e   0x00000002   PAD
    0x08000c90   0x0000032c   Code   RO         6340    .text               mc_w.l(_scanf.o)
    0x08000fbc   0x0000003c   Code   RO         6351    .text               cpprt_w.l(arm_exceptions_mem.o)
    0x08000ff8   0x00000028   Code   RO         6361    .text               mc_w.l(ctype_c.o)
    0x08001020   0x00000056   Code   RO         6376    .text               mc_w.l(__dczerorl2.o)
    0x08001076   0x00000002   PAD
    0x08001078   0x00000030   Code   RO         2039    i.CCU40_0_IRQHandler  timer.o
    0x080010a8   0x0000003c   Code   RO         2040    i.CCU40_1_IRQHandler  timer.o
    0x080010e4   0x00000008   Code   RO         5434    i.OSCHP_GetFrequency  system_xmc4700.o
    0x080010ec   0x0000002c   Code   RO         2041    i.SysTick_Handler   timer.o
    0x08001118   0x00000218   Code   RO         5435    i.SystemCoreClockSetup  system_xmc4700.o
    0x08001330   0x000000a4   Code   RO         5436    i.SystemCoreClockUpdate  system_xmc4700.o
    0x080013d4   0x00000058   Code   RO         5437    i.SystemCoreSetup   system_xmc4700.o
    0x0800142c   0x0000001c   Code   RO         5438    i.SystemInit        system_xmc4700.o
    0x08001448   0x00000070   Code   RO         1666    i.USIC0_5_IRQHandler  receive.o
    0x080014b8   0x00000020   Code   RO         1904    i.USIC1_5_IRQHandler  bspusart.o
    0x080014d8   0x0000009c   Code   RO         4945    i.XMC_CCU4_EnableModule  xmc_ccu4.o
    0x08001574   0x00000026   Code   RO         4946    i.XMC_CCU4_Init     xmc_ccu4.o
    0x0800159a   0x00000030   Code   RO         4950    i.XMC_CCU4_SLICE_CompareInit  xmc_ccu4.o
    0x080015ca   0x00000056   Code   RO         4963    i.XMC_CCU4_SLICE_SetInterruptNode  xmc_ccu4.o
    0x08001620   0x00000010   Code   RO         4972    i.XMC_CCU4_SetModuleClock  xmc_ccu4.o
    0x08001630   0x000000b0   Code   RO         4169    i.XMC_GPIO_Init     xmc4_gpio.o
    0x080016e0   0x0000000c   Code   RO         4230    i.XMC_SCU_CLOCK_EnableClock  xmc4_scu.o
    0x080016ec   0x0000001c   Code   RO         4243    i.XMC_SCU_CLOCK_GetPeripheralClockFrequency  xmc4_scu.o
    0x08001708   0x00000018   Code   RO         4276    i.XMC_SCU_CLOCK_UngatePeripheralClock  xmc4_scu.o
    0x08001720   0x00000018   Code   RO         4325    i.XMC_SCU_RESET_DeassertPeripheralReset  xmc4_scu.o
    0x08001738   0x0000001a   Code   RO         5261    i.XMC_UART_CH_GetReceivedData  xmc_uart.o
    0x08001752   0x00000074   Code   RO         5262    i.XMC_UART_CH_Init  xmc_uart.o
    0x080017c6   0x0000002c   Code   RO         5265    i.XMC_UART_CH_Transmit  xmc_uart.o
    0x080017f2   0x00000002   PAD
    0x080017f4   0x00000078   Code   RO         5330    i.XMC_USIC_CH_Enable  xmc_usic.o
    0x0800186c   0x00000098   Code   RO         5334    i.XMC_USIC_CH_SetBaudrate  xmc_usic.o
    0x08001904   0x00000014   Code   RO         5335    i.XMC_USIC_CH_SetInterruptNodePointer  xmc_usic.o
    0x08001918   0x00000054   Code   RO         5340    i.XMC_USIC_Enable   xmc_usic.o
    0x0800196c   0x00000010   Code   RO         1905    i._Z10UartConfigv   bspusart.o
    0x0800197c   0x0000008c   Code   RO         2694    i._Z10encodeDataPN3DJI10onboardSDK9SDKFilterEPNS0_6HeaderEPFvP16tagAES256ContextPhE  dji_codec.o
    0x08001a08   0x0000001c   Code   RO         3696    i._Z10freeMemoryPN3DJI10onboardSDK7MMU_TabE  dji_memory.o
    0x08001a24   0x0000000c   Code   RO         2491    i._Z10getCmdCodePN3DJI10onboardSDK6HeaderE  dji_app.o
    0x08001a30   0x0000001e   Code   RO         2695    i._Z11aes256_doneP16tagAES256Context  dji_codec.o
    0x08001a4e   0x0000003a   Code   RO         2696    i._Z11aes256_initP16tagAES256ContextPh  dji_codec.o
    0x08001a88   0x000000d4   Code   RO          926    i._Z11tryHotpointdff  hotpoint.o
    0x08001b5c   0x00000074   Code   RO         2042    i._Z12Timer1Configv  timer.o
    0x08001bd0   0x00000074   Code   RO         2043    i._Z12Timer2Configv  timer.o
    0x08001c44   0x0000003c   Code   RO         1799    i._Z12VRCResetDatav  virtualrc.o
    0x08001c80   0x0000001c   Code   RO         2697    i._Z12aes_subBytesPh  dji_codec.o
    0x08001c9c   0x0000006e   Code   RO         2698    i._Z12calculateCRCPv  dji_codec.o
    0x08001d0a   0x00000002   PAD
    0x08001d0c   0x0000001c   Code   RO         2699    i._Z12crc16_updateth  dji_codec.o
    0x08001d28   0x0000001c   Code   RO         2700    i._Z12crc32_updatejh  dji_codec.o
    0x08001d44   0x00000014   Code   RO          927    i._Z12stopHotpointv  hotpoint.o
    0x08001d58   0x00000048   Code   RO         2044    i._Z13SystickConfigv  timer.o
    0x08001da0   0x00000034   Code   RO          869    i._Z13User_Activatev  activate.o
    0x08001dd4   0x00000032   Code   RO         2701    i._Z13aes_shiftRowsPh  dji_codec.o
    0x08001e06   0x00000002   PAD
    0x08001e08   0x0000005c   Code   RO         1906    i._Z14N3_UART_Configv  bspusart.o
    0x08001e64   0x00000016   Code   RO         1907    i._Z14NVIC_EnableIRQ9IRQn_Type  bspusart.o
    0x08001e7a   0x00000016   Code   RO         2045    i._Z14NVIC_EnableIRQ9IRQn_Type  timer.o
    0x08001e90   0x0000005c   Code   RO         1908    i._Z14PC_UART_Configv  bspusart.o
    0x08001eec   0x0000007c   Code   RO         2702    i._Z14aes_mixColumnsPh  dji_codec.o
    0x08001f68   0x000000f4   Code   RO          994    i._Z14myRecvCallbackPN3DJI10onboardSDK7CoreAPIEPNS0_6HeaderEPv  localnavigation.o
    0x0800205c   0x00000014   Code   RO         1667    i._Z14serial_read_chv  receive.o
    0x08002070   0x00000024   Code   RO         1800    i._Z15VRC_TakeControlv  virtualrc.o
    0x08002094   0x0000001c   Code   RO         2703    i._Z15aes_addRoundKeyPhS_  dji_codec.o
    0x080020b0   0x0000002e   Code   RO         3549    i._Z15calculateLengthtt  dji_link.o
    0x080020de   0x00000002   PAD
    0x080020e0   0x000000c0   Code   RO          995    i._Z15gps_convert_nedN3DJI10onboardSDK12PositionDataES1_  localnavigation.o
    0x080021a0   0x0000002c   Code   RO         1668    i._Z16InitSoftwareFIFOv  receive.o
    0x080021cc   0x00000028   Code   RO         1909    i._Z16NVIC_SetPriority9IRQn_Typej  bspusart.o
    0x080021f4   0x00000028   Code   RO         2046    i._Z16NVIC_SetPriority9IRQn_Typej  timer.o
    0x0800221c   0x00000088   Code   RO         1910    i._Z16UARTxNVIC_Configv  bspusart.o
    0x080022a4   0x000000fc   Code   RO         2704    i._Z16aes_expandDecKeyPhS_  dji_codec.o
    0x080023a0   0x000000f8   Code   RO         2705    i._Z16aes_expandEncKeyPhS_  dji_codec.o
    0x08002498   0x0000001c   Code   RO         2706    i._Z16aes_subBytes_invPh  dji_codec.o
    0x080024b4   0x00000010   Code   RO         1669    i._Z16serial_availablev  receive.o
    0x080024c4   0x00000040   Code   RO         2707    i._Z16transformTwoBytePKcPh  dji_codec.o
    0x08002504   0x0000000c   Code   RO         1911    i._Z17XMC_UART_CH_StartP11XMC_USIC_CH  bspusart.o
    0x08002510   0x00000032   Code   RO         2708    i._Z17aes_shiftRows_invPh  dji_codec.o
    0x08002542   0x0000006c   Code   RO         2709    i._Z18aes256_decrypt_ecbP16tagAES256ContextPh  dji_codec.o
    0x080025ae   0x00000074   Code   RO         2710    i._Z18aes256_encrypt_ecbP16tagAES256ContextPh  dji_codec.o
    0x08002622   0x000000b6   Code   RO         2711    i._Z18aes_mixColumns_invPh  dji_codec.o
    0x080026d8   0x00000078   Code   RO         1670    i._Z18mavlink_parse_charhhP17__mavlink_messageP16__mavlink_status  receive.o
    0x08002750   0x00000026   Code   RO         2712    i._Z19aes_addRoundKey_cpyPhS_S_  dji_codec.o
    0x08002776   0x00000002   PAD
    0x08002778   0x00000058   Code   RO          996    i._Z19gps_convert_ned_radRfS_ffff  localnavigation.o
    0x080027d0   0x0000001c   Code   RO          997    i._Z19stopLocalNavExamplev  localnavigation.o
    0x080027ec   0x0000000c   Code   RO         2047    i._Z20XMC_CCU4_EnableClockP19CCU4_GLOBAL_TypeDefh  timer.o
    0x080027f8   0x00000258   Code   RO         1563    i._Z20mobileCommandHandlerPN3DJI10onboardSDK7CoreAPIEPNS0_6FlightE  mobilecommand.o
    0x08002a50   0x00000078   Code   RO          998    i._Z20startLocalNavExamplev  localnavigation.o
    0x08002ac8   0x00000130   Code   RO          999    i._Z20updateCurveFollowingv  localnavigation.o
    0x08002bf8   0x00000022   Code   RO         2713    i._Z21sdk_stream_crc16_calcPKhj  dji_codec.o
    0x08002c1a   0x00000022   Code   RO         2714    i._Z21sdk_stream_crc32_calcPKhj  dji_codec.o
    0x08002c3c   0x0000000c   Code   RO         1671    i._Z22mavlink_start_checksumP17__mavlink_message  receive.o
    0x08002c48   0x0000000a   Code   RO         2048    i._Z23XMC_CCU4_StartPrescalerP19CCU4_GLOBAL_TypeDef  timer.o
    0x08002c52   0x00000008   Code   RO         1912    i._Z23XMC_USIC_CH_EnableEventP11XMC_USIC_CHj  bspusart.o
    0x08002c5a   0x00000024   Code   RO         1672    i._Z23mavlink_update_checksumP17__mavlink_messageh  receive.o
    0x08002c7e   0x00000006   Code   RO         1673    i._Z25XMC_CCU4_SLICE_StartTimerP16CCU4_CC4_TypeDef  receive.o
    0x08002c84   0x000001a0   Code   RO         1674    i._Z25mavlink_frame_char_bufferP17__mavlink_messageP16__mavlink_statushS0_S2_  receive.o
    0x08002e24   0x00000022   Code   RO         2715    i._Z25sdk_stream_prepare_lambdaPN3DJI10onboardSDK9SDKFilterE  dji_codec.o
    0x08002e46   0x00000010   Code   RO         2049    i._Z26XMC_CCU4_SLICE_EnableEventP16CCU4_CC4_TypeDef21XMC_CCU4_SLICE_IRQ_ID  timer.o
    0x08002e56   0x0000002e   Code   RO         1913    i._Z26XMC_UART_CH_SetInputSourceP11XMC_USIC_CH17XMC_UART_CH_INPUTh  bspusart.o
    0x08002e84   0x00000014   Code   RO         1675    i._Z26mavlink_get_channel_bufferh  receive.o
    0x08002e98   0x00000014   Code   RO         1676    i._Z26mavlink_get_channel_statush  receive.o
    0x08002eac   0x0000001e   Code   RO         2716    i._Z28sdk_stream_shift_data_lambdaPN3DJI10onboardSDK9SDKFilterE  dji_codec.o
    0x08002eca   0x00000004   Code   RO         2050    i._Z29XMC_CCU4_EnableShadowTransferP19CCU4_GLOBAL_TypeDefj  timer.o
    0x08002ece   0x00000004   Code   RO         2051    i._Z34XMC_CCU4_SLICE_SetTimerPeriodMatchP16CCU4_CC4_TypeDeft  timer.o
    0x08002ed2   0x00000004   Code   RO         2052    i._Z35XMC_CCU4_SLICE_SetTimerCompareMatchP16CCU4_CC4_TypeDeft  timer.o
    0x08002ed6   0x0000003c   Code   RO         2717    i._Z35sdk_stream_update_reuse_part_lambdaPN3DJI10onboardSDK9SDKFilterE  dji_codec.o
    0x08002f12   0x00000014   Code   RO         1867    i._Z7BSPinitv       bsp.o
    0x08002f26   0x0000003a   Code   RO         2567    i._Z8passDatatRtPvPhjRj  dji_app.o
    0x08002f60   0x00000016   Code   RO         2718    i._Z8rj_xtimeh      dji_codec.o
    0x08002f76   0x0000001e   Code   RO         2053    i._Z9delay_nmst     timer.o
    0x08002f94   0x0000000a   Code   RO         2492    i._Z9getCmdSetPN3DJI10onboardSDK6HeaderE  dji_app.o
    0x08002f9e   0x00000002   PAD
    0x08002fa0   0x00000060   Code   RO         1677    i._Z9hex2Floathh    receive.o
    0x08003000   0x000005d0   Code   RO         1678    i._ZN15TerminalCommand22terminalCommandHandlerEPN3DJI10onboardSDK7CoreAPIEPNS1_6FlightE  receive.o
    0x080035d0   0x00000024   Code   RO         3312    i._ZN3DJI10onboardSDK10HardDriver10displayLogEPKc  dji_harddriver.o
    0x080035f4   0x00000002   Code   RO          777    i._ZN3DJI10onboardSDK10HardDriver17freeNonBlockCBAckEv  driver.o
    0x080035f6   0x00000002   Code   RO          771    i._ZN3DJI10onboardSDK10HardDriver17lockNonBlockCBAckEv  driver.o
    0x080035f8   0x00000002   Code   RO          765    i._ZN3DJI10onboardSDK10HardDriver18freeProtocolHeaderEv  driver.o
    0x080035fa   0x00000002   Code   RO          759    i._ZN3DJI10onboardSDK10HardDriver18lockProtocolHeaderEv  driver.o
    0x080035fc   0x00000002   Code   RO          783    i._ZN3DJI10onboardSDK10HardDriver23notifyNonBlockCBAckRecvEv  driver.o
    0x080035fe   0x00000002   PAD
    0x08003600   0x0000016c   Code   RO         3761    i._ZN3DJI10onboardSDK15missionCallbackEPNS0_7CoreAPIEPNS0_6HeaderEPv  dji_mission.o
    0x0800376c   0x000002f0   Code   RO         3011    i._ZN3DJI10onboardSDK6Flight11armCallbackEPNS0_7CoreAPIEPNS0_6HeaderEPv  dji_flight.o
    0x08003a5c   0x00000174   Code   RO         3012    i._ZN3DJI10onboardSDK6Flight12taskCallbackEPNS0_7CoreAPIEPNS0_6HeaderEPv  dji_flight.o
    0x08003bd0   0x000002f0   Code   RO         3016    i._ZN3DJI10onboardSDK6Flight18setMovementControlEhffff  dji_flight.o
    0x08003ec0   0x00000058   Code   RO         3017    i._ZN3DJI10onboardSDK6Flight4taskENS1_4TASKEPFvPNS0_7CoreAPIEPNS0_6HeaderEPvES7_  dji_flight.o
    0x08003f18   0x00000054   Code   RO         3020    i._ZN3DJI10onboardSDK6Flight6setArmEbPFvPNS0_7CoreAPIEPNS0_6HeaderEPvES6_  dji_flight.o
    0x08003f6c   0x00000040   Code   RO         3023    i._ZN3DJI10onboardSDK6Flight9setFlightEPNS0_10FlightDataE  dji_flight.o
    0x08003fac   0x00000004   Code   RO         3024    i._ZN3DJI10onboardSDK6FlightC1EPNS0_7CoreAPIE  dji_flight.o
    0x08003fb0   0x00000318   Code   RO         3550    i._ZN3DJI10onboardSDK7CoreAPI10appHandlerEPNS0_6HeaderE  dji_link.o
    0x080042c8   0x00000054   Code   RO         2199    i._ZN3DJI10onboardSDK7CoreAPI10setControlEbPFvPS1_PNS0_6HeaderEPvES5_  dji_api.o
    0x0800431c   0x00000028   Code   RO         2719    i._ZN3DJI10onboardSDK7CoreAPI10verifyDataEPNS0_9SDKFilterE  dji_codec.o
    0x08004344   0x00000054   Code   RO         2720    i._ZN3DJI10onboardSDK7CoreAPI10verifyHeadEPNS0_9SDKFilterE  dji_codec.o
    0x08004398   0x0000036c   Code   RO         3697    i._ZN3DJI10onboardSDK7CoreAPI11allocMemoryEt  dji_memory.o
    0x08004704   0x00000028   Code   RO         3551    i._ZN3DJI10onboardSDK7CoreAPI11allocateACKEPNS0_6HeaderE  dji_link.o
    0x0800472c   0x00000058   Code   RO         2721    i._ZN3DJI10onboardSDK7CoreAPI11byteHandlerEh  dji_codec.o
    0x08004784   0x00000038   Code   RO         2722    i._ZN3DJI10onboardSDK7CoreAPI11checkStreamEPNS0_9SDKFilterE  dji_codec.o
    0x080047bc   0x0000001e   Code   RO         3698    i._ZN3DJI10onboardSDK7CoreAPI11freeSessionEPNS0_10CMDSessionE  dji_memory.o
    0x080047da   0x00000002   PAD
    0x080047dc   0x0000054c   Code   RO         2493    i._ZN3DJI10onboardSDK7CoreAPI11recvReqDataEPNS0_6HeaderE  dji_app.o
    0x08004d28   0x000001dc   Code   RO         3553    i._ZN3DJI10onboardSDK7CoreAPI12ackInterfaceEPNS0_3AckE  dji_link.o
    0x08004f04   0x00000154   Code   RO         3699    i._ZN3DJI10onboardSDK7CoreAPI12allocSessionEtt  dji_memory.o
    0x08005058   0x0000003a   Code   RO         3555    i._ZN3DJI10onboardSDK7CoreAPI12notifyCallerEPNS0_6HeaderE  dji_link.o
    0x08005092   0x00000002   PAD
    0x08005094   0x000000e8   Code   RO         2201    i._ZN3DJI10onboardSDK7CoreAPI12sendToMobileEPhhPFvPS1_PNS0_6HeaderEPvES6_  dji_api.o
    0x0800517c   0x00000094   Code   RO         3700    i._ZN3DJI10onboardSDK7CoreAPI12setupSessionEv  dji_memory.o
    0x08005210   0x000009a4   Code   RO         3556    i._ZN3DJI10onboardSDK7CoreAPI13sendInterfaceEPNS0_7CommandE  dji_link.o
    0x08005bb4   0x0000001c   Code   RO         2723    i._ZN3DJI10onboardSDK7CoreAPI13streamHandlerEPNS0_9SDKFilterEh  dji_codec.o
    0x08005bd0   0x00000308   Code   RO         2724    i._ZN3DJI10onboardSDK7CoreAPI15decodeACKStatusEt  dji_codec.o
    0x08005ed8   0x00000058   Code   RO         2204    i._ZN3DJI10onboardSDK7CoreAPI15getDroneVersionEPFvPS1_PNS0_6HeaderEPvES5_  dji_api.o
    0x08005f30   0x00000518   Code   RO         2208    i._ZN3DJI10onboardSDK7CoreAPI16activateCallbackEPS1_PNS0_6HeaderEPv  dji_api.o
    0x08006448   0x00000090   Code   RO         2209    i._ZN3DJI10onboardSDK7CoreAPI16setBroadcastFreqEPhPFvPS1_PNS0_6HeaderEPvES6_  dji_api.o
    0x080064d8   0x00000006   Code   RO         3559    i._ZN3DJI10onboardSDK7CoreAPI17setACKFrameStatusEj  dji_link.o
    0x080064de   0x00000002   PAD
    0x080064e0   0x00000550   Code   RO         2211    i._ZN3DJI10onboardSDK7CoreAPI18setControlCallbackEPS1_PNS0_6HeaderEPv  dji_api.o
    0x08006a30   0x000000c4   Code   RO         3763    i._ZN3DJI10onboardSDK7CoreAPI19decodeMissionStatusEh  dji_mission.o
    0x08006af4   0x0000016c   Code   RO         2212    i._ZN3DJI10onboardSDK7CoreAPI20sendToMobileCallbackEPS1_PNS0_6HeaderEPv  dji_api.o
    0x08006c60   0x0000000c   Code   RO         2494    i._ZN3DJI10onboardSDK7CoreAPI20setBroadcastCallbackEPFvPS1_PNS0_6HeaderEPvES5_  dji_app.o
    0x08006c6c   0x000001d4   Code   RO         2213    i._ZN3DJI10onboardSDK7CoreAPI20setFrequencyCallbackEPS1_PNS0_6HeaderEPv  dji_api.o
    0x08006e40   0x00000af0   Code   RO         2214    i._ZN3DJI10onboardSDK7CoreAPI21parseDroneVersionInfoEPh  dji_api.o
    0x08007930   0x00000006   Code   RO         2726    i._ZN3DJI10onboardSDK7CoreAPI22setBroadcastActivationEj  dji_codec.o
    0x08007936   0x0000002a   Code   RO         2217    i._ZN3DJI10onboardSDK7CoreAPI23getDroneVersionCallbackEPS1_PNS0_6HeaderEPv  dji_api.o
    0x08007960   0x00000060   Code   RO         3560    i._ZN3DJI10onboardSDK7CoreAPI23notifyNonBlockingCallerEPNS0_6HeaderE  dji_link.o
    0x080079c0   0x00000266   Code   RO         2218    i._ZN3DJI10onboardSDK7CoreAPI23parseFromMobileCallbackEPS1_PNS0_6HeaderEPv  dji_api.o
    0x08007c26   0x00000006   Code   RO         2497    i._ZN3DJI10onboardSDK7CoreAPI23setBroadcastFrameStatusEb  dji_app.o
    0x08007c2c   0x000000f8   Code   RO         2222    i._ZN3DJI10onboardSDK7CoreAPI4initEPNS0_10HardDriverENS0_15CallBackHandlerEb  dji_api.o
    0x08007d24   0x00000080   Code   RO         2224    i._ZN3DJI10onboardSDK7CoreAPI4sendEhbNS0_7CMD_SETEhPvjiiPFvPS1_PNS0_6HeaderES3_ES3_  dji_api.o
    0x08007da4   0x00000012   Code   RO         3561    i._ZN3DJI10onboardSDK7CoreAPI5setupEv  dji_link.o
    0x08007db6   0x00000018   Code   RO         3562    i._ZN3DJI10onboardSDK7CoreAPI6setKeyEPKc  dji_link.o
    0x08007dce   0x00000002   PAD
    0x08007dd0   0x00000028   Code   RO         2727    i._ZN3DJI10onboardSDK7CoreAPI7callAppEPNS0_9SDKFilterE  dji_codec.o
    0x08007df8   0x0000018c   Code   RO         2728    i._ZN3DJI10onboardSDK7CoreAPI7encryptEPhPKhthhht  dji_codec.o
    0x08007f84   0x0000000e   Code   RO         3701    i._ZN3DJI10onboardSDK7CoreAPI7freeACKEPNS0_10ACKSessionE  dji_memory.o
    0x08007f92   0x00000002   PAD
    0x08007f94   0x00000124   Code   RO         2226    i._ZN3DJI10onboardSDK7CoreAPI8activateEPNS0_12ActivateDataEPFvPS1_PNS0_6HeaderEPvES7_  dji_api.o
    0x080080b8   0x00000174   Code   RO         3702    i._ZN3DJI10onboardSDK7CoreAPI8allocACKEtt  dji_memory.o
    0x0800822c   0x00000128   Code   RO         3564    i._ZN3DJI10onboardSDK7CoreAPI8sendDataEPh  dji_link.o
    0x08008354   0x0000012e   Code   RO         3565    i._ZN3DJI10onboardSDK7CoreAPI8sendPollEv  dji_link.o
    0x08008482   0x0000009a   Code   RO         3703    i._ZN3DJI10onboardSDK7CoreAPI8setupMMUEv  dji_memory.o
    0x0800851c   0x000002f0   Code   RO         2498    i._ZN3DJI10onboardSDK7CoreAPI9broadcastEPNS0_6HeaderE  dji_app.o
    0x0800880c   0x000000bc   Code   RO         2729    i._ZN3DJI10onboardSDK7CoreAPI9storeDataEPNS0_9SDKFilterEh  dji_codec.o
    0x080088c8   0x0000002a   Code   RO         2230    i._ZN3DJI10onboardSDK7CoreAPIC1EPNS0_10HardDriverEbPFvPS1_PNS0_6HeaderEPvES7_  dji_api.o
    0x080088f2   0x0000000a   Code   RO         3357    i._ZN3DJI10onboardSDK8HotPoint10setYawRateEf  dji_hotpoint.o
    0x080088fc   0x0000002e   Code   RO         3358    i._ZN3DJI10onboardSDK8HotPoint11setHotPointENS0_15GPSPositionDataE  dji_hotpoint.o
    0x0800892a   0x00000002   PAD
    0x0800892c   0x00000214   Code   RO         3365    i._ZN3DJI10onboardSDK8HotPoint13startCallbackEPNS0_7CoreAPIEPNS0_6HeaderEPv  dji_hotpoint.o
    0x08008b40   0x00000054   Code   RO         3369    i._ZN3DJI10onboardSDK8HotPoint4stopEPFvPNS0_7CoreAPIEPNS0_6HeaderEPvES6_  dji_hotpoint.o
    0x08008b94   0x00000050   Code   RO         3373    i._ZN3DJI10onboardSDK8HotPoint5startEPFvPNS0_7CoreAPIEPNS0_6HeaderEPvES6_  dji_hotpoint.o
    0x08008be4   0x000000c8   Code   RO         3376    i._ZN3DJI10onboardSDK8HotPoint8initDataEv  dji_hotpoint.o
    0x08008cac   0x00000012   Code   RO         3381    i._ZN3DJI10onboardSDK8HotPoint9setRadiusEd  dji_hotpoint.o
    0x08008cbe   0x00000012   Code   RO         3382    i._ZN3DJI10onboardSDK8HotPointC1EPNS0_7CoreAPIE  dji_hotpoint.o
    0x08008cd0   0x00000058   Code   RO         3821    i._ZN3DJI10onboardSDK9VirtualRC10setControlEbNS1_6CutOffE  dji_virtualrc.o
    0x08008d28   0x0000004c   Code   RO         3828    i._ZN3DJI10onboardSDK9VirtualRC8sendDataENS0_13VirtualRCDataE  dji_virtualrc.o
    0x08008d74   0x00000028   Code   RO         3831    i._ZN3DJI10onboardSDK9VirtualRC9resetDataEv  dji_virtualrc.o
    0x08008d9c   0x00000012   Code   RO         3832    i._ZN3DJI10onboardSDK9VirtualRCC1EPNS0_7CoreAPIE  dji_virtualrc.o
    0x08008dae   0x00000002   Code   RO          714    i._ZN8XMC_470010freeMemoryEv  driver.o
    0x08008db0   0x00000002   Code   RO          708    i._ZN8XMC_470010lockMemoryEv  driver.o
    0x08008db2   0x00000002   PAD
    0x08008db4   0x00000010   Code   RO          661    i._ZN8XMC_470012getTimeStampEv  driver.o
    0x08008dc4   0x00000034   Code   RO          662    i._ZN8XMC_47004sendEPKhj  driver.o
    0x08008df8   0x00000002   Code   RO          744    i._ZN8XMC_47006notifyEv  driver.o
    0x08008dfa   0x00000002   Code   RO          738    i._ZN8XMC_47007freeACKEv  driver.o
    0x08008dfc   0x00000002   Code   RO          726    i._ZN8XMC_47007freeMSGEv  driver.o
    0x08008dfe   0x00000002   Code   RO          732    i._ZN8XMC_47007lockACKEv  driver.o
    0x08008e00   0x00000002   Code   RO          720    i._ZN8XMC_47007lockMSGEv  driver.o
    0x08008e02   0x00000008   Code   RO         2231    i._ZNK3DJI10onboardSDK7CoreAPI12getFwVersionEv  dji_api.o
    0x08008e0a   0x00000008   Code   RO         2232    i._ZNK3DJI10onboardSDK7CoreAPI12getHwVersionEv  dji_api.o
    0x08008e12   0x00000008   Code   RO         2233    i._ZNK3DJI10onboardSDK7CoreAPI12getSimpleACKEv  dji_api.o
    0x08008e1a   0x00000020   Code   RO         2237    i._ZNK3DJI10onboardSDK7CoreAPI15getFlightStatusEv  dji_api.o
    0x08008e3a   0x0000003e   Code   RO         2500    i._ZNK3DJI10onboardSDK7CoreAPI16getBroadcastDataEv  dji_app.o
    0x08008e78   0x0000000a   Code   RO         2241    i._ZNK3DJI10onboardSDK7CoreAPI9getDriverEv  dji_api.o
    0x08008e82   0x00000002   PAD
    0x08008e84   0x00000028   Code   RO         5664    i._Znwj             cpprt_w.l(new.o)
    0x08008eac   0x00000020   Code   RO         6075    i.__0printf         mc_w.l(printfa.o)
    0x08008ecc   0x00000028   Code   RO         6077    i.__0sprintf        mc_w.l(printfa.o)
    0x08008ef4   0x00000006   Code   RO         5668    i.__cxa_pure_virtual  cpprt_w.l(pure_virt.o)
    0x08008efa   0x0000000e   Code   RO         6370    i.__scatterload_copy  mc_w.l(handlers.o)
    0x08008f08   0x00000002   Code   RO         6371    i.__scatterload_null  mc_w.l(handlers.o)
    0x08008f0a   0x0000000e   Code   RO         6372    i.__scatterload_zeroinit  mc_w.l(handlers.o)
    0x08008f18   0x00000014   Code   RO         1679    i.__sti___11_Receive_cpp_88bc3a46  receive.o
    0x08008f2c   0x00000018   Code   RO          928    i.__sti___12_HotPoint_cpp_hotpoint  hotpoint.o
    0x08008f44   0x0000005c   Code   RO            4    i.__sti___8_main_cpp_driver  main.o
    0x08008fa0   0x00000184   Code   RO         6082    i._fp_digits        mc_w.l(printfa.o)
    0x08009124   0x000006dc   Code   RO         6083    i._printf_core      mc_w.l(printfa.o)
    0x08009800   0x00000024   Code   RO         6084    i._printf_post_padding  mc_w.l(printfa.o)
    0x08009824   0x0000002e   Code   RO         6085    i._printf_pre_padding  mc_w.l(printfa.o)
    0x08009852   0x0000000a   Code   RO         6087    i._sputc            mc_w.l(printfa.o)
    0x0800985c   0x00000018   Code   RO         5439    i.delay             system_xmc4700.o
    0x08009874   0x00000022   Code   RO         4092    i.fifo_init         fifo.o
    0x08009896   0x0000002c   Code   RO         4093    i.fifo_read_ch      fifo.o
    0x080098c2   0x00000022   Code   RO         4094    i.fifo_used         fifo.o
    0x080098e4   0x0000002c   Code   RO         4095    i.fifo_write_ch     fifo.o
    0x08009910   0x00000018   Code   RO         1835    i.fputc             cppforxmc4700.o
    0x08009928   0x00000144   Code   RO            5    i.main              main.o
    0x08009a6c   0x0000006c   Code   RO         6247    i.malloc            mc_w.l(malloc.o)
    0x08009ad8   0x00000100   Data   RO         1695    .constdata          receive.o
    0x08009bd8   0x00000008   Data   RO         2069    .constdata          timer.o
    0x08009be0   0x00000083   Data   RO         2299    .constdata          dji_api.o
    0x08009c63   0x00000016   Data   RO         2516    .constdata          dji_app.o
    0x08009c79   0x00000222   Data   RO         2769    .constdata          dji_codec.o
    0x08009e9b   0x0000002c   Data   RO         3072    .constdata          dji_flight.o
    0x08009ec7   0x0000001b   Data   RO         3421    .constdata          dji_hotpoint.o
    0x08009ee2   0x00000038   Data   RO         3593    .constdata          dji_link.o
    0x08009f1a   0x00000002   PAD
    0x08009f1c   0x0000002a   Data   RO         3714    .constdata          dji_memory.o
    0x08009f46   0x00000024   Data   RO         3779    .constdata          dji_mission.o
    0x08009f6a   0x00000002   PAD
    0x08009f6c   0x00000804   Data   RO         5634    .constdata          arm_cortexM4lf_math.lib(arm_common_tables.o)
    0x0800a770   0x00000040   Data   RO         6362    .constdata          mc_w.l(ctype_c.o)
    0x0800a7b0   0x00000060   Data   RO          686    .constdata__ZTV8XMC_4700  driver.o
    0x0800a810   0x00000060   Data   RO         3324    .constdata__ZTVN3DJI10onboardSDK10HardDriverE  dji_harddriver.o
    0x0800a870   0x000000ae   Data   RO            9    .conststring        main.o
    0x0800a91e   0x00000002   PAD
    0x0800a920   0x00000107   Data   RO         2300    .conststring        dji_api.o
    0x0800aa27   0x00000001   PAD
    0x0800aa28   0x0000005f   Data   RO         2770    .conststring        dji_codec.o
    0x0800aa87   0x00000001   PAD
    0x0800aa88   0x00000043   Data   RO         3073    .conststring        dji_flight.o
    0x0800aacb   0x00000001   PAD
    0x0800aacc   0x00000673   Data   RO         3780    .conststring        dji_mission.o
    0x0800b13f   0x00000001   PAD
    0x0800b140   0x00000020   Data   RO         6368    Region$$Table       anon$$obj.o
    0x0800b160   0x00000004   Data   RO           11    .init_array         main.o
    0x0800b164   0x00000004   Data   RO          933    .init_array         hotpoint.o
    0x0800b168   0x00000004   Data   RO         1697    .init_array         receive.o
    0x0800b16c   0x00000000   Data   RO         6108    .init_array         mc_w.l(cpp_init.o)


    Execution Region RW_IRAM2 (Base: 0x1ffe8000, Size: 0x00000000, Max: 0x00018000, ABSOLUTE)

    **** No section assigned to this execution region ****


    Execution Region RW_IRAM1 (Base: 0x20000000, Size: 0x000065c0, Max: 0x0003ffc0, ABSOLUTE, COMPRESSED[0x000007d0])

    Base Addr    Size         Type   Attr      Idx    E Section Name        Object

    0x20000000   0x00000050   Data   RW           10    .data               main.o
    0x20000050   0x00000041   Data   RW          871    .data               activate.o
    0x20000091   0x00000010   Data   RW         1007    .data               localnavigation.o
    0x200000a1   0x00000003   PAD
    0x200000a4   0x00000010   Data   RW         1696    .data               receive.o
    0x200000b4   0x00000040   Data   RW         1803    .data               virtualrc.o
    0x200000f4   0x00000020   Data   RW         1925    .data               bspusart.o
    0x20000114   0x00000004   Data   RW         2070    .data               timer.o
    0x20000118   0x00000001   Data   RW         2301    .data               dji_api.o
    0x20000119   0x00000003   PAD
    0x2000011c   0x00000008   Data   RW         2517    .data               dji_app.o
    0x20000124   0x00000600   Data   RW         2771    .data               dji_codec.o
    0x20000724   0x0000000c   Data   RW         3594    .data               dji_link.o
    0x20000730   0x000001e0   Data   RW         3781    .data               dji_mission.o
    0x20000910   0x00000004   Data   RW         6237    .data               mc_w.l(stdout.o)
    0x20000914   0x0000000c   Data   RW         6289    .data               mc_w.l(cpp_memory.o)
    0x20000920   0x00000004   Data   RW         6338    .data               mc_w.l(mvars.o)
    0x20000924   0x00000004   Data   RW         6339    .data               mc_w.l(mvars.o)
    0x20000928   0x00001570   Zero   RW            8    .bss                main.o
    0x20001e98   0x00000083   Zero   RW          932    .bss                hotpoint.o
    0x20001f1b   0x00000001   PAD
    0x20001f1c   0x00000040   Zero   RW         1006    .bss                localnavigation.o
    0x20001f5c   0x00000004   PAD
    0x20001f60   0x00000a30   Zero   RW         1694    .bss                receive.o
    0x20002990   0x00000030   Zero   RW         1924    .bss                bspusart.o
    0x200029c0   0x00000400   Zero   RW         3314    .bss                dji_harddriver.o
    0x20002dc0   0x00002000   Zero   RW         5425    HEAP                startup_xmc4700.o
    0x20004dc0   0x00001800   Zero   RW         5424    STACK               startup_xmc4700.o



  Load Region LR$$.ARM.__AT_0x2003FFC0 (Base: 0x2003ffc0, Size: 0x00000000, Max: 0x00000004, ABSOLUTE)

    Execution Region ER$$.ARM.__AT_0x2003FFC0 (Base: 0x2003ffc0, Size: 0x00000004, Max: 0x00000004, ABSOLUTE, UNINIT)

    Base Addr    Size         Type   Attr      Idx    E Section Name        Object

    0x2003ffc0   0x00000004   Zero   RW         5440    .ARM.__AT_0x2003FFC0  system_xmc4700.o



  Load Region LR$$.ARM.__AT_0x2003FFC4 (Base: 0x2003ffc4, Size: 0x00000000, Max: 0x00000010, ABSOLUTE)

    Execution Region ER$$.ARM.__AT_0x2003FFC4 (Base: 0x2003ffc4, Size: 0x00000010, Max: 0x00000010, ABSOLUTE, UNINIT)

    Base Addr    Size         Type   Attr      Idx    E Section Name        Object

    0x2003ffc4   0x00000010   Zero   RW         5441    .ARM.__AT_0x2003FFC4  system_xmc4700.o


==============================================================================

Image component sizes


      Code (inc. data)   RO Data    RW Data    ZI Data      Debug   Object Name

        52         18          0         65          0      30064   activate.o
        20          0          0          0          0        518   bsp.o
       496         68          0         32         48      76519   bspusart.o
        24          4          0          0          0       1828   cppforxmc4700.o
      8276       1866        394          1          0      42568   dji_api.o
      2268        422         22          8          0      31200   dji_app.o
      3626        508        641       1536          0      52959   dji_codec.o
      2116        566        111          0          0       6044   dji_flight.o
         0          0          0          0          0      21604   dji_follow.o
        36          8         96          0       1024       3384   dji_harddriver.o
       988        240         27          0          0      29032   dji_hotpoint.o
      4622        590         56         12          0      11809   dji_link.o
      1962        224         42          0          0       7917   dji_memory.o
       560        226       1687        480          0       3224   dji_mission.o
       222         10          0          0          0       2636   dji_virtualrc.o
        92         12         96          0          0     530769   driver.o
       156          0          0          0          0     506543   fifo.o
       256         28          4          0        131      28913   hotpoint.o
       976        132          0         16         64      49414   localnavigation.o
       416        136        178         80       5488     552273   main.o
       600          4          0          0          0      38944   mobilecommand.o
      2426        262        260         16       2608      35487   receive.o
        28         14        512          0      14336        528   startup_xmc4700.o
       848        106          0          0         20       7942   system_xmc4700.o
       598         78          8          4          0      75187   timer.o
        96         20          0         64          0      23224   virtualrc.o
       176         10          0          0          0       7264   xmc4_gpio.o
        88         24          0          0          0      17234   xmc4_scu.o
       344         22          0          0          0      17953   xmc_ccu4.o
       186          0          0          0          0      18724   xmc_uart.o
       376         48          0          0          0      15315   xmc_usic.o

    ----------------------------------------------------------------------
     32960       5646       4176       2320      23724    2247020   Object Totals
         0          0         32          0          0          0   (incl. Generated)
        30          0         10          6          5          0   (incl. Padding)

    ----------------------------------------------------------------------

      Code (inc. data)   RO Data    RW Data    ZI Data      Debug   Library Member Name

         0          0       2052          0          0       4636   arm_common_tables.o
       120         12          0          0          0      17018   arm_cos_f32.o
       132         14          0          0          0        750   arm_sin_f32.o
        80         12          0          0          0        104   arm_exceptions_globs.o
        60          0          0          0          0        108   arm_exceptions_mem.o
        26          0          0          0          0         76   arm_exceptions_terminate.o
         4          0          0          0          0         68   arm_newhandler_noexceptions.o
        40          6          0          0          0         76   new.o
         6          0          0          0          0         68   pure_virt.o
        56          8          0          0          0         84   __0sscanf.o
        86          0          0          0          0          0   __dczerorl2.o
        28          0          0          0          0         68   _chval.o
       812          4          0          0          0        112   _scanf.o
       332          0          0          0          0         96   _scanf_int.o
        64          0          0          0          0         84   _sgetc.o
        32         10          0          0          0         80   cpp_init.o
        20          4          0         12          0        136   cpp_memory.o
         2          0          0          0          0         68   cpp_signal.o
        40          6         64          0          0         68   ctype_c.o
         0          0          0          0          0          0   entry.o
         0          0          0          0          0          0   entry10a.o
         0          0          0          0          0          0   entry11a.o
         8          4          0          0          0          0   entry2.o
         4          0          0          0          0          0   entry5.o
         0          0          0          0          0          0   entry7b.o
         4          0          0          0          0          0   entry8a.o
         0          0          0          0          0          0   entry8b.o
         8          4          0          0          0          0   entry9a.o
        30          0          0          0          0          0   handlers.o
        36          8          0          0          0         68   init.o
        10          0          0          0          0         68   isspace_c.o
         0          0          0          0          0          0   iusefp.o
        30          0          0          0          0         68   llshl.o
        36          0          0          0          0         68   llsshr.o
        32          0          0          0          0         68   llushr.o
       108         16          0          0          0         84   malloc.o
        64          0          0          0          0         76   memmovea.o
        36          0          0          0          0        108   memseta.o
         0          0          0          8          0          0   mvars.o
      2308         96          0          0          0        604   printfa.o
        40          8          0          0          0         84   scanf_char.o
         0          0          0          4          0          0   stdout.o
        28          0          0          0          0         76   strcmp.o
        44          0          0          0          0         80   uidiv.o
        98          0          0          0          0         92   uldiv.o
        48          0          0          0          0         68   cdrcmple.o
        56          0          0          0          0         88   d2f.o
       334          0          0          0          0        148   dadd.o
       222          0          0          0          0        100   ddiv.o
       186          0          0          0          0        176   depilogue.o
        48          0          0          0          0         68   dfixul.o
        26          0          0          0          0         76   dfltui.o
       228          0          0          0          0         96   dmul.o
        38          0          0          0          0         68   f2d.o
       110          0          0          0          0        168   fepilogue.o

    ----------------------------------------------------------------------
      6168        212       2116         24          0      26300   Library Totals
         8          0          0          0          0          0   (incl. Padding)

    ----------------------------------------------------------------------

      Code (inc. data)   RO Data    RW Data    ZI Data      Debug   Library Name

       252         26       2052          0          0      22404   arm_cortexM4lf_math.lib
       216         18          0          0          0        500   cpprt_w.l
      4396        168         64         24          0       2340   mc_w.l
      1296          0          0          0          0       1056   mf_w.l

    ----------------------------------------------------------------------
      6168        212       2116         24          0      26300   Library Totals

    ----------------------------------------------------------------------

==============================================================================


      Code (inc. data)   RO Data    RW Data    ZI Data      Debug   

     39128       5858       6292       2344      23724    2251972   Grand Totals
     39128       5858       6292       2000      23724    2251972   ELF Image Totals (compressed)
     39128       5858       6292       2000          0          0   ROM Totals

==============================================================================

    Total RO  Size (Code + RO Data)                45420 (  44.36kB)
    Total RW  Size (RW Data + ZI Data)             26068 (  25.46kB)
    Total ROM Size (Code + RO Data + RW Data)      47420 (  46.31kB)

==============================================================================

