Component: ARM Compiler 5.06 update 3 (build 300) Tool: armlink [4d35c9]

==============================================================================

Section Cross References

    main.o(i.__sti___8_main_cpp_driver) refers to new.o(i._Znwj) for operator new(unsigned)
    main.o(i.__sti___8_main_cpp_driver) refers to dji_api.o(i._ZN3DJI10onboardSDK7CoreAPIC1EPNS0_10HardDriverEbPFvPS1_PNS0_6HeaderEPvES7_) for DJI::onboardSDK::CoreAPI::CoreAPI(DJI::onboardSDK::HardDriver*, bool, void(*)(DJI::onboardSDK::CoreAPI*, DJI::onboardSDK::Header*, void*), void*)
    main.o(i.__sti___8_main_cpp_driver) refers to dji_flight.o(i._ZN3DJI10onboardSDK6FlightC1EPNS0_7CoreAPIE) for DJI::onboardSDK::Flight::Flight(DJI::onboardSDK::CoreAPI*)
    main.o(i.__sti___8_main_cpp_driver) refers to dji_virtualrc.o(i._ZN3DJI10onboardSDK9VirtualRCC1EPNS0_7CoreAPIE) for DJI::onboardSDK::VirtualRC::VirtualRC(DJI::onboardSDK::CoreAPI*)
    main.o(i.__sti___8_main_cpp_driver) refers to dji_harddriver.o(.constdata__ZTVN3DJI10onboardSDK10HardDriverE) for vtable for DJI::onboardSDK::HardDriver
    main.o(i.__sti___8_main_cpp_driver) refers to driver.o(.constdata__ZTV8XMC_4700) for vtable for XMC_4700
    main.o(i.__sti___8_main_cpp_driver) refers to main.o(.data) for driver
    main.o(i.__sti___8_main_cpp_driver) refers to main.o(.bss) for defaultAPI
    main.o(i.main) refers to receive.o(i._Z16InitSoftwareFIFOv) for InitSoftwareFIFO()
    main.o(i.main) refers to bsp.o(i._Z7BSPinitv) for BSPinit()
    main.o(i.main) refers to timer.o(i._Z9delay_nmst) for delay_nms(unsigned short)
    main.o(i.main) refers to printfa.o(i.__0printf) for __2printf
    main.o(i.main) refers to dji_api.o(i._ZN3DJI10onboardSDK7CoreAPI16setBroadcastFreqEPhPFvPS1_PNS0_6HeaderEPvES6_) for DJI::onboardSDK::CoreAPI::setBroadcastFreq(unsigned char*, void(*)(DJI::onboardSDK::CoreAPI*, DJI::onboardSDK::Header*, void*), void*)
    main.o(i.main) refers to dji_app.o(i._ZN3DJI10onboardSDK7CoreAPI20setBroadcastCallbackEPFvPS1_PNS0_6HeaderEPvES5_) for DJI::onboardSDK::CoreAPI::setBroadcastCallback(void(*)(DJI::onboardSDK::CoreAPI*, DJI::onboardSDK::Header*, void*), void*)
    main.o(i.main) refers to dji_api.o(i._ZN3DJI10onboardSDK7CoreAPI15getDroneVersionEPFvPS1_PNS0_6HeaderEPvES5_) for DJI::onboardSDK::CoreAPI::getDroneVersion(void(*)(DJI::onboardSDK::CoreAPI*, DJI::onboardSDK::Header*, void*), void*)
    main.o(i.main) refers to activate.o(i._Z13User_Activatev) for User_Activate()
    main.o(i.main) refers to mobilecommand.o(i._Z20mobileCommandHandlerPN3DJI10onboardSDK7CoreAPIEPNS0_6FlightE) for mobileCommandHandler(DJI::onboardSDK::CoreAPI*, DJI::onboardSDK::Flight*)
    main.o(i.main) refers to receive.o(i._ZN15TerminalCommand22terminalCommandHandlerEPN3DJI10onboardSDK7CoreAPIEPNS1_6FlightE) for TerminalCommand::terminalCommandHandler(DJI::onboardSDK::CoreAPI*, DJI::onboardSDK::Flight*)
    main.o(i.main) refers to dji_link.o(i._ZN3DJI10onboardSDK7CoreAPI8sendPollEv) for DJI::onboardSDK::CoreAPI::sendPoll()
    main.o(i.main) refers to main.o(.conststring) for .conststring
    main.o(i.main) refers to localnavigation.o(.data) for myFreq
    main.o(i.main) refers to main.o(.data) for coreApi
    main.o(i.main) refers to localnavigation.o(.bss) for droneState
    main.o(i.main) refers to localnavigation.o(i._Z14myRecvCallbackPN3DJI10onboardSDK7CoreAPIEPNS0_6HeaderEPv) for myRecvCallback(DJI::onboardSDK::CoreAPI*, DJI::onboardSDK::Header*, void*)
    main.o(i.main) refers to receive.o(.bss) for myTerminal
    main.o(.ARM.exidx) refers to main.o(i.main) for i.main
    main.o(.ARM.exidx) refers to main.o(i.__sti___8_main_cpp_driver) for i.__sti___8_main_cpp_driver
    main.o(.data) refers to main.o(.bss) for defaultAPI
    main.o(.init_array) refers to main.o(i.__sti___8_main_cpp_driver) for __sti___8_main_cpp_driver
    main.o(.init_array) refers to cpp_init.o(.text) for __cpp_initialize__aeabi_
    driver.o(i._ZN8XMC_470012getTimeStampEv) refers to timer.o(.data) for tick
    driver.o(i._ZN8XMC_47004sendEPKhj) refers to xmc_uart.o(i.XMC_UART_CH_Transmit) for XMC_UART_CH_Transmit
    driver.o(i._ZN8XMC_47004sendEPKhj) refers to bspusart.o(.data) for n3_uart
    driver.o(.ARM.exidx) refers to driver.o(i._ZN8XMC_47004sendEPKhj) for i._ZN8XMC_47004sendEPKhj
    driver.o(.ARM.exidx) refers to driver.o(i._ZN8XMC_470012getTimeStampEv) for i._ZN8XMC_470012getTimeStampEv
    activate.o(i._Z13User_Activatev) refers to dji_api.o(i._ZN3DJI10onboardSDK7CoreAPI8activateEPNS0_12ActivateDataEPFvPS1_PNS0_6HeaderEPvES7_) for DJI::onboardSDK::CoreAPI::activate(DJI::onboardSDK::ActivateData*, void(*)(DJI::onboardSDK::CoreAPI*, DJI::onboardSDK::Header*, void*), void*)
    activate.o(i._Z13User_Activatev) refers to activate.o(.data) for key_buf
    activate.o(i._Z13User_Activatev) refers to main.o(.data) for coreApi
    activate.o(.ARM.exidx) refers to activate.o(i._Z13User_Activatev) for i._Z13User_Activatev
[...]
    CAN0_3_IRQHandler                        0x08000225   Thumb Code     0  startup_xmc4700.o(.text)
    CAN0_4_IRQHandler                        0x08000225   Thumb Code     0  startup_xmc4700.o(.text)
    CAN0_5_IRQHandler                        0x08000225   Thumb Code     0  startup_xmc4700.o(.text)
    CAN0_6_IRQHandler                        0x08000225   Thumb Code     0  startup_xmc4700.o(.text)
    CAN0_7_IRQHandler                        0x08000225   Thumb Code     0  startup_xmc4700.o(.text)
    CCU40_2_IRQHandler                       0x08000225   Thumb Code     0  startup_xmc4700.o(.text)
    CCU40_3_IRQHandler                       0x08000225   Thumb Code     0  startup_xmc4700.o(.text)
    CCU41_0_IRQHandler                       0x08000225   Thumb Code     0  startup_xmc4700.o(.text)
    CCU41_1_IRQHandler                       0x08000225   Thumb Code     0  startup_xmc4700.o(.text)
    CCU41_2_IRQHandler                       0x08000225   Thumb Code     0  startup_xmc4700.o(.text)
    CCU41_3_IRQHandler                       0x08000225   Thumb Code     0  startup_xmc4700.o(.text)
    CCU42_0_IRQHandler                       0x08000225   Thumb Code     0  startup_xmc4700.o(.text)
    CCU42_1_IRQHandler                       0x08000225   Thumb Code     0  startup_xmc4700.o(.text)
    CCU42_2_IRQHandler                       0x08000225   Thumb Code     0  startup_xmc4700.o(.text)
    CCU42_3_IRQHandler                       0x08000225   Thumb Code     0  startup_xmc4700.o(.text)
    CCU43_0_IRQHandler                       0x08000225   Thumb Code     0  startup_xmc4700.o(.text)
    CCU43_1_IRQHandler                       0x08000225   Thumb Code     0  startup_xmc4700.o(.text)
    CCU43_2_IRQHandler                       0x08000225   Thumb Code     0  startup_xmc4700.o(.text)
    CCU43_3_IRQHandler                       0x08000225   Thumb Code     0  startup_xmc4700.o(.text)
    CCU80_0_IRQHandler                       0x08000225   Thumb Code     0  startup_xmc4700.o(.text)
    CCU80_1_IRQHandler                       0x08000225   Thumb Code     0  startup_xmc4700.o(.text)
    CCU80_2_IRQHandler                       0x08000225   Thumb Code     0  startup_xmc4700.o(.text)
    CCU80_3_IRQHandler                       0x08000225   Thumb Code     0  startup_xmc4700.o(.text)
    CCU81_0_IRQHandler                       0x08000225   Thumb Code     0  startup_xmc4700.o(.text)
    CCU81_1_IRQHandler                       0x08000225   Thumb Code     0  startup_xmc4700.o(.text)
    CCU81_2_IRQHandler                       0x08000225   Thumb Code     0  startup_xmc4700.o(.text)
    CCU81_3_IRQHandler                       0x08000225   Thumb Code     0  startup_xmc4700.o(.text)
    DAC0_0_IRQHandler                        0x08000225   Thumb Code     0  startup_xmc4700.o(.text)
    DAC0_1_IRQHandler                        0x08000225   Thumb Code     0  startup_xmc4700.o(.text)
    DSD0_0_IRQHandler                        0x08000225   Thumb Code     0  startup_xmc4700.o(.text)
    DSD0_1_IRQHandler                        0x08000225   Thumb Code     0  startup_xmc4700.o(.text)
    DSD0_2_IRQHandler                        0x08000225   Thumb Code     0  startup_xmc4700.o(.text)
    DSD0_3_IRQHandler                        0x08000225   Thumb Code     0  startup_xmc4700.o(.text)
    DSD0_4_IRQHandler                        0x08000225   Thumb Code     0  startup_xmc4700.o(.text)
    DSD0_5_IRQHandler                        0x08000225   Thumb Code     0  startup_xmc4700.o(.text)
    DSD0_6_IRQHandler                        0x08000225   Thumb Code     0  startup_xmc4700.o(.text)
    DSD0_7_IRQHandler                        0x08000225   Thumb Code     0  startup_xmc4700.o(.text)
    DebugMon_Handler                         0x08000225   Thumb Code     0  startup_xmc4700.o(.text)
    ERU0_0_IRQHandler                        0x08000225   Thumb Code     0  startup_xmc4700.o(.text)
    ERU0_1_IRQHandler                        0x08000225   Thumb Code     0  startup_xmc4700.o(.text)
    ERU0_2_IRQHandler                        0x08000225   Thumb Code     0  startup_xmc4700.o(.text)
    ERU0_3_IRQHandler                        0x08000225   Thumb Code     0  startup_xmc4700.o(.text)
    ERU1_0_IRQHandler                        0x08000225   Thumb Code     0  startup_xmc4700.o(.text)
    ERU1_1_IRQHandler                        0x08000225   Thumb Code     0  startup_xmc4700.o(.text)
    ERU1_2_IRQHandler                        0x08000225   Thumb Code     0  startup_xmc4700.o(.text)
    ERU1_3_IRQHandler                        0x08000225   Thumb Code     0  startup_xmc4700.o(.text)
    ETH0_0_IRQHandler                        0x08000225   Thumb Code     0  startup_xmc4700.o(.text)
    FCE0_0_IRQHandler                        0x08000225   Thumb Code     0  startup_xmc4700.o(.text)
    GPDMA0_0_IRQHandler                      0x08000225   Thumb Code     0  startup_xmc4700.o(.text)
    GPDMA1_0_IRQHandler                      0x08000225   Thumb Code     0  startup_xmc4700.o(.text)
    HardFault_Handler                        0x08000225   Thumb Code     0  startup_xmc4700.o(.text)
    LEDTS0_0_IRQHandler                      0x08000225   Thumb Code     0  startup_xmc4700.o(.text)
    MemManage_Handler                        0x08000225   Thumb Code     0  startup_xmc4700.o(.text)
    NMI_Handler                              0x08000225   Thumb Code     0  startup_xmc4700.o(.text)
    PMU0_0_IRQHandler                        0x08000225   Thumb Code     0  startup_xmc4700.o(.text)
    POSIF0_0_IRQHandler                      0x08000225   Thumb Code     0  startup_xmc4700.o(.text)
    POSIF0_1_IRQHandler                      0x08000225   Thumb Code     0  startup_xmc4700.o(.text)
    POSIF1_0_IRQHandler                      0x08000225   Thumb Code     0  startup_xmc4700.o(.text)
    POSIF1_1_IRQHandler                      0x08000225   Thumb Code     0  startup_xmc4700.o(.text)
    PendSV_Handler                           0x08000225   Thumb Code     0  startup_xmc4700.o(.text)
    SCU_0_IRQHandler                         0x08000225   Thumb Code     0  startup_xmc4700.o(.text)
    SDMMC0_0_IRQHandler                      0x08000225   Thumb Code     0  startup_xmc4700.o(.text)
    SVC_Handler                              0x08000225   Thumb Code     0  startup_xmc4700.o(.text)
    USB0_0_IRQHandler                        0x08000225   Thumb Code     0  startup_xmc4700.o(.text)
    USIC0_0_IRQHandler                       0x08000225   Thumb Code     0  startup_xmc4700.o(.text)
    USIC0_1_IRQHandler                       0x08000225   Thumb Code     0  startup_xmc4700.o(.text)
    USIC0_2_IRQHandler                       0x08000225   Thumb Code     0  startup_xmc4700.o(.text)
    USIC0_3_IRQHandler                       0x08000225   Thumb Code     0  startup_xmc4700.o(.text)
    USIC0_4_IRQHandler                       0x08000225   Thumb Code     0  startup_xmc4700.o(.text)
    USIC1_0_IRQHandler                       0x08000225   Thumb Code     0  startup_xmc4700.o(.text)
    USIC1_1_IRQHandler                       0x08000225   Thumb Code     0  startup_xmc4700.o(.text)
    USIC1_2_IRQHandler                       0x08000225   Thumb Code     0  startup_xmc4700.o(.text)
    USIC1_3_IRQHandler                       0x08000225   Thumb Code     0  startup_xmc4700.o(.text)
    USIC1_4_IRQHandler                       0x08000225   Thumb Code     0  startup_xmc4700.o(.text)
    USIC2_0_IRQHandler                       0x08000225   Thumb Code     0  startup_xmc4700.o(.text)
    USIC2_1_IRQHandler                       0x08000225   Thumb Code     0  startup_xmc4700.o(.text)
    USIC2_2_IRQHandler                       0x08000225   Thumb Code     0  startup_xmc4700.o(.text)
    USIC2_3_IRQHandler                       0x08000225   Thumb Code     0  startup_xmc4700.o(.text)
    USIC2_4_IRQHandler                       0x08000225   Thumb Code     0  startup_xmc4700.o(.text)
    USIC2_5_IRQHandler                       0x08000225   Thumb Code     0  startup_xmc4700.o(.text)
    UsageFault_Handler                       0x08000225   Thumb Code     0  startup_xmc4700.o(.text)
    VADC0_C0_0_IRQHandler                    0x08000225   Thumb Code     0  startup_xmc4700.o(.text)
    VADC0_C0_1_IRQHandler                    0x08000225   Thumb Code     0  startup_xmc4700.o(.text)
    VADC0_C0_2_IRQHandler                    0x08000225   Thumb Code     0  startup_xmc4700.o(.text)
    VADC0_C0_3_IRQHandler                    0x08000225   Thumb Code     0  startup_xmc4700.o(.text)
    VADC0_G0_0_IRQHandler                    0x08000225   Thumb Code     0  startup_xmc4700.o(.text)
    VADC0_G0_1_IRQHandler                    0x08000225   Thumb Code     0  startup_xmc4700.o(.text)
    VADC0_G0_2_IRQHandler                    0x08000225   Thumb Code     0  startup_xmc4700.o(.text)
    VADC0_G0_3_IRQHandler                    0x08000225   Thumb Code     0  startup_xmc4700.o(.text)
    VADC0_G1_0_IRQHandler                    0x08000225   Thumb Code     0  startup_xmc4700.o(.text)
    VADC0_G1_1_IRQHandler                    0x08000225   Thumb Code     0  startup_xmc4700.o(.text)
    VADC0_G1_2_IRQHandler                    0x08000225   Thumb Code     0  startup_xmc4700.o(.text)
    VADC0_G1_3_IRQHandler                    0x08000225   Thumb Code     0  startup_xmc4700.o(.text)
    VADC0_G2_0_IRQHandler                    0x08000225   Thumb Code     0  startup_xmc4700.o(.text)
    VADC0_G2_1_IRQHandler                    0x08000225   Thumb Code     0  startup_xmc4700.o(.text)
    VADC0_G2_2_IRQHandler                    0x08000225   Thumb Code     0  startup_xmc4700.o(.text)
    VADC0_G2_3_IRQHandler                    0x08000225   Thumb Code     0  startup_xmc4700.o(.text)
    VADC0_G3_0_IRQHandler                    0x08000225   Thumb Code     0  startup_xmc4700.o(.text)
    VADC0_G3_1_IRQHandler                    0x08000225   Thumb Code     0  startup_xmc4700.o(.text)
    VADC0_G3_2_IRQHandler                    0x08000225   Thumb Code     0  startup_xmc4700.o(.text)
    VADC0_G3_3_IRQHandler                    0x08000225   Thumb Code     0  startup_xmc4700.o(.text)
    arm_cos_f32                              0x08000235   Thumb Code   108  arm_cos_f32.o(.text)
    arm_sin_f32                              0x080002ad   Thumb Code   118  arm_sin_f32.o(.text)
    ___aeabi_memcpy8$move                    0x08000331   Thumb Code     0  memmovea.o(.text)
    __aeabi_memcpy                           0x08000331   Thumb Code    64  memmovea.o(.text)
    __aeabi_memcpy4                          0x08000331   Thumb Code     0  memmovea.o(.text)
    __aeabi_memmove                          0x08000331   Thumb Code     0  memmovea.o(.text)
    __aeabi_memmove4                         0x08000331   Thumb Code     0  memmovea.o(.text)
    __aeabi_memmove8                         0x08000331   Thumb Code     0  memmovea.o(.text)
    __aeabi_memset                           0x08000371   Thumb Code    14  memseta.o(.text)
    __aeabi_memset4                          0x08000371   Thumb Code     0  memseta.o(.text)
    __aeabi_memset8                          0x08000371   Thumb Code     0  memseta.o(.text)
    __aeabi_memclr                           0x0800037f   Thumb Code     4  memseta.o(.text)
    __aeabi_memclr4                          0x0800037f   Thumb Code     0  memseta.o(.text)
    __aeabi_memclr8                          0x0800037f   Thumb Code     0  memseta.o(.text)
    _memset$wrapper                          0x08000383   Thumb Code    18  memseta.o(.text)
    strcmp                                   0x08000395   Thumb Code    28  strcmp.o(.text)
    __0sscanf                                0x080003b1   Thumb Code    48  __0sscanf.o(.text)
    _scanf_int                               0x080003e9   Thumb Code   332  _scanf_int.o(.text)
    __cpp_initialize__aeabi_                 0x08000535   Thumb Code    22  cpp_init.o(.text)
    __aeabi_dadd                             0x08000555   Thumb Code   322  dadd.o(.text)
    __aeabi_dsub                             0x08000697   Thumb Code     6  dadd.o(.text)
    __aeabi_drsub                            0x0800069d   Thumb Code     6  dadd.o(.text)
    __aeabi_dmul                             0x080006a3   Thumb Code   228  dmul.o(.text)
    __aeabi_ui2d                             0x08000787   Thumb Code    26  dfltui.o(.text)
    __aeabi_f2d                              0x080007a1   Thumb Code    38  f2d.o(.text)
    __aeabi_cdrcmple                         0x080007c9   Thumb Code    48  cdrcmple.o(.text)
    __aeabi_d2f                              0x080007f9   Thumb Code    56  d2f.o(.text)
    __default_new_handler()                  0x08000831   Thumb Code     4  arm_newhandler_noexceptions.o(.text)
    __aeabi_uidiv                            0x08000835   Thumb Code     0  uidiv.o(.text)
    __aeabi_uidivmod                         0x08000835   Thumb Code    44  uidiv.o(.text)
    __aeabi_uldivmod                         0x08000861   Thumb Code    98  uldiv.o(.text)
    __aeabi_llsl                             0x080008c3   Thumb Code    30  llshl.o(.text)
    _ll_shift_l                              0x080008c3   Thumb Code     0  llshl.o(.text)
    __aeabi_lasr                             0x080008e1   Thumb Code    36  llsshr.o(.text)
    _ll_sshift_r                             0x080008e1   Thumb Code     0  llsshr.o(.text)
    _chval                                   0x08000905   Thumb Code    28  _chval.o(.text)
    __vfscanf_char                           0x0800092d   Thumb Code    20  scanf_char.o(.text)
    _sgetc                                   0x08000949   Thumb Code    30  _sgetc.o(.text)
    _sbackspace                              0x08000967   Thumb Code    34  _sgetc.o(.text)
    __I$use$fp                               0x08000989   Thumb Code     0  iusefp.o(.text)
    __rt_new_handler_addr                    0x08000989   Thumb Code     4  cpp_memory.o(.text)
    __rt_eh_globals_addr                     0x0800098d   Thumb Code    12  cpp_memory.o(.text)
    __rt_SIGPVFN                             0x0800099d   Thumb Code     2  cpp_signal.o(.text)
    _float_round                             0x0800099f   Thumb Code    18  fepilogue.o(.text)
    _float_epilogue                          0x080009b1   Thumb Code    92  fepilogue.o(.text)
    _double_round                            0x08000a0d   Thumb Code    30  depilogue.o(.text)
    _double_epilogue                         0x08000a2b   Thumb Code   156  depilogue.o(.text)
    __aeabi_ddiv                             0x08000ac7   Thumb Code   222  ddiv.o(.text)
    __aeabi_d2ulz                            0x08000ba5   Thumb Code    48  dfixul.o(.text)
    std::terminate()                         0x08000bd5   Thumb Code    26  arm_exceptions_terminate.o(.text)
    __cxa_get_globals                        0x08000bf7   Thumb Code    62  arm_exceptions_globs.o(.text)
    __scatterload                            0x08000c41   Thumb Code    28  init.o(.text)
    __scatterload_rt2                        0x08000c41   Thumb Code     0  init.o(.text)
    __aeabi_llsr                             0x08000c65   Thumb Code    32  llushr.o(.text)
    _ll_ushift_r                             0x08000c65   Thumb Code     0  llushr.o(.text)
    isspace                                  0x08000c85   Thumb Code    10  isspace_c.o(.text)
    __vfscanf                                0x08000c91   Thumb Code   808  _scanf.o(.text)
    __ARM_exceptions_buffer_init             0x08000fbd   Thumb Code    18  arm_exceptions_mem.o(.text)
    __ARM_exceptions_buffer_allocate         0x08000fcf   Thumb Code    22  arm_exceptions_mem.o(.text)
    __ARM_exceptions_buffer_free             0x08000fe5   Thumb Code    20  arm_exceptions_mem.o(.text)
    __ctype_lookup                           0x08000ff9   Thumb Code    34  ctype_c.o(.text)
    __decompress                             0x08001021   Thumb Code     0  __dczerorl2.o(.text)
    __decompress1                            0x08001021   Thumb Code    86  __dczerorl2.o(.text)
    CCU40_0_IRQHandler                       0x08001079   Thumb Code    40  timer.o(i.CCU40_0_IRQHandler)
    CCU40_1_IRQHandler                       0x080010a9   Thumb Code    42  timer.o(i.CCU40_1_IRQHandler)
    OSCHP_GetFrequency                       0x080010e5   Thumb Code     4  system_xmc4700.o(i.OSCHP_GetFrequency)
    SysTick_Handler                          0x080010ed   Thumb Code    34  timer.o(i.SysTick_Handler)
    SystemCoreClockSetup                     0x08001119   Thumb Code   470  system_xmc4700.o(i.SystemCoreClockSetup)
    SystemCoreClockUpdate                    0x08001331   Thumb Code   148  system_xmc4700.o(i.SystemCoreClockUpdate)
    SystemCoreSetup                          0x080013d5   Thumb Code    74  system_xmc4700.o(i.SystemCoreSetup)
    SystemInit                               0x0800142d   Thumb Code    22  system_xmc4700.o(i.SystemInit)
    USIC0_5_IRQHandler                       0x08001449   Thumb Code    98  receive.o(i.USIC0_5_IRQHandler)
    USIC1_5_IRQHandler                       0x080014b9   Thumb Code    24  bspusart.o(i.USIC1_5_IRQHandler)
    XMC_CCU4_EnableModule                    0x080014d9   Thumb Code   144  xmc_ccu4.o(i.XMC_CCU4_EnableModule)
    XMC_CCU4_Init                            0x08001575   Thumb Code    38  xmc_ccu4.o(i.XMC_CCU4_Init)
    XMC_CCU4_SLICE_CompareInit               0x0800159b   Thumb Code    48  xmc_ccu4.o(i.XMC_CCU4_SLICE_CompareInit)
    XMC_CCU4_SLICE_SetInterruptNode          0x080015cb   Thumb Code    86  xmc_ccu4.o(i.XMC_CCU4_SLICE_SetInterruptNode)
    XMC_CCU4_SetModuleClock                  0x08001621   Thumb Code    16  xmc_ccu4.o(i.XMC_CCU4_SetModuleClock)
    XMC_GPIO_Init                            0x08001631   Thumb Code   166  xmc4_gpio.o(i.XMC_GPIO_Init)
    XMC_SCU_CLOCK_EnableClock                0x080016e1   Thumb Code     6  xmc4_scu.o(i.XMC_SCU_CLOCK_EnableClock)
    XMC_SCU_CLOCK_GetPeripheralClockFrequency 0x080016ed   Thumb Code    18  xmc4_scu.o(i.XMC_SCU_CLOCK_GetPeripheralClockFrequency)
    XMC_SCU_CLOCK_UngatePeripheralClock      0x08001709   Thumb Code    20  xmc4_scu.o(i.XMC_SCU_CLOCK_UngatePeripheralClock)
    XMC_SCU_RESET_DeassertPeripheralReset    0x08001721   Thumb Code    20  xmc4_scu.o(i.XMC_SCU_RESET_DeassertPeripheralReset)
    XMC_UART_CH_GetReceivedData              0x08001739   Thumb Code    26  xmc_uart.o(i.XMC_UART_CH_GetReceivedData)
    XMC_UART_CH_Init                         0x08001753   Thumb Code   116  xmc_uart.o(i.XMC_UART_CH_Init)
    XMC_UART_CH_Transmit                     0x080017c7   Thumb Code    44  xmc_uart.o(i.XMC_UART_CH_Transmit)
    XMC_USIC_CH_Enable                       0x080017f5   Thumb Code    94  xmc_usic.o(i.XMC_USIC_CH_Enable)
    XMC_USIC_CH_SetBaudrate                  0x0800186d   Thumb Code   146  xmc_usic.o(i.XMC_USIC_CH_SetBaudrate)
    XMC_USIC_CH_SetInterruptNodePointer      0x08001905   Thumb Code    20  xmc_usic.o(i.XMC_USIC_CH_SetInterruptNodePointer)
    XMC_USIC_Enable                          0x08001919   Thumb Code    68  xmc_usic.o(i.XMC_USIC_Enable)
    UartConfig()                             0x0800196d   Thumb Code    16  bspusart.o(i._Z10UartConfigv)
    encodeData(DJI::onboardSDK::SDKFilter*, DJI::onboardSDK::Header*, void(*)(tagAES256Context*, unsigned char*)) 0x0800197d   Thumb Code   134  dji_codec.o(i._Z10encodeDataPN3DJI10onboardSDK9SDKFilterEPNS0_6HeaderEPFvP16tagAES256ContextPhE)
    freeMemory(DJI::onboardSDK::MMU_Tab*)    0x08001a09   Thumb Code    28  dji_memory.o(i._Z10freeMemoryPN3DJI10onboardSDK7MMU_TabE)
    getCmdCode(DJI::onboardSDK::Header*)     0x08001a25   Thumb Code    12  dji_app.o(i._Z10getCmdCodePN3DJI10onboardSDK6HeaderE)
    aes256_done(tagAES256Context*)           0x08001a31   Thumb Code    30  dji_codec.o(i._Z11aes256_doneP16tagAES256Context)
    aes256_init(tagAES256Context*, unsigned char*) 0x08001a4f   Thumb Code    58  dji_codec.o(i._Z11aes256_initP16tagAES256ContextPh)
    tryHotpoint(double, float, float)        0x08001a89   Thumb Code   200  hotpoint.o(i._Z11tryHotpointdff)
    Timer1Config()                           0x08001b5d   Thumb Code   102  timer.o(i._Z12Timer1Configv)
    Timer2Config()                           0x08001bd1   Thumb Code   102  timer.o(i._Z12Timer2Configv)
    VRCResetData()                           0x08001c45   Thumb Code    52  virtualrc.o(i._Z12VRCResetDatav)
    aes_subBytes(unsigned char*)             0x08001c81   Thumb Code    24  dji_codec.o(i._Z12aes_subBytesPh)
    calculateCRC(void*)                      0x08001c9d   Thumb Code   110  dji_codec.o(i._Z12calculateCRCPv)
    crc16_update(unsigned short, unsigned char) 0x08001d0d   Thumb Code    22  dji_codec.o(i._Z12crc16_updateth)
    crc32_update(unsigned, unsigned char)    0x08001d29   Thumb Code    22  dji_codec.o(i._Z12crc32_updatejh)
    stopHotpoint()                           0x08001d45   Thumb Code    14  hotpoint.o(i._Z12stopHotpointv)
    SystickConfig()                          0x08001d59   Thumb Code    66  timer.o(i._Z13SystickConfigv)
    User_Activate()                          0x08001da1   Thumb Code    34  activate.o(i._Z13User_Activatev)
    aes_shiftRows(unsigned char*)            0x08001dd5   Thumb Code    50  dji_codec.o(i._Z13aes_shiftRowsPh)
    N3_UART_Config()                         0x08001e09   Thumb Code    70  bspusart.o(i._Z14N3_UART_Configv)
    PC_UART_Config()                         0x08001e91   Thumb Code    70  bspusart.o(i._Z14PC_UART_Configv)
    aes_mixColumns(unsigned char*)           0x08001eed   Thumb Code   124  dji_codec.o(i._Z14aes_mixColumnsPh)
    myRecvCallback(DJI::onboardSDK::CoreAPI*, DJI::onboardSDK::Header*, void*) 0x08001f69   Thumb Code   192  localnavigation.o(i._Z14myRecvCallbackPN3DJI10onboardSDK7CoreAPIEPNS0_6HeaderEPv)
    serial_read_ch()                         0x0800205d   Thumb Code    16  receive.o(i._Z14serial_read_chv)
    VRC_TakeControl()                        0x08002071   Thumb Code    24  virtualrc.o(i._Z15VRC_TakeControlv)
    aes_addRoundKey(unsigned char*, unsigned char*) 0x08002095   Thumb Code    28  dji_codec.o(i._Z15aes_addRoundKeyPhS_)
    calculateLength(unsigned short, unsigned short) 0x080020b1   Thumb Code    46  dji_link.o(i._Z15calculateLengthtt)
    InitSoftwareFIFO()                       0x080021a1   Thumb Code    28  receive.o(i._Z16InitSoftwareFIFOv)
    UARTxNVIC_Config()                       0x0800221d   Thumb Code   128  bspusart.o(i._Z16UARTxNVIC_Configv)
    aes_expandDecKey(unsigned char*, unsigned char*) 0x080022a5   Thumb Code   246  dji_codec.o(i._Z16aes_expandDecKeyPhS_)
    aes_expandEncKey(unsigned char*, unsigned char*) 0x080023a1   Thumb Code   244  dji_codec.o(i._Z16aes_expandEncKeyPhS_)
    aes_subBytes_inv(unsigned char*)         0x08002499   Thumb Code    24  dji_codec.o(i._Z16aes_subBytes_invPh)
    serial_available()                       0x080024b5   Thumb Code    10  receive.o(i._Z16serial_availablev)
    transformTwoByte(const char*, unsigned char*) 0x080024c5   Thumb Code    60  dji_codec.o(i._Z16transformTwoBytePKcPh)
    aes_shiftRows_inv(unsigned char*)        0x08002511   Thumb Code    50  dji_codec.o(i._Z17aes_shiftRows_invPh)
    aes256_decrypt_ecb(tagAES256Context*, unsigned char*) 0x08002543   Thumb Code   108  dji_codec.o(i._Z18aes256_decrypt_ecbP16tagAES256ContextPh)
    aes256_encrypt_ecb(tagAES256Context*, unsigned char*) 0x080025af   Thumb Code   116  dji_codec.o(i._Z18aes256_encrypt_ecbP16tagAES256ContextPh)
    aes_mixColumns_inv(unsigned char*)       0x08002623   Thumb Code   182  dji_codec.o(i._Z18aes_mixColumns_invPh)
    aes_addRoundKey_cpy(unsigned char*, unsigned char*, unsigned char*) 0x08002751   Thumb Code    38  dji_codec.o(i._Z19aes_addRoundKey_cpyPhS_S_)
    stopLocalNavExample()                    0x080027d1   Thumb Code    18  localnavigation.o(i._Z19stopLocalNavExamplev)
    mobileCommandHandler(DJI::onboardSDK::CoreAPI*, DJI::onboardSDK::Flight*) 0x080027f9   Thumb Code   596  mobilecommand.o(i._Z20mobileCommandHandlerPN3DJI10onboardSDK7CoreAPIEPNS0_6FlightE)
    startLocalNavExample()                   0x08002a51   Thumb Code    84  localnavigation.o(i._Z20startLocalNavExamplev)
    updateCurveFollowing()                   0x08002ac9   Thumb Code   278  localnavigation.o(i._Z20updateCurveFollowingv)
    sdk_stream_crc16_calc(const unsigned char*, unsigned) 0x08002bf9   Thumb Code    34  dji_codec.o(i._Z21sdk_stream_crc16_calcPKhj)
    sdk_stream_crc32_calc(const unsigned char*, unsigned) 0x08002c1b   Thumb Code    34  dji_codec.o(i._Z21sdk_stream_crc32_calcPKhj)
    sdk_stream_prepare_lambda(DJI::onboardSDK::SDKFilter*) 0x08002e21   Thumb Code    34  dji_codec.o(i._Z25sdk_stream_prepare_lambdaPN3DJI10onboardSDK9SDKFilterE)
    sdk_stream_shift_data_lambda(DJI::onboardSDK::SDKFilter*) 0x08002ea9   Thumb Code    30  dji_codec.o(i._Z28sdk_stream_shift_data_lambdaPN3DJI10onboardSDK9SDKFilterE)
    sdk_stream_update_reuse_part_lambda(DJI::onboardSDK::SDKFilter*) 0x08002ed3   Thumb Code    60  dji_codec.o(i._Z35sdk_stream_update_reuse_part_lambdaPN3DJI10onboardSDK9SDKFilterE)
    BSPinit()                                0x08002f0f   Thumb Code    20  bsp.o(i._Z7BSPinitv)
    passData(unsigned short, unsigned short&, void*, unsigned char*, unsigned, unsigned&) 0x08002f23   Thumb Code    58  dji_app.o(i._Z8passDatatRtPvPhjRj)
    rj_xtime(unsigned char)                  0x08002f5d   Thumb Code    22  dji_codec.o(i._Z8rj_xtimeh)
    delay_nms(unsigned short)                0x08002f73   Thumb Code    30  timer.o(i._Z9delay_nmst)
    getCmdSet(DJI::onboardSDK::Header*)      0x08002f91   Thumb Code    10  dji_app.o(i._Z9getCmdSetPN3DJI10onboardSDK6HeaderE)
    TerminalCommand::terminalCommandHandler(DJI::onboardSDK::CoreAPI*, DJI::onboardSDK::Flight*) 0x08002ffd   Thumb Code  1002  receive.o(i._ZN15TerminalCommand22terminalCommandHandlerEPN3DJI10onboardSDK7CoreAPIEPNS1_6FlightE)
    DJI::onboardSDK::HardDriver::displayLog(const char*) 0x08003481   Thumb Code    28  dji_harddriver.o(i._ZN3DJI10onboardSDK10HardDriver10displayLogEPKc)
    DJI::onboardSDK::HardDriver::freeNonBlockCBAck() 0x080034a5   Thumb Code     2  driver.o(i._ZN3DJI10onboardSDK10HardDriver17freeNonBlockCBAckEv)
    DJI::onboardSDK::HardDriver::lockNonBlockCBAck() 0x080034a7   Thumb Code     2  driver.o(i._ZN3DJI10onboardSDK10HardDriver17lockNonBlockCBAckEv)
    DJI::onboardSDK::HardDriver::freeProtocolHeader() 0x080034a9   Thumb Code     2  driver.o(i._ZN3DJI10onboardSDK10HardDriver18freeProtocolHeaderEv)
    DJI::onboardSDK::HardDriver::lockProtocolHeader() 0x080034ab   Thumb Code     2  driver.o(i._ZN3DJI10onboardSDK10HardDriver18lockProtocolHeaderEv)
    DJI::onboardSDK::HardDriver::notifyNonBlockCBAckRecv() 0x080034ad   Thumb Code     2  driver.o(i._ZN3DJI10onboardSDK10HardDriver23notifyNonBlockCBAckRecvEv)
    DJI::onboardSDK::missionCallback(DJI::onboardSDK::CoreAPI*, DJI::onboardSDK::Header*, void*) 0x080034b1   Thumb Code   216  dji_mission.o(i._ZN3DJI10onboardSDK15missionCallbackEPNS0_7CoreAPIEPNS0_6HeaderEPv)
    DJI::onboardSDK::Flight::armCallback(DJI::onboardSDK::CoreAPI*, DJI::onboardSDK::Header*, void*) 0x0800361d   Thumb Code   450  dji_flight.o(i._ZN3DJI10onboardSDK6Flight11armCallbackEPNS0_7CoreAPIEPNS0_6HeaderEPv)
    DJI::onboardSDK::Flight::taskCallback(DJI::onboardSDK::CoreAPI*, DJI::onboardSDK::Header*, void*) 0x0800390d   Thumb Code   206  dji_flight.o(i._ZN3DJI10onboardSDK6Flight12taskCallbackEPNS0_7CoreAPIEPNS0_6HeaderEPv)
    DJI::onboardSDK::Flight::setMovementControl(unsigned char, float, float, float, float) 0x08003a81   Thumb Code   678  dji_flight.o(i._ZN3DJI10onboardSDK6Flight18setMovementControlEhffff)
    DJI::onboardSDK::Flight::task(DJI::onboardSDK::Flight::TASK, void(*)(DJI::onboardSDK::CoreAPI*, DJI::onboardSDK::Header*, void*), void*) 0x08003d71   Thumb Code    80  dji_flight.o(i._ZN3DJI10onboardSDK6Flight4taskENS1_4TASKEPFvPNS0_7CoreAPIEPNS0_6HeaderEPvES7_)
    DJI::onboardSDK::Flight::setArm(bool, void(*)(DJI::onboardSDK::CoreAPI*, DJI::onboardSDK::Header*, void*), void*) 0x08003dc9   Thumb Code    74  dji_flight.o(i._ZN3DJI10onboardSDK6Flight6setArmEbPFvPNS0_7CoreAPIEPNS0_6HeaderEPvES6_)
    DJI::onboardSDK::Flight::setFlight(DJI::onboardSDK::FlightData*) 0x08003e1d   Thumb Code    58  dji_flight.o(i._ZN3DJI10onboardSDK6Flight9setFlightEPNS0_10FlightDataE)
    DJI::onboardSDK::Flight::Flight(DJI::onboardSDK::CoreAPI*) 0x08003e5d   Thumb Code     4  dji_flight.o(i._ZN3DJI10onboardSDK6FlightC1EPNS0_7CoreAPIE)
    DJI::onboardSDK::Flight::Flight__sub_object(DJI::onboardSDK::CoreAPI*) 0x08003e5d   Thumb Code     0  dji_flight.o(i._ZN3DJI10onboardSDK6FlightC1EPNS0_7CoreAPIE)
    DJI::onboardSDK::CoreAPI::appHandler(DJI::onboardSDK::Header*) 0x08003e61   Thumb Code   710  dji_link.o(i._ZN3DJI10onboardSDK7CoreAPI10appHandlerEPNS0_6HeaderE)
    DJI::onboardSDK::CoreAPI::setControl(bool, void(*)(DJI::onboardSDK::CoreAPI*, DJI::onboardSDK::Header*, void*), void*) 0x08004179   Thumb Code    76  dji_api.o(i._ZN3DJI10onboardSDK7CoreAPI10setControlEbPFvPS1_PNS0_6HeaderEPvES5_)
    DJI::onboardSDK::CoreAPI::verifyData(DJI::onboardSDK::SDKFilter*) 0x080041cd   Thumb Code    40  dji_codec.o(i._ZN3DJI10onboardSDK7CoreAPI10verifyDataEPNS0_9SDKFilterE)
    DJI::onboardSDK::CoreAPI::verifyHead(DJI::onboardSDK::SDKFilter*) 0x080041f5   Thumb Code    84  dji_codec.o(i._ZN3DJI10onboardSDK7CoreAPI10verifyHeadEPNS0_9SDKFilterE)
    DJI::onboardSDK::CoreAPI::allocMemory(unsigned short) 0x08004249   Thumb Code   872  dji_memory.o(i._ZN3DJI10onboardSDK7CoreAPI11allocMemoryEt)
    DJI::onboardSDK::CoreAPI::allocateACK(DJI::onboardSDK::Header*) 0x080045b5   Thumb Code    40  dji_link.o(i._ZN3DJI10onboardSDK7CoreAPI11allocateACKEPNS0_6HeaderE)
    DJI::onboardSDK::CoreAPI::byteHandler(unsigned char) 0x080045dd   Thumb Code    88  dji_codec.o(i._ZN3DJI10onboardSDK7CoreAPI11byteHandlerEh)
    DJI::onboardSDK::CoreAPI::checkStream(DJI::onboardSDK::SDKFilter*) 0x08004635   Thumb Code    56  dji_codec.o(i._ZN3DJI10onboardSDK7CoreAPI11checkStreamEPNS0_9SDKFilterE)
    DJI::onboardSDK::CoreAPI::freeSession(DJI::onboardSDK::CMDSession*) 0x0800466d   Thumb Code    30  dji_memory.o(i._ZN3DJI10onboardSDK7CoreAPI11freeSessionEPNS0_10CMDSessionE)
    DJI::onboardSDK::CoreAPI::recvReqData(DJI::onboardSDK::Header*) 0x0800468d   Thumb Code   970  dji_app.o(i._ZN3DJI10onboardSDK7CoreAPI11recvReqDataEPNS0_6HeaderE)
    DJI::onboardSDK::CoreAPI::ackInterface(DJI::onboardSDK::Ack*) 0x08004bd9   Thumb Code   354  dji_link.o(i._ZN3DJI10onboardSDK7CoreAPI12ackInterfaceEPNS0_3AckE)
    DJI::onboardSDK::CoreAPI::allocSession(unsigned short, unsigned short) 0x08004db5   Thumb Code   256  dji_memory.o(i._ZN3DJI10onboardSDK7CoreAPI12allocSessionEtt)
    DJI::onboardSDK::CoreAPI::notifyCaller(DJI::onboardSDK::Header*) 0x08004f09   Thumb Code    58  dji_link.o(i._ZN3DJI10onboardSDK7CoreAPI12notifyCallerEPNS0_6HeaderE)
    DJI::onboardSDK::CoreAPI::sendToMobile(unsigned char*, unsigned char, void(*)(DJI::onboardSDK::CoreAPI*, DJI::onboardSDK::Header*, void*), void*) 0x08004f45   Thumb Code   140  dji_api.o(i._ZN3DJI10onboardSDK7CoreAPI12sendToMobileEPhhPFvPS1_PNS0_6HeaderEPvES6_)
    DJI::onboardSDK::CoreAPI::setupSession() 0x0800502d   Thumb Code   148  dji_memory.o(i._ZN3DJI10onboardSDK7CoreAPI12setupSessionEv)
    DJI::onboardSDK::CoreAPI::sendInterface(DJI::onboardSDK::Command*) 0x080050c1   Thumb Code  2426  dji_link.o(i._ZN3DJI10onboardSDK7CoreAPI13sendInterfaceEPNS0_7CommandE)
    DJI::onboardSDK::CoreAPI::streamHandler(DJI::onboardSDK::SDKFilter*, unsigned char) 0x08005a65   Thumb Code    28  dji_codec.o(i._ZN3DJI10onboardSDK7CoreAPI13streamHandlerEPNS0_9SDKFilterEh)
    DJI::onboardSDK::CoreAPI::decodeACKStatus(unsigned short) 0x08005a81   Thumb Code   452  dji_codec.o(i._ZN3DJI10onboardSDK7CoreAPI15decodeACKStatusEt)
    DJI::onboardSDK::CoreAPI::getDroneVersion(void(*)(DJI::onboardSDK::CoreAPI*, DJI::onboardSDK::Header*, void*), void*) 0x08005d89   Thumb Code    84  dji_api.o(i._ZN3DJI10onboardSDK7CoreAPI15getDroneVersionEPFvPS1_PNS0_6HeaderEPvES5_)
    DJI::onboardSDK::CoreAPI::activateCallback(DJI::onboardSDK::CoreAPI*, DJI::onboardSDK::Header*, void*) 0x08005de1   Thumb Code   860  dji_api.o(i._ZN3DJI10onboardSDK7CoreAPI16activateCallbackEPS1_PNS0_6HeaderEPv)
    DJI::onboardSDK::CoreAPI::setBroadcastFreq(unsigned char*, void(*)(DJI::onboardSDK::CoreAPI*, DJI::onboardSDK::Header*, void*), void*) 0x080062f9   Thumb Code   132  dji_api.o(i._ZN3DJI10onboardSDK7CoreAPI16setBroadcastFreqEPhPFvPS1_PNS0_6HeaderEPvES6_)
    DJI::onboardSDK::CoreAPI::setACKFrameStatus(unsigned) 0x08006389   Thumb Code     6  dji_link.o(i._ZN3DJI10onboardSDK7CoreAPI17setACKFrameStatusEj)
    DJI::onboardSDK::CoreAPI::setControlCallback(DJI::onboardSDK::CoreAPI*, DJI::onboardSDK::Header*, void*) 0x08006391   Thumb Code   846  dji_api.o(i._ZN3DJI10onboardSDK7CoreAPI18setControlCallbackEPS1_PNS0_6HeaderEPv)
    DJI::onboardSDK::CoreAPI::decodeMissionStatus(unsigned char) 0x080068e1   Thumb Code   118  dji_mission.o(i._ZN3DJI10onboardSDK7CoreAPI19decodeMissionStatusEh)
    DJI::onboardSDK::CoreAPI::sendToMobileCallback(DJI::onboardSDK::CoreAPI*, DJI::onboardSDK::Header*, void*) 0x080069a5   Thumb Code   212  dji_api.o(i._ZN3DJI10onboardSDK7CoreAPI20sendToMobileCallbackEPS1_PNS0_6HeaderEPv)
    DJI::onboardSDK::CoreAPI::setBroadcastCallback(void(*)(DJI::onboardSDK::CoreAPI*, DJI::onboardSDK::Header*, void*), void*) 0x08006b11   Thumb Code    12  dji_app.o(i._ZN3DJI10onboardSDK7CoreAPI20setBroadcastCallbackEPFvPS1_PNS0_6HeaderEPvES5_)
    DJI::onboardSDK::CoreAPI::setFrequencyCallback(DJI::onboardSDK::CoreAPI*, DJI::onboardSDK::Header*, void*) 0x08006b1d   Thumb Code   280  dji_api.o(i._ZN3DJI10onboardSDK7CoreAPI20setFrequencyCallbackEPS1_PNS0_6HeaderEPv)
    DJI::onboardSDK::CoreAPI::parseDroneVersionInfo(unsigned char*) 0x08006cf1   Thumb Code  2750  dji_api.o(i._ZN3DJI10onboardSDK7CoreAPI21parseDroneVersionInfoEPh)
    DJI::onboardSDK::CoreAPI::setBroadcastActivation(unsigned) 0x080077e1   Thumb Code     6  dji_codec.o(i._ZN3DJI10onboardSDK7CoreAPI22setBroadcastActivationEj)
    DJI::onboardSDK::CoreAPI::getDroneVersionCallback(DJI::onboardSDK::CoreAPI*, DJI::onboardSDK::Header*, void*) 0x080077e7   Thumb Code    42  dji_api.o(i._ZN3DJI10onboardSDK7CoreAPI23getDroneVersionCallbackEPS1_PNS0_6HeaderEPv)
    DJI::onboardSDK::CoreAPI::notifyNonBlockingCaller(DJI::onboardSDK::Header*) 0x08007811   Thumb Code    90  dji_link.o(i._ZN3DJI10onboardSDK7CoreAPI23notifyNonBlockingCallerEPNS0_6HeaderE)
    DJI::onboardSDK::CoreAPI::parseFromMobileCallback(DJI::onboardSDK::CoreAPI*, DJI::onboardSDK::Header*, void*) 0x08007871   Thumb Code   614  dji_api.o(i._ZN3DJI10onboardSDK7CoreAPI23parseFromMobileCallbackEPS1_PNS0_6HeaderEPv)
    DJI::onboardSDK::CoreAPI::setBroadcastFrameStatus(bool) 0x08007ad7   Thumb Code     6  dji_app.o(i._ZN3DJI10onboardSDK7CoreAPI23setBroadcastFrameStatusEb)
    DJI::onboardSDK::CoreAPI::init(DJI::onboardSDK::HardDriver*, DJI::onboardSDK::CallBackHandler, bool) 0x08007add   Thumb Code   244  dji_api.o(i._ZN3DJI10onboardSDK7CoreAPI4initEPNS0_10HardDriverENS0_15CallBackHandlerEb)
    DJI::onboardSDK::CoreAPI::send(unsigned char, bool, DJI::onboardSDK::CMD_SET, unsigned char, void*, unsigned, int, int, void(*)(DJI::onboardSDK::CoreAPI*, DJI::onboardSDK::Header*, void*), void*) 0x08007bd5   Thumb Code   128  dji_api.o(i._ZN3DJI10onboardSDK7CoreAPI4sendEhbNS0_7CMD_SETEhPvjiiPFvPS1_PNS0_6HeaderES3_ES3_)
    DJI::onboardSDK::CoreAPI::setup()        0x08007c55   Thumb Code    18  dji_link.o(i._ZN3DJI10onboardSDK7CoreAPI5setupEv)
    DJI::onboardSDK::CoreAPI::setKey(const char*) 0x08007c67   Thumb Code    24  dji_link.o(i._ZN3DJI10onboardSDK7CoreAPI6setKeyEPKc)
    DJI::onboardSDK::CoreAPI::callApp(DJI::onboardSDK::SDKFilter*) 0x08007c81   Thumb Code    34  dji_codec.o(i._ZN3DJI10onboardSDK7CoreAPI7callAppEPNS0_9SDKFilterE)
    DJI::onboardSDK::CoreAPI::encrypt(unsigned char*, const unsigned char*, unsigned short, unsigned char, unsigned char, unsigned char, unsigned short) 0x08007ca9   Thumb Code   338  dji_codec.o(i._ZN3DJI10onboardSDK7CoreAPI7encryptEPhPKhthhht)
    DJI::onboardSDK::CoreAPI::freeACK(DJI::onboardSDK::ACKSession*) 0x08007e35   Thumb Code    14  dji_memory.o(i._ZN3DJI10onboardSDK7CoreAPI7freeACKEPNS0_10ACKSessionE)
    DJI::onboardSDK::CoreAPI::activate(DJI::onboardSDK::ActivateData*, void(*)(DJI::onboardSDK::CoreAPI*, DJI::onboardSDK::Header*, void*), void*) 0x08007e45   Thumb Code   188  dji_api.o(i._ZN3DJI10onboardSDK7CoreAPI8activateEPNS0_12ActivateDataEPFvPS1_PNS0_6HeaderEPvES7_)
    DJI::onboardSDK::CoreAPI::allocACK(unsigned short, unsigned short) 0x08007f69   Thumb Code   236  dji_memory.o(i._ZN3DJI10onboardSDK7CoreAPI8allocACKEtt)
    DJI::onboardSDK::CoreAPI::sendData(unsigned char*) 0x080080dd   Thumb Code   178  dji_link.o(i._ZN3DJI10onboardSDK7CoreAPI8sendDataEPh)
    DJI::onboardSDK::CoreAPI::sendPoll()     0x08008205   Thumb Code   302  dji_link.o(i._ZN3DJI10onboardSDK7CoreAPI8sendPollEv)
    DJI::onboardSDK::CoreAPI::setupMMU()     0x08008333   Thumb Code   154  dji_memory.o(i._ZN3DJI10onboardSDK7CoreAPI8setupMMUEv)
    DJI::onboardSDK::CoreAPI::broadcast(DJI::onboardSDK::Header*) 0x080083cd   Thumb Code   728  dji_app.o(i._ZN3DJI10onboardSDK7CoreAPI9broadcastEPNS0_6HeaderE)
    DJI::onboardSDK::CoreAPI::storeData(DJI::onboardSDK::SDKFilter*, unsigned char) 0x080086bd   Thumb Code   108  dji_codec.o(i._ZN3DJI10onboardSDK7CoreAPI9storeDataEPNS0_9SDKFilterEh)
    DJI::onboardSDK::CoreAPI::CoreAPI(DJI::onboardSDK::HardDriver*, bool, void(*)(DJI::onboardSDK::CoreAPI*, DJI::onboardSDK::Header*, void*), void*) 0x08008779   Thumb Code    42  dji_api.o(i._ZN3DJI10onboardSDK7CoreAPIC1EPNS0_10HardDriverEbPFvPS1_PNS0_6HeaderEPvES7_)
    DJI::onboardSDK::CoreAPI::CoreAPI__sub_object(DJI::onboardSDK::HardDriver*, bool, void(*)(DJI::onboardSDK::CoreAPI*, DJI::onboardSDK::Header*, void*), void*) 0x08008779   Thumb Code     0  dji_api.o(i._ZN3DJI10onboardSDK7CoreAPIC1EPNS0_10HardDriverEbPFvPS1_PNS0_6HeaderEPvES7_)
    DJI::onboardSDK::HotPoint::setYawRate(float) 0x080087a3   Thumb Code    10  dji_hotpoint.o(i._ZN3DJI10onboardSDK8HotPoint10setYawRateEf)
    DJI::onboardSDK::HotPoint::setHotPoint(DJI::onboardSDK::GPSPositionData) 0x080087ad   Thumb Code    46  dji_hotpoint.o(i._ZN3DJI10onboardSDK8HotPoint11setHotPointENS0_15GPSPositionDataE)
    DJI::onboardSDK::HotPoint::startCallback(DJI::onboardSDK::CoreAPI*, DJI::onboardSDK::Header*, void*) 0x080087dd   Thumb Code   318  dji_hotpoint.o(i._ZN3DJI10onboardSDK8HotPoint13startCallbackEPNS0_7CoreAPIEPNS0_6HeaderEPv)
    DJI::onboardSDK::HotPoint::stop(void(*)(DJI::onboardSDK::CoreAPI*, DJI::onboardSDK::Header*, void*), void*) 0x080089f1   Thumb Code    76  dji_hotpoint.o(i._ZN3DJI10onboardSDK8HotPoint4stopEPFvPNS0_7CoreAPIEPNS0_6HeaderEPvES6_)
    DJI::onboardSDK::HotPoint::start(void(*)(DJI::onboardSDK::CoreAPI*, DJI::onboardSDK::Header*, void*), void*) 0x08008a45   Thumb Code    72  dji_hotpoint.o(i._ZN3DJI10onboardSDK8HotPoint5startEPFvPNS0_7CoreAPIEPNS0_6HeaderEPvES6_)
    DJI::onboardSDK::HotPoint::initData()    0x08008a95   Thumb Code   190  dji_hotpoint.o(i._ZN3DJI10onboardSDK8HotPoint8initDataEv)
    DJI::onboardSDK::HotPoint::setRadius(double) 0x08008b5d   Thumb Code    18  dji_hotpoint.o(i._ZN3DJI10onboardSDK8HotPoint9setRadiusEd)
    DJI::onboardSDK::HotPoint::HotPoint(DJI::onboardSDK::CoreAPI*) 0x08008b6f   Thumb Code    18  dji_hotpoint.o(i._ZN3DJI10onboardSDK8HotPointC1EPNS0_7CoreAPIE)
    DJI::onboardSDK::HotPoint::HotPoint__sub_object(DJI::onboardSDK::CoreAPI*) 0x08008b6f   Thumb Code     0  dji_hotpoint.o(i._ZN3DJI10onboardSDK8HotPointC1EPNS0_7CoreAPIE)
    DJI::onboardSDK::VirtualRC::setControl(bool, DJI::onboardSDK::VirtualRC::CutOff) 0x08008b81   Thumb Code    82  dji_virtualrc.o(i._ZN3DJI10onboardSDK9VirtualRC10setControlEbNS1_6CutOffE)
    DJI::onboardSDK::VirtualRC::sendData(DJI::onboardSDK::VirtualRCData) 0x08008bd9   Thumb Code    72  dji_virtualrc.o(i._ZN3DJI10onboardSDK9VirtualRC8sendDataENS0_13VirtualRCDataE)
    DJI::onboardSDK::VirtualRC::resetData()  0x08008c25   Thumb Code    40  dji_virtualrc.o(i._ZN3DJI10onboardSDK9VirtualRC9resetDataEv)
    DJI::onboardSDK::VirtualRC::VirtualRC(DJI::onboardSDK::CoreAPI*) 0x08008c4d   Thumb Code    18  dji_virtualrc.o(i._ZN3DJI10onboardSDK9VirtualRCC1EPNS0_7CoreAPIE)
    DJI::onboardSDK::VirtualRC::VirtualRC__sub_object(DJI::onboardSDK::CoreAPI*) 0x08008c4d   Thumb Code     0  dji_virtualrc.o(i._ZN3DJI10onboardSDK9VirtualRCC1EPNS0_7CoreAPIE)
    XMC_4700::freeMemory()                   0x08008c5f   Thumb Code     2  driver.o(i._ZN8XMC_470010freeMemoryEv)
    XMC_4700::lockMemory()                   0x08008c61   Thumb Code     2  driver.o(i._ZN8XMC_470010lockMemoryEv)
    XMC_4700::getTimeStamp()                 0x08008c65   Thumb Code    10  driver.o(i._ZN8XMC_470012getTimeStampEv)
    XMC_4700::send(const unsigned char*, unsigned) 0x08008c75   Thumb Code    46  driver.o(i._ZN8XMC_47004sendEPKhj)
    XMC_4700::notify()                       0x08008ca9   Thumb Code     2  driver.o(i._ZN8XMC_47006notifyEv)
    XMC_4700::freeACK()                      0x08008cab   Thumb Code     2  driver.o(i._ZN8XMC_47007freeACKEv)
    XMC_4700::freeMSG()                      0x08008cad   Thumb Code     2  driver.o(i._ZN8XMC_47007freeMSGEv)
    XMC_4700::lockACK()                      0x08008caf   Thumb Code     2  driver.o(i._ZN8XMC_47007lockACKEv)
    XMC_4700::lockMSG()                      0x08008cb1   Thumb Code     2  driver.o(i._ZN8XMC_47007lockMSGEv)
    DJI::onboardSDK::CoreAPI::getFwVersion() const 0x08008cb3   Thumb Code     8  dji_api.o(i._ZNK3DJI10onboardSDK7CoreAPI12getFwVersionEv)
    DJI::onboardSDK::CoreAPI::getHwVersion() const 0x08008cbb   Thumb Code     8  dji_api.o(i._ZNK3DJI10onboardSDK7CoreAPI12getHwVersionEv)
    DJI::onboardSDK::CoreAPI::getSimpleACK() const 0x08008cc3   Thumb Code     8  dji_api.o(i._ZNK3DJI10onboardSDK7CoreAPI12getSimpleACKEv)
    DJI::onboardSDK::CoreAPI::getFlightStatus() const 0x08008ccb   Thumb Code    32  dji_api.o(i._ZNK3DJI10onboardSDK7CoreAPI15getFlightStatusEv)
    DJI::onboardSDK::CoreAPI::getBroadcastData() const 0x08008ceb   Thumb Code    62  dji_app.o(i._ZNK3DJI10onboardSDK7CoreAPI16getBroadcastDataEv)
    DJI::onboardSDK::CoreAPI::getDriver() const 0x08008d29   Thumb Code    10  dji_api.o(i._ZNK3DJI10onboardSDK7CoreAPI9getDriverEv)
    operator new(unsigned)                   0x08008d35   Thumb Code    34  new.o(i._Znwj)
    __0printf                                0x08008d5d   Thumb Code    22  printfa.o(i.__0printf)
    __1printf                                0x08008d5d   Thumb Code     0  printfa.o(i.__0printf)
    __2printf                                0x08008d5d   Thumb Code     0  printfa.o(i.__0printf)
    __c89printf                              0x08008d5d   Thumb Code     0  printfa.o(i.__0printf)
    printf                                   0x08008d5d   Thumb Code     0  printfa.o(i.__0printf)
    __0sprintf                               0x08008d7d   Thumb Code    34  printfa.o(i.__0sprintf)
    __1sprintf                               0x08008d7d   Thumb Code     0  printfa.o(i.__0sprintf)
    __2sprintf                               0x08008d7d   Thumb Code     0  printfa.o(i.__0sprintf)
    __c89sprintf                             0x08008d7d   Thumb Code     0  printfa.o(i.__0sprintf)
    sprintf                                  0x08008d7d   Thumb Code     0  printfa.o(i.__0sprintf)
    __cxa_pure_virtual                       0x08008da5   Thumb Code     6  pure_virt.o(i.__cxa_pure_virtual)
    __scatterload_copy                       0x08008dab   Thumb Code    14  handlers.o(i.__scatterload_copy)
    __scatterload_null                       0x08008db9   Thumb Code     2  handlers.o(i.__scatterload_null)
    __scatterload_zeroinit                   0x08008dbb   Thumb Code    14  handlers.o(i.__scatterload_zeroinit)
    fifo_init                                0x08009725   Thumb Code    34  fifo.o(i.fifo_init)
    fifo_read_ch                             0x08009747   Thumb Code    44  fifo.o(i.fifo_read_ch)
    fifo_used                                0x08009773   Thumb Code    34  fifo.o(i.fifo_used)
    fifo_write_ch                            0x08009795   Thumb Code    44  fifo.o(i.fifo_write_ch)
    fputc                                    0x080097c1   Thumb Code    20  cppforxmc4700.o(i.fputc)
    main                                     0x080097d9   Thumb Code   216  main.o(i.main)
    malloc                                   0x0800991d   Thumb Code    92  malloc.o(i.malloc)
    sinTable_f32                             0x08009e1c   Data        2052  arm_common_tables.o(.constdata)
    __ctype_categories                       0x0800a620   Data          64  ctype_c.o(.constdata)
    vtable for XMC_4700                      0x0800a660   Data          96  driver.o(.constdata__ZTV8XMC_4700)
    vtable for DJI::onboardSDK::HardDriver   0x0800a6c0   Data          96  dji_harddriver.o(.constdata__ZTVN3DJI10onboardSDK10HardDriverE)
    Region$$Table$$Base                      0x0800aff0   Number         0  anon$$obj.o(Region$$Table)
    Region$$Table$$Limit                     0x0800b010   Number         0  anon$$obj.o(Region$$Table)
    SHT$$INIT_ARRAY$$Base                    0x0800b010   Number         0  main.o(.init_array)
    SHT$$INIT_ARRAY$$Limit                   0x0800b01c   Number         0  cpp_init.o(.init_array)
    driver                                   0x20000000   Data           4  main.o(.data)
    coreApi                                  0x20000004   Data           4  main.o(.data)
    flight                                   0x20000008   Data           8  main.o(.data)
    myVRCdata                                0x20000010   Data          64  main.o(.data)
    myFreq                                   0x20000091   Data          16  localnavigation.o(.data)
    c_temp                                   0x200000a1   Data           1  receive.o(.data)
    VRCdataTurnF                             0x200000a2   Data          64  virtualrc.o(.data)
    pc_uart                                  0x200000e4   Data           4  bspusart.o(.data)
    pc_uart_config                           0x200000e8   Data          12  bspusart.o(.data)
    n3_uart                                  0x200000f4   Data           4  bspusart.o(.data)
    n3_uart_config                           0x200000f8   Data          12  bspusart.o(.data)
    tick                                     0x20000104   Data           4  timer.o(.data)
    DJI::onboardSDK::encrypt                 0x20000108   Data           1  dji_api.o(.data)
    crc_tab16                                0x20000114   Data         512  dji_codec.o(.data)
    crc_tab32                                0x20000314   Data        1024  dji_codec.o(.data)
    callBack                                 0x20000714   Data           4  dji_link.o(.data)
    data                                     0x20000718   Data           4  dji_link.o(.data)
    protHeader                               0x2000071c   Data           4  dji_link.o(.data)
    DJI::onboardSDK::missionACKMAP           0x20000720   Data         480  dji_mission.o(.data)
    __stdout                                 0x20000900   Data           4  stdout.o(.data)
    __microlib_freelist                      0x20000910   Data           4  mvars.o(.data)
    __microlib_freelist_initialised          0x20000914   Data           4  mvars.o(.data)
    defaultAPI                               0x20000918   Data        5400  main.o(.bss)
    flightData                               0x20001e30   Data          17  main.o(.bss)
    virtualrc                                0x20001e44   Data          68  main.o(.bss)
    hotpoint                                 0x20001e88   Data          56  hotpoint.o(.bss)
    myGPSData                                0x20001ec0   Data          24  hotpoint.o(.bss)
    myHotPointData                           0x20001ed8   Data          51  hotpoint.o(.bss)
    droneState                               0x20001f0c   Data          64  localnavigation.o(.bss)
    uart_rx_fifo                             0x20001f50   Data          12  receive.o(.bss)
    uart_tx_fifo                             0x20001f5c   Data          12  receive.o(.bss)
    uart_rx_buf                              0x20001f68   Data         512  receive.o(.bss)
    uart_tx_buf                              0x20002168   Data         512  receive.o(.bss)
    msg                                      0x20002368   Data         272  receive.o(.bss)
    status                                   0x20002478   Data          12  receive.o(.bss)
    heartbeat                                0x20002484   Data          12  receive.o(.bss)
    att_pos_mocap                            0x20002490   Data          40  receive.o(.bss)
    set_attitude_target                      0x200024b8   Data          40  receive.o(.bss)
    myTerminal                               0x200024e0   Data          44  receive.o(.bss)
    pc_rx_pin_config                         0x20002980   Data          12  bspusart.o(.bss)
    pc_tx_pin_config                         0x2000298c   Data          12  bspusart.o(.bss)
    n3_rx_pin_config                         0x20002998   Data          12  bspusart.o(.bss)
    n3_tx_pin_config                         0x200029a4   Data          12  bspusart.o(.bss)
    DJI::onboardSDK::buffer                  0x200029b0   Data        1024  dji_harddriver.o(.bss)
    __heap_base                              0x20002db0   Data           0  startup_xmc4700.o(HEAP)
    __heap_limit                             0x20004db0   Data           0  startup_xmc4700.o(HEAP)
    __initial_sp                             0x200065b0   Data           0  startup_xmc4700.o(STACK)
    SystemCoreClock                          0x2003ffc0   Data           4  system_xmc4700.o(.ARM.__AT_0x2003FFC0)
    g_chipid                                 0x2003ffc4   Data          16  system_xmc4700.o(.ARM.__AT_0x2003FFC4)



==============================================================================

Memory Map of the image

  Image Entry point : 0x08000201

  Load Region LR_IROM1 (Base: 0x08000000, Size: 0x0000b934, Max: 0x00200000, ABSOLUTE, COMPRESSED[0x0000b7e4])

    Execution Region ER_IROM1 (Base: 0x08000000, Size: 0x0000b01c, Max: 0x00200000, ABSOLUTE)

    Base Addr    Size         Type   Attr      Idx    E Section Name        Object

    0x08000000   0x00000200   Data   RO         5420    RESET               startup_xmc4700.o
    0x08000200   0x00000000   Code   RO         5821  * .ARM.Collect$$$$00000000  mc_w.l(entry.o)
    0x08000200   0x00000004   Code   RO         6217    .ARM.Collect$$$$00000001  mc_w.l(entry2.o)
    0x08000204   0x00000004   Code   RO         6220    .ARM.Collect$$$$00000004  mc_w.l(entry5.o)
    0x08000208   0x00000000   Code   RO         6222    .ARM.Collect$$$$00000008  mc_w.l(entry7b.o)
    0x08000208   0x00000004   Code   RO         6223    .ARM.Collect$$$$00000009  mc_w.l(entry8a.o)
    0x0800020c   0x00000000   Code   RO         6224    .ARM.Collect$$$$0000000A  mc_w.l(entry8b.o)
    0x0800020c   0x00000008   Code   RO         6225    .ARM.Collect$$$$0000000B  mc_w.l(entry9a.o)
    0x08000214   0x00000000   Code   RO         6227    .ARM.Collect$$$$0000000D  mc_w.l(entry10a.o)
    0x08000214   0x00000000   Code   RO         6229    .ARM.Collect$$$$0000000F  mc_w.l(entry11a.o)
    0x08000214   0x00000004   Code   RO         6218    .ARM.Collect$$$$00002712  mc_w.l(entry2.o)
    0x08000218   0x0000001c   Code   RO         5421    .text               startup_xmc4700.o
    0x08000234   0x00000078   Code   RO         5492    .text               arm_cortexM4lf_math.lib(arm_cos_f32.o)
    0x080002ac   0x00000084   Code   RO         5548    .text               arm_cortexM4lf_math.lib(arm_sin_f32.o)
    0x08000330   0x00000040   Code   RO         5826    .text               mc_w.l(memmovea.o)
    0x08000370   0x00000024   Code   RO         5828    .text               mc_w.l(memseta.o)
    0x08000394   0x0000001c   Code   RO         5830    .text               mc_w.l(strcmp.o)
    0x080003b0   0x00000038   Code   RO         6097    .text               mc_w.l(__0sscanf.o)
    0x080003e8   0x0000014c   Code   RO         6099    .text               mc_w.l(_scanf_int.o)
    0x08000534   0x00000020   Code   RO         6104    .text               mc_w.l(cpp_init.o)
    0x08000554   0x0000014e   Code   RO         6106    .text               mf_w.l(dadd.o)
    0x080006a2   0x000000e4   Code   RO         6108    .text               mf_w.l(dmul.o)
    0x08000786   0x0000001a   Code   RO         6110    .text               mf_w.l(dfltui.o)
    0x080007a0   0x00000026   Code   RO         6112    .text               mf_w.l(f2d.o)
    0x080007c6   0x00000002   PAD
    0x080007c8   0x00000030   Code   RO         6116    .text               mf_w.l(cdrcmple.o)
    0x080007f8   0x00000038   Code   RO         6118    .text               mf_w.l(d2f.o)
    0x08000830   0x00000004   Code   RO         6123    .text               cpprt_w.l(arm_newhandler_noexceptions.o)
    0x08000834   0x0000002c   Code   RO         6232    .text               mc_w.l(uidiv.o)
    0x08000860   0x00000062   Code   RO         6234    .text               mc_w.l(uldiv.o)
    0x080008c2   0x0000001e   Code   RO         6236    .text               mc_w.l(llshl.o)
    0x080008e0   0x00000024   Code   RO         6238    .text               mc_w.l(llsshr.o)
    0x08000904   0x0000001c   Code   RO         6275    .text               mc_w.l(_chval.o)
    0x08000920   0x00000028   Code   RO         6277    .text               mc_w.l(scanf_char.o)
    0x08000948   0x00000040   Code   RO         6279    .text               mc_w.l(_sgetc.o)
    0x08000988   0x00000000   Code   RO         6281    .text               mc_w.l(iusefp.o)
    0x08000988   0x00000014   Code   RO         6282    .text               mc_w.l(cpp_memory.o)
    0x0800099c   0x00000002   Code   RO         6285    .text               mc_w.l(cpp_signal.o)
    0x0800099e   0x0000006e   Code   RO         6287    .text               mf_w.l(fepilogue.o)
    0x08000a0c   0x000000ba   Code   RO         6289    .text               mf_w.l(depilogue.o)
    0x08000ac6   0x000000de   Code   RO         6291    .text               mf_w.l(ddiv.o)
    0x08000ba4   0x00000030   Code   RO         6295    .text               mf_w.l(dfixul.o)
    0x08000bd4   0x0000001a   Code   RO         6317    .text               cpprt_w.l(arm_exceptions_terminate.o)
    0x08000bee   0x00000002   PAD
    0x08000bf0   0x00000050   Code   RO         6320    .text               cpprt_w.l(arm_exceptions_globs.o)
    0x08000c40   0x00000024   Code   RO         6326    .text               mc_w.l(init.o)
    0x08000c64   0x00000020   Code   RO         6328    .text               mc_w.l(llushr.o)
    0x08000c84   0x0000000a   Code   RO         6330    .text               mc_w.l(isspace_c.o)
    0x08000c8e   0x00000002   PAD
    0x08000c90   0x0000032c   Code   RO         6334    .text               mc_w.l(_scanf.o)
    0x08000fbc   0x0000003c   Code   RO         6345    .text               cpprt_w.l(arm_exceptions_mem.o)
    0x08000ff8   0x00000028   Code   RO         6355    .text               mc_w.l(ctype_c.o)
    0x08001020   0x00000056   Code   RO         6370    .text               mc_w.l(__dczerorl2.o)
    0x08001076   0x00000002   PAD
    0x08001078   0x00000030   Code   RO         2033    i.CCU40_0_IRQHandler  timer.o
    0x080010a8   0x0000003c   Code   RO         2034    i.CCU40_1_IRQHandler  timer.o
    0x080010e4   0x00000008   Code   RO         5428    i.OSCHP_GetFrequency  system_xmc4700.o
    0x080010ec   0x0000002c   Code   RO         2035    i.SysTick_Handler   timer.o
    0x08001118   0x00000218   Code   RO         5429    i.SystemCoreClockSetup  system_xmc4700.o
    0x08001330   0x000000a4   Code   RO         5430    i.SystemCoreClockUpdate  system_xmc4700.o
    0x080013d4   0x00000058   Code   RO         5431    i.SystemCoreSetup   system_xmc4700.o
    0x0800142c   0x0000001c   Code   RO         5432    i.SystemInit        system_xmc4700.o
    0x08001448   0x00000070   Code   RO         1666    i.USIC0_5_IRQHandler  receive.o
    0x080014b8   0x00000020   Code   RO         1898    i.USIC1_5_IRQHandler  bspusart.o
    0x080014d8   0x0000009c   Code   RO         4939    i.XMC_CCU4_EnableModule  xmc_ccu4.o
    0x08001574   0x00000026   Code   RO         4940    i.XMC_CCU4_Init     xmc_ccu4.o
    0x0800159a   0x00000030   Code   RO         4944    i.XMC_CCU4_SLICE_CompareInit  xmc_ccu4.o
    0x080015ca   0x00000056   Code   RO         4957    i.XMC_CCU4_SLICE_SetInterruptNode  xmc_ccu4.o
    0x08001620   0x00000010   Code   RO         4966    i.XMC_CCU4_SetModuleClock  xmc_ccu4.o
    0x08001630   0x000000b0   Code   RO         4163    i.XMC_GPIO_Init     xmc4_gpio.o
    0x080016e0   0x0000000c   Code   RO         4224    i.XMC_SCU_CLOCK_EnableClock  xmc4_scu.o
    0x080016ec   0x0000001c   Code   RO         4237    i.XMC_SCU_CLOCK_GetPeripheralClockFrequency  xmc4_scu.o
    0x08001708   0x00000018   Code   RO         4270    i.XMC_SCU_CLOCK_UngatePeripheralClock  xmc4_scu.o
    0x08001720   0x00000018   Code   RO         4319    i.XMC_SCU_RESET_DeassertPeripheralReset  xmc4_scu.o
    0x08001738   0x0000001a   Code   RO         5255    i.XMC_UART_CH_GetReceivedData  xmc_uart.o
    0x08001752   0x00000074   Code   RO         5256    i.XMC_UART_CH_Init  xmc_uart.o
    0x080017c6   0x0000002c   Code   RO         5259    i.XMC_UART_CH_Transmit  xmc_uart.o
    0x080017f2   0x00000002   PAD
    0x080017f4   0x00000078   Code   RO         5324    i.XMC_USIC_CH_Enable  xmc_usic.o
    0x0800186c   0x00000098   Code   RO         5328    i.XMC_USIC_CH_SetBaudrate  xmc_usic.o
    0x08001904   0x00000014   Code   RO         5329    i.XMC_USIC_CH_SetInterruptNodePointer  xmc_usic.o
    0x08001918   0x00000054   Code   RO         5334    i.XMC_USIC_Enable   xmc_usic.o
    0x0800196c   0x00000010   Code   RO         1899    i._Z10UartConfigv   bspusart.o
    0x0800197c   0x0000008c   Code   RO         2688    i._Z10encodeDataPN3DJI10onboardSDK9SDKFilterEPNS0_6HeaderEPFvP16tagAES256ContextPhE  dji_codec.o
    0x08001a08   0x0000001c   Code   RO         3690    i._Z10freeMemoryPN3DJI10onboardSDK7MMU_TabE  dji_memory.o
    0x08001a24   0x0000000c   Code   RO         2485    i._Z10getCmdCodePN3DJI10onboardSDK6HeaderE  dji_app.o
    0x08001a30   0x0000001e   Code   RO         2689    i._Z11aes256_doneP16tagAES256Context  dji_codec.o
    0x08001a4e   0x0000003a   Code   RO         2690    i._Z11aes256_initP16tagAES256ContextPh  dji_codec.o
    0x08001a88   0x000000d4   Code   RO          926    i._Z11tryHotpointdff  hotpoint.o
    0x08001b5c   0x00000074   Code   RO         2036    i._Z12Timer1Configv  timer.o
    0x08001bd0   0x00000074   Code   RO         2037    i._Z12Timer2Configv  timer.o
    0x08001c44   0x0000003c   Code   RO         1793    i._Z12VRCResetDatav  virtualrc.o
    0x08001c80   0x0000001c   Code   RO         2691    i._Z12aes_subBytesPh  dji_codec.o
    0x08001c9c   0x0000006e   Code   RO         2692    i._Z12calculateCRCPv  dji_codec.o
    0x08001d0a   0x00000002   PAD
    0x08001d0c   0x0000001c   Code   RO         2693    i._Z12crc16_updateth  dji_codec.o
    0x08001d28   0x0000001c   Code   RO         2694    i._Z12crc32_updatejh  dji_codec.o
    0x08001d44   0x00000014   Code   RO          927    i._Z12stopHotpointv  hotpoint.o
    0x08001d58   0x00000048   Code   RO         2038    i._Z13SystickConfigv  timer.o
    0x08001da0   0x00000034   Code   RO          869    i._Z13User_Activatev  activate.o
    0x08001dd4   0x00000032   Code   RO         2695    i._Z13aes_shiftRowsPh  dji_codec.o
    0x08001e06   0x00000002   PAD
    0x08001e08   0x0000005c   Code   RO         1900    i._Z14N3_UART_Configv  bspusart.o
    0x08001e64   0x00000016   Code   RO         1901    i._Z14NVIC_EnableIRQ9IRQn_Type  bspusart.o
    0x08001e7a   0x00000016   Code   RO         2039    i._Z14NVIC_EnableIRQ9IRQn_Type  timer.o
    0x08001e90   0x0000005c   Code   RO         1902    i._Z14PC_UART_Configv  bspusart.o
    0x08001eec   0x0000007c   Code   RO         2696    i._Z14aes_mixColumnsPh  dji_codec.o
    0x08001f68   0x000000f4   Code   RO          994    i._Z14myRecvCallbackPN3DJI10onboardSDK7CoreAPIEPNS0_6HeaderEPv  localnavigation.o
    0x0800205c   0x00000014   Code   RO         1667    i._Z14serial_read_chv  receive.o
    0x08002070   0x00000024   Code   RO         1794    i._Z15VRC_TakeControlv  virtualrc.o
    0x08002094   0x0000001c   Code   RO         2697    i._Z15aes_addRoundKeyPhS_  dji_codec.o
    0x080020b0   0x0000002e   Code   RO         3543    i._Z15calculateLengthtt  dji_link.o
    0x080020de   0x00000002   PAD
    0x080020e0   0x000000c0   Code   RO          995    i._Z15gps_convert_nedN3DJI10onboardSDK12PositionDataES1_  localnavigation.o
    0x080021a0   0x0000002c   Code   RO         1668    i._Z16InitSoftwareFIFOv  receive.o
    0x080021cc   0x00000028   Code   RO         1903    i._Z16NVIC_SetPriority9IRQn_Typej  bspusart.o
    0x080021f4   0x00000028   Code   RO         2040    i._Z16NVIC_SetPriority9IRQn_Typej  timer.o
    0x0800221c   0x00000088   Code   RO         1904    i._Z16UARTxNVIC_Configv  bspusart.o
    0x080022a4   0x000000fc   Code   RO         2698    i._Z16aes_expandDecKeyPhS_  dji_codec.o
    0x080023a0   0x000000f8   Code   RO         2699    i._Z16aes_expandEncKeyPhS_  dji_codec.o
    0x08002498   0x0000001c   Code   RO         2700    i._Z16aes_subBytes_invPh  dji_codec.o
    0x080024b4   0x00000010   Code   RO         1669    i._Z16serial_availablev  receive.o
    0x080024c4   0x00000040   Code   RO         2701    i._Z16transformTwoBytePKcPh  dji_codec.o
    0x08002504   0x0000000c   Code   RO         1905    i._Z17XMC_UART_CH_StartP11XMC_USIC_CH  bspusart.o
    0x08002510   0x00000032   Code   RO         2702    i._Z17aes_shiftRows_invPh  dji_codec.o
    0x08002542   0x0000006c   Code   RO         2703    i._Z18aes256_decrypt_ecbP16tagAES256ContextPh  dji_codec.o
    0x080025ae   0x00000074   Code   RO         2704    i._Z18aes256_encrypt_ecbP16tagAES256ContextPh  dji_codec.o
    0x08002622   0x000000b6   Code   RO         2705    i._Z18aes_mixColumns_invPh  dji_codec.o
    0x080026d8   0x00000078   Code   RO         1670    i._Z18mavlink_parse_charhhP17__mavlink_messageP16__mavlink_status  receive.o
    0x08002750   0x00000026   Code   RO         2706    i._Z19aes_addRoundKey_cpyPhS_S_  dji_codec.o
    0x08002776   0x00000002   PAD
    0x08002778   0x00000058   Code   RO          996    i._Z19gps_convert_ned_radRfS_ffff  localnavigation.o
    0x080027d0   0x0000001c   Code   RO          997    i._Z19stopLocalNavExamplev  localnavigation.o
    0x080027ec   0x0000000c   Code   RO         2041    i._Z20XMC_CCU4_EnableClockP19CCU4_GLOBAL_TypeDefh  timer.o
    0x080027f8   0x00000258   Code   RO         1563    i._Z20mobileCommandHandlerPN3DJI10onboardSDK7CoreAPIEPNS0_6FlightE  mobilecommand.o
    0x08002a50   0x00000078   Code   RO          998    i._Z20startLocalNavExamplev  localnavigation.o
    0x08002ac8   0x00000130   Code   RO          999    i._Z20updateCurveFollowingv  localnavigation.o
    0x08002bf8   0x00000022   Code   RO         2707    i._Z21sdk_stream_crc16_calcPKhj  dji_codec.o
    0x08002c1a   0x00000022   Code   RO         2708    i._Z21sdk_stream_crc32_calcPKhj  dji_codec.o
    0x08002c3c   0x0000000c   Code   RO         1671    i._Z22mavlink_start_checksumP17__mavlink_message  receive.o
    0x08002c48   0x0000000a   Code   RO         2042    i._Z23XMC_CCU4_StartPrescalerP19CCU4_GLOBAL_TypeDef  timer.o
    0x08002c52   0x00000008   Code   RO         1906    i._Z23XMC_USIC_CH_EnableEventP11XMC_USIC_CHj  bspusart.o
    0x08002c5a   0x00000024   Code   RO         1672    i._Z23mavlink_update_checksumP17__mavlink_messageh  receive.o
    0x08002c7e   0x00000002   PAD
    0x08002c80   0x000001a0   Code   RO         1673    i._Z25mavlink_frame_char_bufferP17__mavlink_messageP16__mavlink_statushS0_S2_  receive.o
    0x08002e20   0x00000022   Code   RO         2709    i._Z25sdk_stream_prepare_lambdaPN3DJI10onboardSDK9SDKFilterE  dji_codec.o
    0x08002e42   0x00000010   Code   RO         2043    i._Z26XMC_CCU4_SLICE_EnableEventP16CCU4_CC4_TypeDef21XMC_CCU4_SLICE_IRQ_ID  timer.o
    0x08002e52   0x0000002e   Code   RO         1907    i._Z26XMC_UART_CH_SetInputSourceP11XMC_USIC_CH17XMC_UART_CH_INPUTh  bspusart.o
    0x08002e80   0x00000014   Code   RO         1674    i._Z26mavlink_get_channel_bufferh  receive.o
    0x08002e94   0x00000014   Code   RO         1675    i._Z26mavlink_get_channel_statush  receive.o
    0x08002ea8   0x0000001e   Code   RO         2710    i._Z28sdk_stream_shift_data_lambdaPN3DJI10onboardSDK9SDKFilterE  dji_codec.o
    0x08002ec6   0x00000004   Code   RO         2044    i._Z29XMC_CCU4_EnableShadowTransferP19CCU4_GLOBAL_TypeDefj  timer.o
    0x08002eca   0x00000004   Code   RO         2045    i._Z34XMC_CCU4_SLICE_SetTimerPeriodMatchP16CCU4_CC4_TypeDeft  timer.o
    0x08002ece   0x00000004   Code   RO         2046    i._Z35XMC_CCU4_SLICE_SetTimerCompareMatchP16CCU4_CC4_TypeDeft  timer.o
    0x08002ed2   0x0000003c   Code   RO         2711    i._Z35sdk_stream_update_reuse_part_lambdaPN3DJI10onboardSDK9SDKFilterE  dji_codec.o
    0x08002f0e   0x00000014   Code   RO         1861    i._Z7BSPinitv       bsp.o
    0x08002f22   0x0000003a   Code   RO         2561    i._Z8passDatatRtPvPhjRj  dji_app.o
    0x08002f5c   0x00000016   Code   RO         2712    i._Z8rj_xtimeh      dji_codec.o
    0x08002f72   0x0000001e   Code   RO         2047    i._Z9delay_nmst     timer.o
    0x08002f90   0x0000000a   Code   RO         2486    i._Z9getCmdSetPN3DJI10onboardSDK6HeaderE  dji_app.o
    0x08002f9a   0x00000002   PAD
    0x08002f9c   0x00000060   Code   RO         1676    i._Z9hex2Floathh    receive.o
    0x08002ffc   0x00000484   Code   RO         1677    i._ZN15TerminalCommand22terminalCommandHandlerEPN3DJI10onboardSDK7CoreAPIEPNS1_6FlightE  receive.o
    0x08003480   0x00000024   Code   RO         3306    i._ZN3DJI10onboardSDK10HardDriver10displayLogEPKc  dji_harddriver.o
    0x080034a4   0x00000002   Code   RO          777    i._ZN3DJI10onboardSDK10HardDriver17freeNonBlockCBAckEv  driver.o
    0x080034a6   0x00000002   Code   RO          771    i._ZN3DJI10onboardSDK10HardDriver17lockNonBlockCBAckEv  driver.o
    0x080034a8   0x00000002   Code   RO          765    i._ZN3DJI10onboardSDK10HardDriver18freeProtocolHeaderEv  driver.o
    0x080034aa   0x00000002   Code   RO          759    i._ZN3DJI10onboardSDK10HardDriver18lockProtocolHeaderEv  driver.o
    0x080034ac   0x00000002   Code   RO          783    i._ZN3DJI10onboardSDK10HardDriver23notifyNonBlockCBAckRecvEv  driver.o
    0x080034ae   0x00000002   PAD
    0x080034b0   0x0000016c   Code   RO         3755    i._ZN3DJI10onboardSDK15missionCallbackEPNS0_7CoreAPIEPNS0_6HeaderEPv  dji_mission.o
    0x0800361c   0x000002f0   Code   RO         3005    i._ZN3DJI10onboardSDK6Flight11armCallbackEPNS0_7CoreAPIEPNS0_6HeaderEPv  dji_flight.o
    0x0800390c   0x00000174   Code   RO         3006    i._ZN3DJI10onboardSDK6Flight12taskCallbackEPNS0_7CoreAPIEPNS0_6HeaderEPv  dji_flight.o
    0x08003a80   0x000002f0   Code   RO         3010    i._ZN3DJI10onboardSDK6Flight18setMovementControlEhffff  dji_flight.o
    0x08003d70   0x00000058   Code   RO         3011    i._ZN3DJI10onboardSDK6Flight4taskENS1_4TASKEPFvPNS0_7CoreAPIEPNS0_6HeaderEPvES7_  dji_flight.o
    0x08003dc8   0x00000054   Code   RO         3014    i._ZN3DJI10onboardSDK6Flight6setArmEbPFvPNS0_7CoreAPIEPNS0_6HeaderEPvES6_  dji_flight.o
    0x08003e1c   0x00000040   Code   RO         3017    i._ZN3DJI10onboardSDK6Flight9setFlightEPNS0_10FlightDataE  dji_flight.o
    0x08003e5c   0x00000004   Code   RO         3018    i._ZN3DJI10onboardSDK6FlightC1EPNS0_7CoreAPIE  dji_flight.o
    0x08003e60   0x00000318   Code   RO         3544    i._ZN3DJI10onboardSDK7CoreAPI10appHandlerEPNS0_6HeaderE  dji_link.o
    0x08004178   0x00000054   Code   RO         2193    i._ZN3DJI10onboardSDK7CoreAPI10setControlEbPFvPS1_PNS0_6HeaderEPvES5_  dji_api.o
    0x080041cc   0x00000028   Code   RO         2713    i._ZN3DJI10onboardSDK7CoreAPI10verifyDataEPNS0_9SDKFilterE  dji_codec.o
    0x080041f4   0x00000054   Code   RO         2714    i._ZN3DJI10onboardSDK7CoreAPI10verifyHeadEPNS0_9SDKFilterE  dji_codec.o
    0x08004248   0x0000036c   Code   RO         3691    i._ZN3DJI10onboardSDK7CoreAPI11allocMemoryEt  dji_memory.o
    0x080045b4   0x00000028   Code   RO         3545    i._ZN3DJI10onboardSDK7CoreAPI11allocateACKEPNS0_6HeaderE  dji_link.o
    0x080045dc   0x00000058   Code   RO         2715    i._ZN3DJI10onboardSDK7CoreAPI11byteHandlerEh  dji_codec.o
    0x08004634   0x00000038   Code   RO         2716    i._ZN3DJI10onboardSDK7CoreAPI11checkStreamEPNS0_9SDKFilterE  dji_codec.o
    0x0800466c   0x0000001e   Code   RO         3692    i._ZN3DJI10onboardSDK7CoreAPI11freeSessionEPNS0_10CMDSessionE  dji_memory.o
    0x0800468a   0x00000002   PAD
    0x0800468c   0x0000054c   Code   RO         2487    i._ZN3DJI10onboardSDK7CoreAPI11recvReqDataEPNS0_6HeaderE  dji_app.o
    0x08004bd8   0x000001dc   Code   RO         3547    i._ZN3DJI10onboardSDK7CoreAPI12ackInterfaceEPNS0_3AckE  dji_link.o
    0x08004db4   0x00000154   Code   RO         3693    i._ZN3DJI10onboardSDK7CoreAPI12allocSessionEtt  dji_memory.o
    0x08004f08   0x0000003a   Code   RO         3549    i._ZN3DJI10onboardSDK7CoreAPI12notifyCallerEPNS0_6HeaderE  dji_link.o
    0x08004f42   0x00000002   PAD
    0x08004f44   0x000000e8   Code   RO         2195    i._ZN3DJI10onboardSDK7CoreAPI12sendToMobileEPhhPFvPS1_PNS0_6HeaderEPvES6_  dji_api.o
    0x0800502c   0x00000094   Code   RO         3694    i._ZN3DJI10onboardSDK7CoreAPI12setupSessionEv  dji_memory.o
    0x080050c0   0x000009a4   Code   RO         3550    i._ZN3DJI10onboardSDK7CoreAPI13sendInterfaceEPNS0_7CommandE  dji_link.o
    0x08005a64   0x0000001c   Code   RO         2717    i._ZN3DJI10onboardSDK7CoreAPI13streamHandlerEPNS0_9SDKFilterEh  dji_codec.o
    0x08005a80   0x00000308   Code   RO         2718    i._ZN3DJI10onboardSDK7CoreAPI15decodeACKStatusEt  dji_codec.o
    0x08005d88   0x00000058   Code   RO         2198    i._ZN3DJI10onboardSDK7CoreAPI15getDroneVersionEPFvPS1_PNS0_6HeaderEPvES5_  dji_api.o
    0x08005de0   0x00000518   Code   RO         2202    i._ZN3DJI10onboardSDK7CoreAPI16activateCallbackEPS1_PNS0_6HeaderEPv  dji_api.o
    0x080062f8   0x00000090   Code   RO         2203    i._ZN3DJI10onboardSDK7CoreAPI16setBroadcastFreqEPhPFvPS1_PNS0_6HeaderEPvES6_  dji_api.o
    0x08006388   0x00000006   Code   RO         3553    i._ZN3DJI10onboardSDK7CoreAPI17setACKFrameStatusEj  dji_link.o
    0x0800638e   0x00000002   PAD
    0x08006390   0x00000550   Code   RO         2205    i._ZN3DJI10onboardSDK7CoreAPI18setControlCallbackEPS1_PNS0_6HeaderEPv  dji_api.o
    0x080068e0   0x000000c4   Code   RO         3757    i._ZN3DJI10onboardSDK7CoreAPI19decodeMissionStatusEh  dji_mission.o
    0x080069a4   0x0000016c   Code   RO         2206    i._ZN3DJI10onboardSDK7CoreAPI20sendToMobileCallbackEPS1_PNS0_6HeaderEPv  dji_api.o
    0x08006b10   0x0000000c   Code   RO         2488    i._ZN3DJI10onboardSDK7CoreAPI20setBroadcastCallbackEPFvPS1_PNS0_6HeaderEPvES5_  dji_app.o
    0x08006b1c   0x000001d4   Code   RO         2207    i._ZN3DJI10onboardSDK7CoreAPI20setFrequencyCallbackEPS1_PNS0_6HeaderEPv  dji_api.o
    0x08006cf0   0x00000af0   Code   RO         2208    i._ZN3DJI10onboardSDK7CoreAPI21parseDroneVersionInfoEPh  dji_api.o
    0x080077e0   0x00000006   Code   RO         2720    i._ZN3DJI10onboardSDK7CoreAPI22setBroadcastActivationEj  dji_codec.o
    0x080077e6   0x0000002a   Code   RO         2211    i._ZN3DJI10onboardSDK7CoreAPI23getDroneVersionCallbackEPS1_PNS0_6HeaderEPv  dji_api.o
    0x08007810   0x00000060   Code   RO         3554    i._ZN3DJI10onboardSDK7CoreAPI23notifyNonBlockingCallerEPNS0_6HeaderE  dji_link.o
    0x08007870   0x00000266   Code   RO         2212    i._ZN3DJI10onboardSDK7CoreAPI23parseFromMobileCallbackEPS1_PNS0_6HeaderEPv  dji_api.o
    0x08007ad6   0x00000006   Code   RO         2491    i._ZN3DJI10onboardSDK7CoreAPI23setBroadcastFrameStatusEb  dji_app.o
    0x08007adc   0x000000f8   Code   RO         2216    i._ZN3DJI10onboardSDK7CoreAPI4initEPNS0_10HardDriverENS0_15CallBackHandlerEb  dji_api.o
    0x08007bd4   0x00000080   Code   RO         2218    i._ZN3DJI10onboardSDK7CoreAPI4sendEhbNS0_7CMD_SETEhPvjiiPFvPS1_PNS0_6HeaderES3_ES3_  dji_api.o
    0x08007c54   0x00000012   Code   RO         3555    i._ZN3DJI10onboardSDK7CoreAPI5setupEv  dji_link.o
    0x08007c66   0x00000018   Code   RO         3556    i._ZN3DJI10onboardSDK7CoreAPI6setKeyEPKc  dji_link.o
    0x08007c7e   0x00000002   PAD
    0x08007c80   0x00000028   Code   RO         2721    i._ZN3DJI10onboardSDK7CoreAPI7callAppEPNS0_9SDKFilterE  dji_codec.o
    0x08007ca8   0x0000018c   Code   RO         2722    i._ZN3DJI10onboardSDK7CoreAPI7encryptEPhPKhthhht  dji_codec.o
    0x08007e34   0x0000000e   Code   RO         3695    i._ZN3DJI10onboardSDK7CoreAPI7freeACKEPNS0_10ACKSessionE  dji_memory.o
    0x08007e42   0x00000002   PAD
    0x08007e44   0x00000124   Code   RO         2220    i._ZN3DJI10onboardSDK7CoreAPI8activateEPNS0_12ActivateDataEPFvPS1_PNS0_6HeaderEPvES7_  dji_api.o
    0x08007f68   0x00000174   Code   RO         3696    i._ZN3DJI10onboardSDK7CoreAPI8allocACKEtt  dji_memory.o
    0x080080dc   0x00000128   Code   RO         3558    i._ZN3DJI10onboardSDK7CoreAPI8sendDataEPh  dji_link.o
    0x08008204   0x0000012e   Code   RO         3559    i._ZN3DJI10onboardSDK7CoreAPI8sendPollEv  dji_link.o
    0x08008332   0x0000009a   Code   RO         3697    i._ZN3DJI10onboardSDK7CoreAPI8setupMMUEv  dji_memory.o
    0x080083cc   0x000002f0   Code   RO         2492    i._ZN3DJI10onboardSDK7CoreAPI9broadcastEPNS0_6HeaderE  dji_app.o
    0x080086bc   0x000000bc   Code   RO         2723    i._ZN3DJI10onboardSDK7CoreAPI9storeDataEPNS0_9SDKFilterEh  dji_codec.o
    0x08008778   0x0000002a   Code   RO         2224    i._ZN3DJI10onboardSDK7CoreAPIC1EPNS0_10HardDriverEbPFvPS1_PNS0_6HeaderEPvES7_  dji_api.o
    0x080087a2   0x0000000a   Code   RO         3351    i._ZN3DJI10onboardSDK8HotPoint10setYawRateEf  dji_hotpoint.o
    0x080087ac   0x0000002e   Code   RO         3352    i._ZN3DJI10onboardSDK8HotPoint11setHotPointENS0_15GPSPositionDataE  dji_hotpoint.o
    0x080087da   0x00000002   PAD
    0x080087dc   0x00000214   Code   RO         3359    i._ZN3DJI10onboardSDK8HotPoint13startCallbackEPNS0_7CoreAPIEPNS0_6HeaderEPv  dji_hotpoint.o
    0x080089f0   0x00000054   Code   RO         3363    i._ZN3DJI10onboardSDK8HotPoint4stopEPFvPNS0_7CoreAPIEPNS0_6HeaderEPvES6_  dji_hotpoint.o
    0x08008a44   0x00000050   Code   RO         3367    i._ZN3DJI10onboardSDK8HotPoint5startEPFvPNS0_7CoreAPIEPNS0_6HeaderEPvES6_  dji_hotpoint.o
    0x08008a94   0x000000c8   Code   RO         3370    i._ZN3DJI10onboardSDK8HotPoint8initDataEv  dji_hotpoint.o
    0x08008b5c   0x00000012   Code   RO         3375    i._ZN3DJI10onboardSDK8HotPoint9setRadiusEd  dji_hotpoint.o
    0x08008b6e   0x00000012   Code   RO         3376    i._ZN3DJI10onboardSDK8HotPointC1EPNS0_7CoreAPIE  dji_hotpoint.o
    0x08008b80   0x00000058   Code   RO         3815    i._ZN3DJI10onboardSDK9VirtualRC10setControlEbNS1_6CutOffE  dji_virtualrc.o
    0x08008bd8   0x0000004c   Code   RO         3822    i._ZN3DJI10onboardSDK9VirtualRC8sendDataENS0_13VirtualRCDataE  dji_virtualrc.o
    0x08008c24   0x00000028   Code   RO         3825    i._ZN3DJI10onboardSDK9VirtualRC9resetDataEv  dji_virtualrc.o
    0x08008c4c   0x00000012   Code   RO         3826    i._ZN3DJI10onboardSDK9VirtualRCC1EPNS0_7CoreAPIE  dji_virtualrc.o
    0x08008c5e   0x00000002   Code   RO          714    i._ZN8XMC_470010freeMemoryEv  driver.o
    0x08008c60   0x00000002   Code   RO          708    i._ZN8XMC_470010lockMemoryEv  driver.o
    0x08008c62   0x00000002   PAD
    0x08008c64   0x00000010   Code   RO          661    i._ZN8XMC_470012getTimeStampEv  driver.o
    0x08008c74   0x00000034   Code   RO          662    i._ZN8XMC_47004sendEPKhj  driver.o
    0x08008ca8   0x00000002   Code   RO          744    i._ZN8XMC_47006notifyEv  driver.o
    0x08008caa   0x00000002   Code   RO          738    i._ZN8XMC_47007freeACKEv  driver.o
    0x08008cac   0x00000002   Code   RO          726    i._ZN8XMC_47007freeMSGEv  driver.o
    0x08008cae   0x00000002   Code   RO          732    i._ZN8XMC_47007lockACKEv  driver.o
    0x08008cb0   0x00000002   Code   RO          720    i._ZN8XMC_47007lockMSGEv  driver.o
    0x08008cb2   0x00000008   Code   RO         2225    i._ZNK3DJI10onboardSDK7CoreAPI12getFwVersionEv  dji_api.o
    0x08008cba   0x00000008   Code   RO         2226    i._ZNK3DJI10onboardSDK7CoreAPI12getHwVersionEv  dji_api.o
    0x08008cc2   0x00000008   Code   RO         2227    i._ZNK3DJI10onboardSDK7CoreAPI12getSimpleACKEv  dji_api.o
    0x08008cca   0x00000020   Code   RO         2231    i._ZNK3DJI10onboardSDK7CoreAPI15getFlightStatusEv  dji_api.o
    0x08008cea   0x0000003e   Code   RO         2494    i._ZNK3DJI10onboardSDK7CoreAPI16getBroadcastDataEv  dji_app.o
    0x08008d28   0x0000000a   Code   RO         2235    i._ZNK3DJI10onboardSDK7CoreAPI9getDriverEv  dji_api.o
    0x08008d32   0x00000002   PAD
    0x08008d34   0x00000028   Code   RO         5658    i._Znwj             cpprt_w.l(new.o)
    0x08008d5c   0x00000020   Code   RO         6069    i.__0printf         mc_w.l(printfa.o)
    0x08008d7c   0x00000028   Code   RO         6071    i.__0sprintf        mc_w.l(printfa.o)
    0x08008da4   0x00000006   Code   RO         5662    i.__cxa_pure_virtual  cpprt_w.l(pure_virt.o)
    0x08008daa   0x0000000e   Code   RO         6364    i.__scatterload_copy  mc_w.l(handlers.o)
    0x08008db8   0x00000002   Code   RO         6365    i.__scatterload_null  mc_w.l(handlers.o)
    0x08008dba   0x0000000e   Code   RO         6366    i.__scatterload_zeroinit  mc_w.l(handlers.o)
    0x08008dc8   0x00000014   Code   RO         1678    i.__sti___11_Receive_cpp_88bc3a46  receive.o
    0x08008ddc   0x00000018   Code   RO          928    i.__sti___12_HotPoint_cpp_hotpoint  hotpoint.o
    0x08008df4   0x0000005c   Code   RO            4    i.__sti___8_main_cpp_driver  main.o
    0x08008e50   0x00000184   Code   RO         6076    i._fp_digits        mc_w.l(printfa.o)
    0x08008fd4   0x000006dc   Code   RO         6077    i._printf_core      mc_w.l(printfa.o)
    0x080096b0   0x00000024   Code   RO         6078    i._printf_post_padding  mc_w.l(printfa.o)
    0x080096d4   0x0000002e   Code   RO         6079    i._printf_pre_padding  mc_w.l(printfa.o)
    0x08009702   0x0000000a   Code   RO         6081    i._sputc            mc_w.l(printfa.o)
    0x0800970c   0x00000018   Code   RO         5433    i.delay             system_xmc4700.o
    0x08009724   0x00000022   Code   RO         4086    i.fifo_init         fifo.o
    0x08009746   0x0000002c   Code   RO         4087    i.fifo_read_ch      fifo.o
    0x08009772   0x00000022   Code   RO         4088    i.fifo_used         fifo.o
    0x08009794   0x0000002c   Code   RO         4089    i.fifo_write_ch     fifo.o
    0x080097c0   0x00000018   Code   RO         1829    i.fputc             cppforxmc4700.o
    0x080097d8   0x00000144   Code   RO            5    i.main              main.o
    0x0800991c   0x0000006c   Code   RO         6241    i.malloc            mc_w.l(malloc.o)
    0x08009988   0x00000100   Data   RO         1693    .constdata          receive.o
    0x08009a88   0x00000008   Data   RO         2063    .constdata          timer.o
    0x08009a90   0x00000083   Data   RO         2293    .constdata          dji_api.o
    0x08009b13   0x00000016   Data   RO         2510    .constdata          dji_app.o
    0x08009b29   0x00000222   Data   RO         2763    .constdata          dji_codec.o
    0x08009d4b   0x0000002c   Data   RO         3066    .constdata          dji_flight.o
    0x08009d77   0x0000001b   Data   RO         3415    .constdata          dji_hotpoint.o
    0x08009d92   0x00000038   Data   RO         3587    .constdata          dji_link.o
    0x08009dca   0x00000002   PAD
    0x08009dcc   0x0000002a   Data   RO         3708    .constdata          dji_memory.o
    0x08009df6   0x00000024   Data   RO         3773    .constdata          dji_mission.o
    0x08009e1a   0x00000002   PAD
    0x08009e1c   0x00000804   Data   RO         5628    .constdata          arm_cortexM4lf_math.lib(arm_common_tables.o)
    0x0800a620   0x00000040   Data   RO         6356    .constdata          mc_w.l(ctype_c.o)
    0x0800a660   0x00000060   Data   RO          686    .constdata__ZTV8XMC_4700  driver.o
    0x0800a6c0   0x00000060   Data   RO         3318    .constdata__ZTVN3DJI10onboardSDK10HardDriverE  dji_harddriver.o
    0x0800a720   0x000000ae   Data   RO            9    .conststring        main.o
    0x0800a7ce   0x00000002   PAD
    0x0800a7d0   0x00000107   Data   RO         2294    .conststring        dji_api.o
    0x0800a8d7   0x00000001   PAD
    0x0800a8d8   0x0000005f   Data   RO         2764    .conststring        dji_codec.o
    0x0800a937   0x00000001   PAD
    0x0800a938   0x00000043   Data   RO         3067    .conststring        dji_flight.o
    0x0800a97b   0x00000001   PAD
    0x0800a97c   0x00000673   Data   RO         3774    .conststring        dji_mission.o
    0x0800afef   0x00000001   PAD
    0x0800aff0   0x00000020   Data   RO         6362    Region$$Table       anon$$obj.o
    0x0800b010   0x00000004   Data   RO           11    .init_array         main.o
    0x0800b014   0x00000004   Data   RO          933    .init_array         hotpoint.o
    0x0800b018   0x00000004   Data   RO         1695    .init_array         receive.o
    0x0800b01c   0x00000000   Data   RO         6102    .init_array         mc_w.l(cpp_init.o)


    Execution Region RW_IRAM2 (Base: 0x1ffe8000, Size: 0x00000000, Max: 0x00018000, ABSOLUTE)

    **** No section assigned to this execution region ****


    Execution Region RW_IRAM1 (Base: 0x20000000, Size: 0x000065b0, Max: 0x0003ffc0, ABSOLUTE, COMPRESSED[0x000007c8])

    Base Addr    Size         Type   Attr      Idx    E Section Name        Object

    0x20000000   0x00000050   Data   RW           10    .data               main.o
    0x20000050   0x00000041   Data   RW          871    .data               activate.o
    0x20000091   0x00000010   Data   RW         1007    .data               localnavigation.o
    0x200000a1   0x00000001   Data   RW         1694    .data               receive.o
    0x200000a2   0x00000040   Data   RW         1797    .data               virtualrc.o
    0x200000e2   0x00000002   PAD
    0x200000e4   0x00000020   Data   RW         1919    .data               bspusart.o
    0x20000104   0x00000004   Data   RW         2064    .data               timer.o
    0x20000108   0x00000001   Data   RW         2295    .data               dji_api.o
    0x20000109   0x00000003   PAD
    0x2000010c   0x00000008   Data   RW         2511    .data               dji_app.o
    0x20000114   0x00000600   Data   RW         2765    .data               dji_codec.o
    0x20000714   0x0000000c   Data   RW         3588    .data               dji_link.o
    0x20000720   0x000001e0   Data   RW         3775    .data               dji_mission.o
    0x20000900   0x00000004   Data   RW         6231    .data               mc_w.l(stdout.o)
    0x20000904   0x0000000c   Data   RW         6283    .data               mc_w.l(cpp_memory.o)
    0x20000910   0x00000004   Data   RW         6332    .data               mc_w.l(mvars.o)
    0x20000914   0x00000004   Data   RW         6333    .data               mc_w.l(mvars.o)
    0x20000918   0x00001570   Zero   RW            8    .bss                main.o
    0x20001e88   0x00000083   Zero   RW          932    .bss                hotpoint.o
    0x20001f0b   0x00000001   PAD
    0x20001f0c   0x00000040   Zero   RW         1006    .bss                localnavigation.o
    0x20001f4c   0x00000004   PAD
    0x20001f50   0x00000a30   Zero   RW         1692    .bss                receive.o
    0x20002980   0x00000030   Zero   RW         1918    .bss                bspusart.o
    0x200029b0   0x00000400   Zero   RW         3308    .bss                dji_harddriver.o
    0x20002db0   0x00002000   Zero   RW         5419    HEAP                startup_xmc4700.o
    0x20004db0   0x00001800   Zero   RW         5418    STACK               startup_xmc4700.o



  Load Region LR$$.ARM.__AT_0x2003FFC0 (Base: 0x2003ffc0, Size: 0x00000000, Max: 0x00000004, ABSOLUTE)

    Execution Region ER$$.ARM.__AT_0x2003FFC0 (Base: 0x2003ffc0, Size: 0x00000004, Max: 0x00000004, ABSOLUTE, UNINIT)

    Base Addr    Size         Type   Attr      Idx    E Section Name        Object

    0x2003ffc0   0x00000004   Zero   RW         5434    .ARM.__AT_0x2003FFC0  system_xmc4700.o



  Load Region LR$$.ARM.__AT_0x2003FFC4 (Base: 0x2003ffc4, Size: 0x00000000, Max: 0x00000010, ABSOLUTE)

    Execution Region ER$$.ARM.__AT_0x2003FFC4 (Base: 0x2003ffc4, Size: 0x00000010, Max: 0x00000010, ABSOLUTE, UNINIT)

    Base Addr    Size         Type   Attr      Idx    E Section Name        Object

    0x2003ffc4   0x00000010   Zero   RW         5435    .ARM.__AT_0x2003FFC4  system_xmc4700.o


==============================================================================

Image component sizes


      Code (inc. data)   RO Data    RW Data    ZI Data      Debug   Object Name

        52         18          0         65          0      30064   activate.o
        20          0          0          0          0        518   bsp.o
       496         68          0         32         48      76519   bspusart.o
        24          4          0          0          0       1828   cppforxmc4700.o
      8276       1866        394          1          0      42568   dji_api.o
      2268        422         22          8          0      31200   dji_app.o
      3626        508        641       1536          0      52959   dji_codec.o
      2116        566        111          0          0       6044   dji_flight.o
         0          0          0          0          0      21604   dji_follow.o
        36          8         96          0       1024       3384   dji_harddriver.o
       988        240         27          0          0      29032   dji_hotpoint.o
      4622        590         56         12          0      11809   dji_link.o
      1962        224         42          0          0       7917   dji_memory.o
       560        226       1687        480          0       3224   dji_mission.o
       222         10          0          0          0       2636   dji_virtualrc.o
        92         12         96          0          0     530769   driver.o
       156          0          0          0          0     506543   fifo.o
       256         28          4          0        131      28913   hotpoint.o
       976        132          0         16         64      49414   localnavigation.o
       416        136        178         80       5488     552273   main.o
       600          4          0          0          0      38944   mobilecommand.o
      2088        248        260          1       2608      34798   receive.o
        28         14        512          0      14336        528   startup_xmc4700.o
       848        106          0          0         20       7942   system_xmc4700.o
       598         78          8          4          0      75187   timer.o
        96         20          0         64          0      23224   virtualrc.o
       176         10          0          0          0       7264   xmc4_gpio.o
        88         24          0          0          0      17234   xmc4_scu.o
       344         22          0          0          0      17953   xmc_ccu4.o
       186          0          0          0          0      18724   xmc_uart.o
       376         48          0          0          0      15315   xmc_usic.o

    ----------------------------------------------------------------------
     32624       5632       4176       2304      23724    2246331   Object Totals
         0          0         32          0          0          0   (incl. Generated)
        32          0         10          5          5          0   (incl. Padding)

    ----------------------------------------------------------------------

      Code (inc. data)   RO Data    RW Data    ZI Data      Debug   Library Member Name

         0          0       2052          0          0       4636   arm_common_tables.o
       120         12          0          0          0      17018   arm_cos_f32.o
       132         14          0          0          0        750   arm_sin_f32.o
        80         12          0          0          0        104   arm_exceptions_globs.o
        60          0          0          0          0        108   arm_exceptions_mem.o
        26          0          0          0          0         76   arm_exceptions_terminate.o
         4          0          0          0          0         68   arm_newhandler_noexceptions.o
        40          6          0          0          0         76   new.o
         6          0          0          0          0         68   pure_virt.o
        56          8          0          0          0         84   __0sscanf.o
        86          0          0          0          0          0   __dczerorl2.o
        28          0          0          0          0         68   _chval.o
       812          4          0          0          0        112   _scanf.o
       332          0          0          0          0         96   _scanf_int.o
        64          0          0          0          0         84   _sgetc.o
        32         10          0          0          0         80   cpp_init.o
        20          4          0         12          0        136   cpp_memory.o
         2          0          0          0          0         68   cpp_signal.o
        40          6         64          0          0         68   ctype_c.o
         0          0          0          0          0          0   entry.o
         0          0          0          0          0          0   entry10a.o
         0          0          0          0          0          0   entry11a.o
         8          4          0          0          0          0   entry2.o
         4          0          0          0          0          0   entry5.o
         0          0          0          0          0          0   entry7b.o
         4          0          0          0          0          0   entry8a.o
         0          0          0          0          0          0   entry8b.o
         8          4          0          0          0          0   entry9a.o
        30          0          0          0          0          0   handlers.o
        36          8          0          0          0         68   init.o
        10          0          0          0          0         68   isspace_c.o
         0          0          0          0          0          0   iusefp.o
        30          0          0          0          0         68   llshl.o
        36          0          0          0          0         68   llsshr.o
        32          0          0          0          0         68   llushr.o
       108         16          0          0          0         84   malloc.o
        64          0          0          0          0         76   memmovea.o
        36          0          0          0          0        108   memseta.o
         0          0          0          8          0          0   mvars.o
      2308         96          0          0          0        604   printfa.o
        40          8          0          0          0         84   scanf_char.o
         0          0          0          4          0          0   stdout.o
        28          0          0          0          0         76   strcmp.o
        44          0          0          0          0         80   uidiv.o
        98          0          0          0          0         92   uldiv.o
        48          0          0          0          0         68   cdrcmple.o
        56          0          0          0          0         88   d2f.o
       334          0          0          0          0        148   dadd.o
       222          0          0          0          0        100   ddiv.o
       186          0          0          0          0        176   depilogue.o
        48          0          0          0          0         68   dfixul.o
        26          0          0          0          0         76   dfltui.o
       228          0          0          0          0         96   dmul.o
        38          0          0          0          0         68   f2d.o
       110          0          0          0          0        168   fepilogue.o

    ----------------------------------------------------------------------
      6168        212       2116         24          0      26300   Library Totals
         8          0          0          0          0          0   (incl. Padding)

    ----------------------------------------------------------------------

      Code (inc. data)   RO Data    RW Data    ZI Data      Debug   Library Name

       252         26       2052          0          0      22404   arm_cortexM4lf_math.lib
       216         18          0          0          0        500   cpprt_w.l
      4396        168         64         24          0       2340   mc_w.l
      1296          0          0          0          0       1056   mf_w.l

    ----------------------------------------------------------------------
      6168        212       2116         24          0      26300   Library Totals

    ----------------------------------------------------------------------

==============================================================================


      Code (inc. data)   RO Data    RW Data    ZI Data      Debug   

     38792       5844       6292       2328      23724    2251383   Grand Totals
     38792       5844       6292       1992      23724    2251383   ELF Image Totals (compressed)
     38792       5844       6292       1992          0          0   ROM Totals

==============================================================================

    Total RO  Size (Code + RO Data)                45084 (  44.03kB)
    Total RW  Size (RW Data + ZI Data)             26052 (  25.44kB)
    Total ROM Size (Code + RO Data + RW Data)      47076 (  45.97kB)

==============================================================================

